Archive member included to satisfy reference by file (symbol)

c:/rppico~1/armcc/102021~1.10/bin/../lib/gcc/arm-none-eabi/10.3.1/thumb/v6-m/nofp\libgcc.a(_dvmd_tls.o)
                              CMakeFiles/myblinkkey.dir/C_/RPPicoSDK/sdk/pico/pico-sdk/src/rp2_common/pico_divider/divider.S.obj (__aeabi_idiv0)
c:/rppico~1/armcc/102021~1.10/bin/../lib/gcc/arm-none-eabi/10.3.1/../../../../arm-none-eabi/lib/thumb/v6-m/nofp\libc.a(lib_a-atof.o)
                              CMakeFiles/myblinkkey.dir/src/gps.c.obj (atof)
c:/rppico~1/armcc/102021~1.10/bin/../lib/gcc/arm-none-eabi/10.3.1/../../../../arm-none-eabi/lib/thumb/v6-m/nofp\libc.a(lib_a-atoi.o)
                              CMakeFiles/myblinkkey.dir/src/gps.c.obj (atoi)
c:/rppico~1/armcc/102021~1.10/bin/../lib/gcc/arm-none-eabi/10.3.1/../../../../arm-none-eabi/lib/thumb/v6-m/nofp\libc.a(lib_a-calloc.o)
                              CMakeFiles/myblinkkey.dir/C_/RPPicoSDK/sdk/pico/pico-sdk/src/rp2_common/pico_malloc/pico_malloc.c.obj (calloc)
c:/rppico~1/armcc/102021~1.10/bin/../lib/gcc/arm-none-eabi/10.3.1/../../../../arm-none-eabi/lib/thumb/v6-m/nofp\libc.a(lib_a-callocr.o)
                              c:/rppico~1/armcc/102021~1.10/bin/../lib/gcc/arm-none-eabi/10.3.1/../../../../arm-none-eabi/lib/thumb/v6-m/nofp\libc.a(lib_a-calloc.o) (_calloc_r)
c:/rppico~1/armcc/102021~1.10/bin/../lib/gcc/arm-none-eabi/10.3.1/../../../../arm-none-eabi/lib/thumb/v6-m/nofp\libc.a(lib_a-errno.o)
                              c:/rppico~1/armcc/102021~1.10/bin/../lib/gcc/arm-none-eabi/10.3.1/../../../../arm-none-eabi/lib/thumb/v6-m/nofp\libc.a(lib_a-callocr.o) (__errno)
c:/rppico~1/armcc/102021~1.10/bin/../lib/gcc/arm-none-eabi/10.3.1/../../../../arm-none-eabi/lib/thumb/v6-m/nofp\libc.a(lib_a-impure.o)
                              c:/rppico~1/armcc/102021~1.10/bin/../lib/gcc/arm-none-eabi/10.3.1/../../../../arm-none-eabi/lib/thumb/v6-m/nofp\libc.a(lib_a-calloc.o) (_impure_ptr)
c:/rppico~1/armcc/102021~1.10/bin/../lib/gcc/arm-none-eabi/10.3.1/../../../../arm-none-eabi/lib/thumb/v6-m/nofp\libc.a(lib_a-init.o)
                              c:/rppico~1/armcc/102021~1.10/bin/../lib/gcc/arm-none-eabi/10.3.1/../../../../arm-none-eabi/lib/thumb/v6-m/nofp/crt0.o (__libc_init_array)
c:/rppico~1/armcc/102021~1.10/bin/../lib/gcc/arm-none-eabi/10.3.1/../../../../arm-none-eabi/lib/thumb/v6-m/nofp\libc.a(lib_a-malloc.o)
                              CMakeFiles/myblinkkey.dir/C_/RPPicoSDK/sdk/pico/pico-sdk/src/rp2_common/pico_malloc/pico_malloc.c.obj (malloc)
c:/rppico~1/armcc/102021~1.10/bin/../lib/gcc/arm-none-eabi/10.3.1/../../../../arm-none-eabi/lib/thumb/v6-m/nofp\libc.a(lib_a-mallocr.o)
                              c:/rppico~1/armcc/102021~1.10/bin/../lib/gcc/arm-none-eabi/10.3.1/../../../../arm-none-eabi/lib/thumb/v6-m/nofp\libc.a(lib_a-callocr.o) (_malloc_r)
c:/rppico~1/armcc/102021~1.10/bin/../lib/gcc/arm-none-eabi/10.3.1/../../../../arm-none-eabi/lib/thumb/v6-m/nofp\libc.a(lib_a-mlock.o)
                              c:/rppico~1/armcc/102021~1.10/bin/../lib/gcc/arm-none-eabi/10.3.1/../../../../arm-none-eabi/lib/thumb/v6-m/nofp\libc.a(lib_a-mallocr.o) (__malloc_lock)
c:/rppico~1/armcc/102021~1.10/bin/../lib/gcc/arm-none-eabi/10.3.1/../../../../arm-none-eabi/lib/thumb/v6-m/nofp\libc.a(lib_a-sbrkr.o)
                              c:/rppico~1/armcc/102021~1.10/bin/../lib/gcc/arm-none-eabi/10.3.1/../../../../arm-none-eabi/lib/thumb/v6-m/nofp\libc.a(lib_a-mallocr.o) (_sbrk_r)
c:/rppico~1/armcc/102021~1.10/bin/../lib/gcc/arm-none-eabi/10.3.1/../../../../arm-none-eabi/lib/thumb/v6-m/nofp\libc.a(lib_a-strlen-stub.o)
                              CMakeFiles/myblinkkey.dir/src/lcd.c.obj (strlen)
c:/rppico~1/armcc/102021~1.10/bin/../lib/gcc/arm-none-eabi/10.3.1/../../../../arm-none-eabi/lib/thumb/v6-m/nofp\libc.a(lib_a-strtod.o)
                              c:/rppico~1/armcc/102021~1.10/bin/../lib/gcc/arm-none-eabi/10.3.1/../../../../arm-none-eabi/lib/thumb/v6-m/nofp\libc.a(lib_a-atof.o) (strtod)
c:/rppico~1/armcc/102021~1.10/bin/../lib/gcc/arm-none-eabi/10.3.1/../../../../arm-none-eabi/lib/thumb/v6-m/nofp\libc.a(lib_a-strtol.o)
                              c:/rppico~1/armcc/102021~1.10/bin/../lib/gcc/arm-none-eabi/10.3.1/../../../../arm-none-eabi/lib/thumb/v6-m/nofp\libc.a(lib_a-atoi.o) (_strtol_r)
c:/rppico~1/armcc/102021~1.10/bin/../lib/gcc/arm-none-eabi/10.3.1/../../../../arm-none-eabi/lib/thumb/v6-m/nofp\libc.a(lib_a-ctype_.o)
                              c:/rppico~1/armcc/102021~1.10/bin/../lib/gcc/arm-none-eabi/10.3.1/../../../../arm-none-eabi/lib/thumb/v6-m/nofp\libc.a(lib_a-strtol.o) (_ctype_)
c:/rppico~1/armcc/102021~1.10/bin/../lib/gcc/arm-none-eabi/10.3.1/../../../../arm-none-eabi/lib/thumb/v6-m/nofp\libc.a(lib_a-freer.o)
                              c:/rppico~1/armcc/102021~1.10/bin/../lib/gcc/arm-none-eabi/10.3.1/../../../../arm-none-eabi/lib/thumb/v6-m/nofp\libc.a(lib_a-malloc.o) (_free_r)
[...]
Memory Configuration

Name             Origin             Length             Attributes
FLASH            0x10000000         0x00200000         xr
RAM              0x20000000         0x00040000         xrw
SCRATCH_X        0x20040000         0x00001000         xrw
SCRATCH_Y        0x20041000         0x00001000         xrw
*default*        0x00000000         0xffffffff

Linker script and memory map

LOAD c:/rppico~1/armcc/102021~1.10/bin/../lib/gcc/arm-none-eabi/10.3.1/thumb/v6-m/nofp/crti.o
LOAD c:/rppico~1/armcc/102021~1.10/bin/../lib/gcc/arm-none-eabi/10.3.1/thumb/v6-m/nofp/crtbegin.o
LOAD c:/rppico~1/armcc/102021~1.10/bin/../lib/gcc/arm-none-eabi/10.3.1/../../../../arm-none-eabi/lib/thumb/v6-m/nofp/crt0.o

.flash_begin    0x10000000        0x0
                0x10000000                __flash_binary_start = .

.boot2          0x10000000      0x100
                0x10000000                __boot2_start__ = .
 *(.boot2)
 .boot2         0x10000000      0x100 C:\Users\Maycol\AppData\Local\Temp\ccqzaocj.o
                0x10000100                __boot2_end__ = .
                0x00000001                ASSERT (((__boot2_end__ - __boot2_start__) == 0x100), ERROR: Pico second stage bootloader must be 256 bytes in size)

.text           0x10000100     0xb490
                0x10000100                __logical_binary_start = .
 *(.vectors)
 .vectors       0x10000100       0xd4 CMakeFiles/myblinkkey.dir/C_/RPPicoSDK/sdk/pico/pico-sdk/src/rp2_common/pico_standard_link/crt0.S.obj
                0x10000100                __VECTOR_TABLE
                0x10000100                __vectors
                0x100001c0                isr_invalid
                0x100001c0                __default_isrs_start
                0x100001c2                isr_nmi
                0x100001c4                isr_hardfault
                0x100001c6                isr_svcall
                0x100001c8                isr_pendsv
                0x100001ca                isr_systick
                0x100001cc                isr_irq23
                0x100001cc                isr_irq18
                0x100001cc                isr_irq11
                0x100001cc                isr_irq28
                0x100001cc                isr_irq19
                0x100001cc                isr_irq0
                0x100001cc                isr_irq6
                0x100001cc                isr_irq5
                0x100001cc                isr_irq12
                0x100001cc                isr_irq22
                0x100001cc                isr_irq31
                0x100001cc                isr_irq17
                0x100001cc                isr_irq27
                0x100001cc                isr_irq30
                0x100001cc                isr_irq2
                0x100001cc                isr_irq10
                0x100001cc                isr_irq8
                0x100001cc                isr_irq24
                0x100001cc                isr_irq1
                0x100001cc                isr_irq7
                0x100001cc                isr_irq21
                0x100001cc                isr_irq20
                0x100001cc                isr_irq15
                0x100001cc                isr_irq25
                0x100001cc                isr_irq13
                0x100001cc                __unhandled_user_irq
                0x100001cc                isr_irq4
                0x100001cc                isr_irq16
                0x100001cc                isr_irq29
                0x100001cc                isr_irq26
                0x100001cc                __default_isrs_end
                0x100001cc                isr_irq3
                0x100001cc                isr_irq14
                0x100001cc                isr_irq9
                0x100001d2                unhandled_user_irq_num_in_r0
 *(.binary_info_header)
 .binary_info_header
                0x100001d4       0x14 CMakeFiles/myblinkkey.dir/C_/RPPicoSDK/sdk/pico/pico-sdk/src/rp2_common/pico_standard_link/crt0.S.obj
                0x100001e8                __binary_info_header_end = .
 *(.reset)
 .reset         0x100001e8       0xa8 CMakeFiles/myblinkkey.dir/C_/RPPicoSDK/sdk/pico/pico-sdk/src/rp2_common/pico_standard_link/crt0.S.obj
                0x100001e8                _entry_point
                0x10000266                __get_current_exception
 .reset         0x10000290       0x30 CMakeFiles/myblinkkey.dir/C_/RPPicoSDK/sdk/pico/pico-sdk/src/rp2_common/pico_standard_link/binary_info.c.obj
 *(.init)
 .init          0x100002c0        0x4 c:/rppico~1/armcc/102021~1.10/bin/../lib/gcc/arm-none-eabi/10.3.1/thumb/v6-m/nofp/crti.o
                0x100002c0                _init
 *(EXCLUDE_FILE(*libm.a: *libc.a:*lib_a-mem*.o *libgcc.a:) .text*)
 .text          0x100002c4       0x48 c:/rppico~1/armcc/102021~1.10/bin/../lib/gcc/arm-none-eabi/10.3.1/thumb/v6-m/nofp/crtbegin.o
 .text.startup.main
                0x1000030c        0xc CMakeFiles/myblinkkey.dir/src/main.c.obj
                0x1000030c                main
 .text.gpio_callback
                0x10000318       0x14 CMakeFiles/myblinkkey.dir/src/KeyMatrix.c.obj
                0x10000318                gpio_callback
 .text.keyMatrixInit
                0x1000032c       0x74 CMakeFiles/myblinkkey.dir/src/KeyMatrix.c.obj
                0x1000032c                keyMatrixInit
 .text.keyMatrixRead
                0x100003a0      0x164 CMakeFiles/myblinkkey.dir/src/KeyMatrix.c.obj
                0x100003a0                keyMatrixRead
 .text.timer_callback
                0x10000504       0x10 CMakeFiles/myblinkkey.dir/src/timer.c.obj
                0x10000504                timer_callback
 .text.TimerInit
                0x10000514       0x58 CMakeFiles/myblinkkey.dir/src/timer.c.obj
                0x10000514                TimerInit
 .text.CmdWrite8
                0x1000056c      0x170 CMakeFiles/myblinkkey.dir/src/lcd.c.obj
                0x1000056c                CmdWrite8
 .text.DataWrite
                0x100006dc      0x170 CMakeFiles/myblinkkey.dir/src/lcd.c.obj
                0x100006dc                DataWrite
 .text.LCDInit  0x1000084c      0x318 CMakeFiles/myblinkkey.dir/src/lcd.c.obj
                0x1000084c                LCDInit
 .text.Clear    0x10000b64       0xbc CMakeFiles/myblinkkey.dir/src/lcd.c.obj
                0x10000b64                Clear
 .text.returnHome
                0x10000c20       0xbc CMakeFiles/myblinkkey.dir/src/lcd.c.obj
                0x10000c20                returnHome
 .text.setCursor
                0x10000cdc       0x24 CMakeFiles/myblinkkey.dir/src/lcd.c.obj
                0x10000cdc                setCursor
 .text.WriteMessage
                0x10000d00       0x1c CMakeFiles/myblinkkey.dir/src/lcd.c.obj
                0x10000d00                WriteMessage
 .text.i2cInit  0x10000d1c       0x38 CMakeFiles/myblinkkey.dir/src/eeprom.c.obj
                0x10000d1c                i2cInit
 .text.EEPROM_WriteByte
                0x10000d54       0x34 CMakeFiles/myblinkkey.dir/src/eeprom.c.obj
                0x10000d54                EEPROM_WriteByte
 .text.EEPROM_ReadByte
                0x10000d88       0x60 CMakeFiles/myblinkkey.dir/src/eeprom.c.obj
                0x10000d88                EEPROM_ReadByte
 .text.EEPROM_ReadNByte
                0x10000de8       0x60 CMakeFiles/myblinkkey.dir/src/eeprom.c.obj
                0x10000de8                EEPROM_ReadNByte
 .text.on_uart_rx
                0x10000e48       0x30 CMakeFiles/myblinkkey.dir/src/gps.c.obj
                0x10000e48                on_uart_rx
 .text.uartInit
                0x10000e78       0x58 CMakeFiles/myblinkkey.dir/src/gps.c.obj
                0x10000e78                uartInit
 .text.LatLonGet
                0x10000ed0      0x294 CMakeFiles/myblinkkey.dir/src/gps.c.obj
                0x10000ed0                LatLonGet
 .text.IEEE2Float
                0x10001164       0x14 CMakeFiles/myblinkkey.dir/src/gps.c.obj
                0x10001164                IEEE2Float
 .text.EventAllInit
                0x10001178       0x44 CMakeFiles/myblinkkey.dir/src/events.c.obj
                0x10001178                EventAllInit
 .text.FormatPoint
                0x100011bc      0x164 CMakeFiles/myblinkkey.dir/src/events.c.obj
                0x100011bc                FormatPoint
 .text.process_Events
                0x10001320      0x144 CMakeFiles/myblinkkey.dir/src/events.c.obj
                0x10001320                process_Events
 .text.gpio_irq_handler
                0x10001464       0x7c CMakeFiles/myblinkkey.dir/C_/RPPicoSDK/sdk/pico/pico-sdk/src/rp2_common/hardware_gpio/gpio.c.obj
 .text.gpio_set_function
                0x100014e0       0x30 CMakeFiles/myblinkkey.dir/C_/RPPicoSDK/sdk/pico/pico-sdk/src/rp2_common/hardware_gpio/gpio.c.obj
                0x100014e0                gpio_set_function
 .text.gpio_set_pulls
                0x10001510       0x30 CMakeFiles/myblinkkey.dir/C_/RPPicoSDK/sdk/pico/pico-sdk/src/rp2_common/hardware_gpio/gpio.c.obj
                0x10001510                gpio_set_pulls
 .text.gpio_set_irq_enabled_with_callback
                0x10001540       0x78 CMakeFiles/myblinkkey.dir/C_/RPPicoSDK/sdk/pico/pico-sdk/src/rp2_common/hardware_gpio/gpio.c.obj
                0x10001540                gpio_set_irq_enabled_with_callback
 .text.gpio_init
                0x100015b8       0x3c CMakeFiles/myblinkkey.dir/C_/RPPicoSDK/sdk/pico/pico-sdk/src/rp2_common/hardware_gpio/gpio.c.obj
                0x100015b8                gpio_init
 .text.hw_claim_or_assert
                0x100015f4       0x44 CMakeFiles/myblinkkey.dir/C_/RPPicoSDK/sdk/pico/pico-sdk/src/rp2_common/hardware_claim/claim.c.obj
                0x100015f4                hw_claim_or_assert
 .text.hw_claim_unused_from_range
                0x10001638       0x9c CMakeFiles/myblinkkey.dir/C_/RPPicoSDK/sdk/pico/pico-sdk/src/rp2_common/hardware_claim/claim.c.obj
                0x10001638                hw_claim_unused_from_range
 .text.running_on_fpga
                0x100016d4       0x10 CMakeFiles/myblinkkey.dir/C_/RPPicoSDK/sdk/pico/pico-sdk/src/rp2_common/pico_platform/platform.c.obj
                0x100016d4                running_on_fpga
 .text.spin_locks_reset
                0x100016e4       0x1c CMakeFiles/myblinkkey.dir/C_/RPPicoSDK/sdk/pico/pico-sdk/src/rp2_common/hardware_sync/sync.c.obj
                0x100016e4                spin_locks_reset
 .text.next_striped_spin_lock_num
                0x10001700       0x18 CMakeFiles/myblinkkey.dir/C_/RPPicoSDK/sdk/pico/pico-sdk/src/rp2_common/hardware_sync/sync.c.obj
                0x10001700                next_striped_spin_lock_num
 .text.spin_lock_claim_unused
                0x10001718       0x20 CMakeFiles/myblinkkey.dir/C_/RPPicoSDK/sdk/pico/pico-sdk/src/rp2_common/hardware_sync/sync.c.obj
                0x10001718                spin_lock_claim_unused
 .text.uart_init
                0x10001738       0xe0 CMakeFiles/myblinkkey.dir/C_/RPPicoSDK/sdk/pico/pico-sdk/src/rp2_common/hardware_uart/uart.c.obj
                0x10001738                uart_init
 .text.timer_pool_entry_comparator
                0x10001818       0x34 CMakeFiles/myblinkkey.dir/C_/RPPicoSDK/sdk/pico/pico-sdk/src/common/pico_time/time.c.obj
                0x10001818                timer_pool_entry_comparator
 .text.repeating_timer_callback
                0x1000184c       0x1c CMakeFiles/myblinkkey.dir/C_/RPPicoSDK/sdk/pico/pico-sdk/src/common/pico_time/time.c.obj
 .text.sleep_until_callback
                0x10001868       0x30 CMakeFiles/myblinkkey.dir/C_/RPPicoSDK/sdk/pico/pico-sdk/src/common/pico_time/time.c.obj
 .text.add_alarm_under_lock.isra.0
                0x10001898      0x100 CMakeFiles/myblinkkey.dir/C_/RPPicoSDK/sdk/pico/pico-sdk/src/common/pico_time/time.c.obj
 .text.alarm_pool_alarm_callback
                0x10001998      0x1c8 CMakeFiles/myblinkkey.dir/C_/RPPicoSDK/sdk/pico/pico-sdk/src/common/pico_time/time.c.obj
 .text.alarm_pool_add_alarm_at.constprop.0
                0x10001b60      0x11c CMakeFiles/myblinkkey.dir/C_/RPPicoSDK/sdk/pico/pico-sdk/src/common/pico_time/time.c.obj
 .text.alarm_pool_init_default
                0x10001c7c       0x64 CMakeFiles/myblinkkey.dir/C_/RPPicoSDK/sdk/pico/pico-sdk/src/common/pico_time/time.c.obj
                0x10001c7c                alarm_pool_init_default
 .text.alarm_pool_get_default
                0x10001ce0        0x8 CMakeFiles/myblinkkey.dir/C_/RPPicoSDK/sdk/pico/pico-sdk/src/common/pico_time/time.c.obj
                0x10001ce0                alarm_pool_get_default
 .text.alarm_pool_add_alarm_at
                0x10001ce8      0x194 CMakeFiles/myblinkkey.dir/C_/RPPicoSDK/sdk/pico/pico-sdk/src/common/pico_time/time.c.obj
                0x10001ce8                alarm_pool_add_alarm_at
 .text.alarm_pool_add_repeating_timer_us
                0x10001e7c      0x22c CMakeFiles/myblinkkey.dir/C_/RPPicoSDK/sdk/pico/pico-sdk/src/common/pico_time/time.c.obj
                0x10001e7c                alarm_pool_add_repeating_timer_us
 .text.sleep_until
                0x100020a8       0xac CMakeFiles/myblinkkey.dir/C_/RPPicoSDK/sdk/pico/pico-sdk/src/common/pico_time/time.c.obj
                0x100020a8                sleep_until
 .text.sleep_us
                0x10002154       0x30 CMakeFiles/myblinkkey.dir/C_/RPPicoSDK/sdk/pico/pico-sdk/src/common/pico_time/time.c.obj
                0x10002154                sleep_us
 .text.sleep_ms
                0x10002184       0x38 CMakeFiles/myblinkkey.dir/C_/RPPicoSDK/sdk/pico/pico-sdk/src/common/pico_time/time.c.obj
                0x10002184                sleep_ms
 .text.best_effort_wfe_or_timeout
                0x100021bc       0xd4 CMakeFiles/myblinkkey.dir/C_/RPPicoSDK/sdk/pico/pico-sdk/src/common/pico_time/time.c.obj
                0x100021bc                best_effort_wfe_or_timeout
 .text.hardware_alarm_irq_handler
                0x10002290       0xb8 CMakeFiles/myblinkkey.dir/C_/RPPicoSDK/sdk/pico/pico-sdk/src/rp2_common/hardware_timer/timer.c.obj
 .text.hardware_alarm_claim
                0x10002348       0x18 CMakeFiles/myblinkkey.dir/C_/RPPicoSDK/sdk/pico/pico-sdk/src/rp2_common/hardware_timer/timer.c.obj
                0x10002348                hardware_alarm_claim
 .text.time_us_64
                0x10002360       0x14 CMakeFiles/myblinkkey.dir/C_/RPPicoSDK/sdk/pico/pico-sdk/src/rp2_common/hardware_timer/timer.c.obj
                0x10002360                time_us_64
 .text.busy_wait_until
                0x10002374       0x20 CMakeFiles/myblinkkey.dir/C_/RPPicoSDK/sdk/pico/pico-sdk/src/rp2_common/hardware_timer/timer.c.obj
                0x10002374                busy_wait_until
 .text.hardware_alarm_set_callback
                0x10002394       0x8c CMakeFiles/myblinkkey.dir/C_/RPPicoSDK/sdk/pico/pico-sdk/src/rp2_common/hardware_timer/timer.c.obj
                0x10002394                hardware_alarm_set_callback
 .text.hardware_alarm_set_target
                0x10002420       0xe0 CMakeFiles/myblinkkey.dir/C_/RPPicoSDK/sdk/pico/pico-sdk/src/rp2_common/hardware_timer/timer.c.obj
                0x10002420                hardware_alarm_set_target
 .text.hardware_alarm_cancel
                0x10002500       0x3c CMakeFiles/myblinkkey.dir/C_/RPPicoSDK/sdk/pico/pico-sdk/src/rp2_common/hardware_timer/timer.c.obj
                0x10002500                hardware_alarm_cancel
 .text.lock_init
                0x1000253c       0x10 CMakeFiles/myblinkkey.dir/C_/RPPicoSDK/sdk/pico/pico-sdk/src/common/pico_sync/lock_core.c.obj
                0x1000253c                lock_init
 .text.mutex_init
                0x1000254c       0x1c CMakeFiles/myblinkkey.dir/C_/RPPicoSDK/sdk/pico/pico-sdk/src/common/pico_sync/mutex.c.obj
                0x1000254c                mutex_init
 .text.recursive_mutex_init
                0x10002568       0x1c CMakeFiles/myblinkkey.dir/C_/RPPicoSDK/sdk/pico/pico-sdk/src/common/pico_sync/mutex.c.obj
                0x10002568                recursive_mutex_init
 .text.critical_section_init
                0x10002584       0x20 CMakeFiles/myblinkkey.dir/C_/RPPicoSDK/sdk/pico/pico-sdk/src/common/pico_sync/critical_section.c.obj
                0x10002584                critical_section_init
 .text.ph_merge_nodes
                0x100025a4       0x68 CMakeFiles/myblinkkey.dir/C_/RPPicoSDK/sdk/pico/pico-sdk/src/common/pico_util/pheap.c.obj
 .text.ph_post_alloc_init
                0x1000260c       0x3c CMakeFiles/myblinkkey.dir/C_/RPPicoSDK/sdk/pico/pico-sdk/src/common/pico_util/pheap.c.obj
                0x1000260c                ph_post_alloc_init
 .text.ph_merge_two_pass
                0x10002648       0x90 CMakeFiles/myblinkkey.dir/C_/RPPicoSDK/sdk/pico/pico-sdk/src/common/pico_util/pheap.c.obj
                0x10002648                ph_merge_two_pass
 .text.ph_remove_any_head
                0x100026d8       0xf8 CMakeFiles/myblinkkey.dir/C_/RPPicoSDK/sdk/pico/pico-sdk/src/common/pico_util/pheap.c.obj
 .text.ph_remove_head
                0x100027d0       0xfc CMakeFiles/myblinkkey.dir/C_/RPPicoSDK/sdk/pico/pico-sdk/src/common/pico_util/pheap.c.obj
                0x100027d0                ph_remove_head
 .text.ph_remove_and_free_node
                0x100028cc       0x7c CMakeFiles/myblinkkey.dir/C_/RPPicoSDK/sdk/pico/pico-sdk/src/common/pico_util/pheap.c.obj
                0x100028cc                ph_remove_and_free_node
 .text.runtime_init
                0x10002948       0xf0 CMakeFiles/myblinkkey.dir/C_/RPPicoSDK/sdk/pico/pico-sdk/src/rp2_common/pico_runtime/runtime.c.obj
                0x10002948                runtime_init
 .text._sbrk    0x10002a38       0x34 CMakeFiles/myblinkkey.dir/C_/RPPicoSDK/sdk/pico/pico-sdk/src/rp2_common/pico_runtime/runtime.c.obj
                0x10002a38                _sbrk
 .text.exit     0x10002a6c        0x4 CMakeFiles/myblinkkey.dir/C_/RPPicoSDK/sdk/pico/pico-sdk/src/rp2_common/pico_runtime/runtime.c.obj
                0x10002a6c                exit
 .text.__assert_func
                0x10002a70       0x34 CMakeFiles/myblinkkey.dir/C_/RPPicoSDK/sdk/pico/pico-sdk/src/rp2_common/pico_runtime/runtime.c.obj
                0x10002a70                __assert_func
 .text.panic    0x10002aa4       0x30 CMakeFiles/myblinkkey.dir/C_/RPPicoSDK/sdk/pico/pico-sdk/src/rp2_common/pico_runtime/runtime.c.obj
                0x10002aa4                panic
 .text.hard_assertion_failure
                0x10002ad4        0xc CMakeFiles/myblinkkey.dir/C_/RPPicoSDK/sdk/pico/pico-sdk/src/rp2_common/pico_runtime/runtime.c.obj
                0x10002ad4                hard_assertion_failure
 .text.clocks_init
                0x10002ae0      0x2bc CMakeFiles/myblinkkey.dir/C_/RPPicoSDK/sdk/pico/pico-sdk/src/rp2_common/hardware_clocks/clocks.c.obj
                0x10002ae0                clocks_init
 .text.clock_get_hz
                0x10002d9c        0xc CMakeFiles/myblinkkey.dir/C_/RPPicoSDK/sdk/pico/pico-sdk/src/rp2_common/hardware_clocks/clocks.c.obj
                0x10002d9c                clock_get_hz
 .text.irq_set_enabled
                0x10002da8       0x24 CMakeFiles/myblinkkey.dir/C_/RPPicoSDK/sdk/pico/pico-sdk/src/rp2_common/hardware_irq/irq.c.obj
                0x10002da8                irq_set_enabled
 .text.irq_set_pending
                0x10002dcc       0x10 CMakeFiles/myblinkkey.dir/C_/RPPicoSDK/sdk/pico/pico-sdk/src/rp2_common/hardware_irq/irq.c.obj
                0x10002dcc                irq_set_pending
 .text.irq_get_vtable_handler
                0x10002ddc       0x10 CMakeFiles/myblinkkey.dir/C_/RPPicoSDK/sdk/pico/pico-sdk/src/rp2_common/hardware_irq/irq.c.obj
                0x10002ddc                irq_get_vtable_handler
 .text.irq_set_exclusive_handler
                0x10002dec       0x54 CMakeFiles/myblinkkey.dir/C_/RPPicoSDK/sdk/pico/pico-sdk/src/rp2_common/hardware_irq/irq.c.obj
                0x10002dec                irq_set_exclusive_handler
 .text.irq_remove_handler
                0x10002e40      0x1b4 CMakeFiles/myblinkkey.dir/C_/RPPicoSDK/sdk/pico/pico-sdk/src/rp2_common/hardware_irq/irq.c.obj
                0x10002e40                irq_remove_handler
 .text.irq_add_tail_to_free_list
                0x10002ff4       0xb4 CMakeFiles/myblinkkey.dir/C_/RPPicoSDK/sdk/pico/pico-sdk/src/rp2_common/hardware_irq/irq.c.obj
                0x10002ff4                irq_add_tail_to_free_list
 .text.irq_init_priorities
                0x100030a8       0x24 CMakeFiles/myblinkkey.dir/C_/RPPicoSDK/sdk/pico/pico-sdk/src/rp2_common/hardware_irq/irq.c.obj
                0x100030a8                irq_init_priorities
 .text.pll_init
                0x100030cc       0xa8 CMakeFiles/myblinkkey.dir/C_/RPPicoSDK/sdk/pico/pico-sdk/src/rp2_common/hardware_pll/pll.c.obj
                0x100030cc                pll_init
 .text.watchdog_start_tick
                0x10003174       0x10 CMakeFiles/myblinkkey.dir/C_/RPPicoSDK/sdk/pico/pico-sdk/src/rp2_common/hardware_watchdog/watchdog.c.obj
                0x10003174                watchdog_start_tick
 .text.watchdog_reboot
                0x10003184       0x98 CMakeFiles/myblinkkey.dir/C_/RPPicoSDK/sdk/pico/pico-sdk/src/rp2_common/hardware_watchdog/watchdog.c.obj
                0x10003184                watchdog_reboot
 .text.xosc_init
                0x1000321c       0x28 CMakeFiles/myblinkkey.dir/C_/RPPicoSDK/sdk/pico/pico-sdk/src/rp2_common/hardware_xosc/xosc.c.obj
                0x1000321c                xosc_init
 .text._out_null
                0x10003244        0x4 CMakeFiles/myblinkkey.dir/C_/RPPicoSDK/sdk/pico/pico-sdk/src/rp2_common/pico_printf/printf.c.obj
 .text._out_rev
                0x10003248       0x9c CMakeFiles/myblinkkey.dir/C_/RPPicoSDK/sdk/pico/pico-sdk/src/rp2_common/pico_printf/printf.c.obj
 .text._ntoa_format
                0x100032e4      0x1cc CMakeFiles/myblinkkey.dir/C_/RPPicoSDK/sdk/pico/pico-sdk/src/rp2_common/pico_printf/printf.c.obj
 .text._out_char
                0x100034b0       0x10 CMakeFiles/myblinkkey.dir/C_/RPPicoSDK/sdk/pico/pico-sdk/src/rp2_common/pico_printf/printf.c.obj
 .text._out_fct
                0x100034c0       0x10 CMakeFiles/myblinkkey.dir/C_/RPPicoSDK/sdk/pico/pico-sdk/src/rp2_common/pico_printf/printf.c.obj
 .text._etoa    0x100034d0      0x44c CMakeFiles/myblinkkey.dir/C_/RPPicoSDK/sdk/pico/pico-sdk/src/rp2_common/pico_printf/printf.c.obj
 .text._ftoa    0x1000391c      0x398 CMakeFiles/myblinkkey.dir/C_/RPPicoSDK/sdk/pico/pico-sdk/src/rp2_common/pico_printf/printf.c.obj
 .text._vsnprintf
                0x10003cb4      0xb04 CMakeFiles/myblinkkey.dir/C_/RPPicoSDK/sdk/pico/pico-sdk/src/rp2_common/pico_printf/printf.c.obj
 .text.vfctprintf
                0x100047b8       0x20 CMakeFiles/myblinkkey.dir/C_/RPPicoSDK/sdk/pico/pico-sdk/src/rp2_common/pico_printf/printf.c.obj
                0x100047b8                vfctprintf
 .text.weak_raw_printf
                0x100047d8       0x40 CMakeFiles/myblinkkey.dir/C_/RPPicoSDK/sdk/pico/pico-sdk/src/rp2_common/pico_printf/printf.c.obj
                0x100047d8                weak_raw_printf
 .text.weak_raw_vprintf
                0x10004818       0x30 CMakeFiles/myblinkkey.dir/C_/RPPicoSDK/sdk/pico/pico-sdk/src/rp2_common/pico_printf/printf.c.obj
                0x10004818                weak_raw_vprintf
 .text          0x10004848       0x10 CMakeFiles/myblinkkey.dir/C_/RPPicoSDK/sdk/pico/pico-sdk/src/rp2_common/pico_bit_ops/bit_ops_aeabi.S.obj
 .text.rom_func_lookup
                0x10004858       0x10 CMakeFiles/myblinkkey.dir/C_/RPPicoSDK/sdk/pico/pico-sdk/src/rp2_common/pico_bootrom/bootrom.c.obj
                0x10004858                rom_func_lookup
 .text.rom_data_lookup
                0x10004868       0x10 CMakeFiles/myblinkkey.dir/C_/RPPicoSDK/sdk/pico/pico-sdk/src/rp2_common/pico_bootrom/bootrom.c.obj
                0x10004868                rom_data_lookup
 .text.rom_funcs_lookup
                0x10004878       0x44 CMakeFiles/myblinkkey.dir/C_/RPPicoSDK/sdk/pico/pico-sdk/src/rp2_common/pico_bootrom/bootrom.c.obj
                0x10004878                rom_funcs_lookup
 .text.__wrap___aeabi_idiv
                0x100048bc       0x50 CMakeFiles/myblinkkey.dir/C_/RPPicoSDK/sdk/pico/pico-sdk/src/rp2_common/pico_divider/divider.S.obj
                0x100048bc                __wrap___aeabi_idivmod
                0x100048bc                divmod_s32s32
                0x100048bc                div_s32s32
                0x100048bc                __wrap___aeabi_idiv
                0x100048c4                divmod_s32s32_unsafe
                0x100048f0                divmod_s32s32_savestate
 .text.__wrap___aeabi_uidiv
                0x1000490c       0x4c CMakeFiles/myblinkkey.dir/C_/RPPicoSDK/sdk/pico/pico-sdk/src/rp2_common/pico_divider/divider.S.obj
                0x1000490c                __wrap___aeabi_uidiv
                0x1000490c                __wrap___aeabi_uidivmod
                0x1000490c                div_u32u32
                0x1000490c                divmod_u32u32
                0x10004914                divmod_u32u32_unsafe
                0x1000493c                divmod_u32u32_savestate
 .text.__wrap___aeabi_ldiv
                0x10004958      0x434 CMakeFiles/myblinkkey.dir/C_/RPPicoSDK/sdk/pico/pico-sdk/src/rp2_common/pico_divider/divider.S.obj
                0x10004958                div_s64s64
                0x10004958                divmod_s64s64
                0x10004958                __wrap___aeabi_ldivmod
                0x10004990                divmod_u64u64
                0x10004990                div_u64u64
                0x10004990                __wrap___aeabi_uldivmod
                0x100049a0                divmod_u64u64_savestate
                0x100049c8                divmod_s64s64_unsafe
                0x10004a50                divmod_u64u64_unsafe
 .text.__wrap___aeabi_darithmetic
                0x10004d8c       0x80 CMakeFiles/myblinkkey.dir/C_/RPPicoSDK/sdk/pico/pico-sdk/src/rp2_common/pico_double/double_aeabi.S.obj
                0x10004d8c                __wrap___aeabi_drsub
                0x10004d92                __wrap___aeabi_dsub
                0x10004da4                __wrap___aeabi_dadd
                0x10004db6                __wrap___aeabi_ddiv
                0x10004df2                __wrap___aeabi_dmul
 .text.__wrap___aeabi_cdcmple
                0x10004e0c       0x6c CMakeFiles/myblinkkey.dir/C_/RPPicoSDK/sdk/pico/pico-sdk/src/rp2_common/pico_double/double_aeabi.S.obj
                0x10004e0c                __wrap___aeabi_cdrcmple
                0x10004e1c                __wrap___aeabi_cdcmpeq
                0x10004e1c                __wrap___aeabi_cdcmple
 .text.__wrap___aeabi_dcmpeq
                0x10004e78       0x10 CMakeFiles/myblinkkey.dir/C_/RPPicoSDK/sdk/pico/pico-sdk/src/rp2_common/pico_double/double_aeabi.S.obj
                0x10004e78                __wrap___aeabi_dcmpeq
 .text.__wrap___aeabi_dcmplt
                0x10004e88        0xc CMakeFiles/myblinkkey.dir/C_/RPPicoSDK/sdk/pico/pico-sdk/src/rp2_common/pico_double/double_aeabi.S.obj
                0x10004e88                __wrap___aeabi_dcmplt
 .text.__wrap___aeabi_dcmple
                0x10004e94       0x10 CMakeFiles/myblinkkey.dir/C_/RPPicoSDK/sdk/pico/pico-sdk/src/rp2_common/pico_double/double_aeabi.S.obj
                0x10004e94                __wrap___aeabi_dcmple
 .text.__wrap___aeabi_dcmpge
                0x10004ea4       0x10 CMakeFiles/myblinkkey.dir/C_/RPPicoSDK/sdk/pico/pico-sdk/src/rp2_common/pico_double/double_aeabi.S.obj
                0x10004ea4                __wrap___aeabi_dcmpge
 .text.__wrap___aeabi_dcmpgt
                0x10004eb4        0xa CMakeFiles/myblinkkey.dir/C_/RPPicoSDK/sdk/pico/pico-sdk/src/rp2_common/pico_double/double_aeabi.S.obj
                0x10004eb4                __wrap___aeabi_dcmpgt
 .text.__wrap___aeabi_dcmpun
                0x10004ebe       0x1c CMakeFiles/myblinkkey.dir/C_/RPPicoSDK/sdk/pico/pico-sdk/src/rp2_common/pico_double/double_aeabi.S.obj
                0x10004ebe                __wrap___aeabi_dcmpun
 *fill*         0x10004eda        0x2 
 .text.__wrap___aeabi_i2d
                0x10004edc       0x38 CMakeFiles/myblinkkey.dir/C_/RPPicoSDK/sdk/pico/pico-sdk/src/rp2_common/pico_double/double_aeabi.S.obj
                0x10004edc                __wrap___aeabi_ui2d
                0x10004ee4                __wrap___aeabi_i2d
 .text.__wrap___aeabi_d2iz
                0x10004f14       0x48 CMakeFiles/myblinkkey.dir/C_/RPPicoSDK/sdk/pico/pico-sdk/src/rp2_common/pico_double/double_aeabi.S.obj
                0x10004f14                double2int_z
                0x10004f14                __wrap___aeabi_d2iz
 .text.__wrap___aeabi_d2uiz
                0x10004f5c       0x18 CMakeFiles/myblinkkey.dir/C_/RPPicoSDK/sdk/pico/pico-sdk/src/rp2_common/pico_double/double_aeabi.S.obj
                0x10004f5c                __wrap___aeabi_d2uiz
                0x10004f5c                double2uint
 .text.__wrap___aeabi_l2d
                0x10004f74       0x18 CMakeFiles/myblinkkey.dir/C_/RPPicoSDK/sdk/pico/pico-sdk/src/rp2_common/pico_double/double_aeabi.S.obj
                0x10004f74                __wrap___aeabi_l2d
 .text.__wrap___aeabi_d2lz
                0x10004f8c       0x26 CMakeFiles/myblinkkey.dir/C_/RPPicoSDK/sdk/pico/pico-sdk/src/rp2_common/pico_double/double_aeabi.S.obj
                0x10004f8c                double2int64_z
                0x10004f8c                __wrap___aeabi_d2lz
 *fill*         0x10004fb2        0x2 
 .text.double2int64
                0x10004fb4       0x18 CMakeFiles/myblinkkey.dir/C_/RPPicoSDK/sdk/pico/pico-sdk/src/rp2_common/pico_double/double_aeabi.S.obj
                0x10004fb4                double2int64
 .text.double2ufix64
                0x10004fcc       0x18 CMakeFiles/myblinkkey.dir/C_/RPPicoSDK/sdk/pico/pico-sdk/src/rp2_common/pico_double/double_aeabi.S.obj
                0x10004fcc                double2ufix64
 .text.__wrap___aeabi_d2f
                0x10004fe4       0x18 CMakeFiles/myblinkkey.dir/C_/RPPicoSDK/sdk/pico/pico-sdk/src/rp2_common/pico_double/double_aeabi.S.obj
                0x10004fe4                __wrap___aeabi_d2f
 .text.__aeabi_double_init
                0x10004ffc       0x94 CMakeFiles/myblinkkey.dir/C_/RPPicoSDK/sdk/pico/pico-sdk/src/rp2_common/pico_double/double_init_rom.c.obj
                0x10004ffc                __aeabi_double_init
 .text.double_table_shim_on_use_helper
                0x10005090       0x2c CMakeFiles/myblinkkey.dir/C_/RPPicoSDK/sdk/pico/pico-sdk/src/rp2_common/pico_double/double_v1_rom_shim.S.obj
                0x10005090                double_table_shim_on_use_helper
 .text.__wrap___aeabi_dsub
                0x100050bc       0x10 CMakeFiles/myblinkkey.dir/C_/RPPicoSDK/sdk/pico/pico-sdk/src/rp2_common/pico_double/double_v1_rom_shim.S.obj
                0x100050bc                drsub_shim
                0x100050c2                dsub_shim
 .text.dadd_shim
                0x100050cc      0x15c CMakeFiles/myblinkkey.dir/C_/RPPicoSDK/sdk/pico/pico-sdk/src/rp2_common/pico_double/double_v1_rom_shim.S.obj
                0x100050cc                dadd_shim
 .text.dmul_shim
                0x10005228      0x15c CMakeFiles/myblinkkey.dir/C_/RPPicoSDK/sdk/pico/pico-sdk/src/rp2_common/pico_double/double_v1_rom_shim.S.obj
                0x10005228                dmul_shim
 .text.ddiv_shim
                0x10005384      0x1b0 CMakeFiles/myblinkkey.dir/C_/RPPicoSDK/sdk/pico/pico-sdk/src/rp2_common/pico_double/double_v1_rom_shim.S.obj
                0x10005384                ddiv_shim
 .text.double2uint_shim
                0x10005534        0xe CMakeFiles/myblinkkey.dir/C_/RPPicoSDK/sdk/pico/pico-sdk/src/rp2_common/pico_double/double_v1_rom_shim.S.obj
                0x10005534                double2uint_shim
                0x10005536                double2ufix_shim
 .text.double2int64_shim
                0x10005542       0x1a CMakeFiles/myblinkkey.dir/C_/RPPicoSDK/sdk/pico/pico-sdk/src/rp2_common/pico_double/double_v1_rom_shim.S.obj
                0x10005542                double2int64_shim
                0x10005544                double2fix64_shim
 .text.double2uint64_shim
                0x1000555c       0x70 CMakeFiles/myblinkkey.dir/C_/RPPicoSDK/sdk/pico/pico-sdk/src/rp2_common/pico_double/double_v1_rom_shim.S.obj
                0x1000555c                double2uint64_shim
                0x1000555e                double2ufix64_shim
                0x1000557e                d2fix_a
 .text.double2float_shim
                0x100055cc       0x5c CMakeFiles/myblinkkey.dir/C_/RPPicoSDK/sdk/pico/pico-sdk/src/rp2_common/pico_double/double_v1_rom_shim.S.obj
                0x100055cc                double2float_shim
 .text.x2double_shims
                0x10005628       0x90 CMakeFiles/myblinkkey.dir/C_/RPPicoSDK/sdk/pico/pico-sdk/src/rp2_common/pico_double/double_v1_rom_shim.S.obj
                0x10005628                uint2double_shim
                0x1000562a                ufix2double_shim
                0x10005630                int2double_shim
                0x10005632                fix2double_shim
                0x10005638                uint642double_shim
                0x1000563a                ufix642double_shim
                0x10005640                int642double_shim
                0x10005642                fix642double_shim
 .text.dunpacks
                0x100056b8       0x3c CMakeFiles/myblinkkey.dir/C_/RPPicoSDK/sdk/pico/pico-sdk/src/rp2_common/pico_double/double_v1_rom_shim.S.obj
                0x100056b8                dunpacks
 .text.__aeabi_lmul
                0x100056f4       0x32 CMakeFiles/myblinkkey.dir/C_/RPPicoSDK/sdk/pico/pico-sdk/src/rp2_common/pico_int64_ops/pico_int64_ops_aeabi.S.obj
                0x100056f4                __wrap___aeabi_lmul
 *fill*         0x10005726        0x2 
 .text.__wrap___aeabi_f2d
                0x10005728       0x14 CMakeFiles/myblinkkey.dir/C_/RPPicoSDK/sdk/pico/pico-sdk/src/rp2_common/pico_float/float_aeabi.S.obj
                0x10005728                __wrap___aeabi_f2d
 .text.__aeabi_float_init
                0x1000573c       0x64 CMakeFiles/myblinkkey.dir/C_/RPPicoSDK/sdk/pico/pico-sdk/src/rp2_common/pico_float/float_init_rom.c.obj
                0x1000573c                __aeabi_float_init
 .text.float_table_shim_on_use_helper
                0x100057a0       0x2c CMakeFiles/myblinkkey.dir/C_/RPPicoSDK/sdk/pico/pico-sdk/src/rp2_common/pico_float/float_v1_rom_shim.S.obj
                0x100057a0                float_table_shim_on_use_helper
 .text.float2double_shim
                0x100057cc       0x30 CMakeFiles/myblinkkey.dir/C_/RPPicoSDK/sdk/pico/pico-sdk/src/rp2_common/pico_float/float_v1_rom_shim.S.obj
                0x100057cc                float2double_shim
 .text          0x100057fc       0x10 CMakeFiles/myblinkkey.dir/C_/RPPicoSDK/sdk/pico/pico-sdk/src/rp2_common/pico_mem_ops/mem_ops_aeabi.S.obj
                0x100057fc                __aeabi_mem_init
 .text.memset   0x1000580c        0xc CMakeFiles/myblinkkey.dir/C_/RPPicoSDK/sdk/pico/pico-sdk/src/rp2_common/pico_mem_ops/mem_ops_aeabi.S.obj
                0x1000580c                __wrap_memset
 .text.memcpy   0x10005818        0xc CMakeFiles/myblinkkey.dir/C_/RPPicoSDK/sdk/pico/pico-sdk/src/rp2_common/pico_mem_ops/mem_ops_aeabi.S.obj
                0x10005818                __wrap_memcpy
                0x10005818                __wrap___aeabi_memcpy
 .text.stdio_out_chars_no_crlf
                0x10005824       0x10 CMakeFiles/myblinkkey.dir/C_/RPPicoSDK/sdk/pico/pico-sdk/src/rp2_common/pico_stdio/stdio.c.obj
 .text.stdio_out_chars_crlf
                0x10005834       0xb4 CMakeFiles/myblinkkey.dir/C_/RPPicoSDK/sdk/pico/pico-sdk/src/rp2_common/pico_stdio/stdio.c.obj
 .text.stdio_buffered_printer
                0x100058e8       0x64 CMakeFiles/myblinkkey.dir/C_/RPPicoSDK/sdk/pico/pico-sdk/src/rp2_common/pico_stdio/stdio.c.obj
 .text.stdio_put_string.isra.0
                0x1000594c       0xfc CMakeFiles/myblinkkey.dir/C_/RPPicoSDK/sdk/pico/pico-sdk/src/rp2_common/pico_stdio/stdio.c.obj
 .text.__wrap_putchar
                0x10005a48       0xa0 CMakeFiles/myblinkkey.dir/C_/RPPicoSDK/sdk/pico/pico-sdk/src/rp2_common/pico_stdio/stdio.c.obj
                0x10005a48                __wrap_putchar
 .text.__wrap_puts
                0x10005ae8       0x3c CMakeFiles/myblinkkey.dir/C_/RPPicoSDK/sdk/pico/pico-sdk/src/rp2_common/pico_stdio/stdio.c.obj
                0x10005ae8                __wrap_puts
 .text.stdio_set_driver_enabled
                0x10005b24       0x3c CMakeFiles/myblinkkey.dir/C_/RPPicoSDK/sdk/pico/pico-sdk/src/rp2_common/pico_stdio/stdio.c.obj
                0x10005b24                stdio_set_driver_enabled
 .text.__wrap_vprintf
                0x10005b60       0xd8 CMakeFiles/myblinkkey.dir/C_/RPPicoSDK/sdk/pico/pico-sdk/src/rp2_common/pico_stdio/stdio.c.obj
                0x10005b60                __wrap_vprintf
 .text.__wrap_printf
                0x10005c38       0x18 CMakeFiles/myblinkkey.dir/C_/RPPicoSDK/sdk/pico/pico-sdk/src/rp2_common/pico_stdio/stdio.c.obj
                0x10005c38                __wrap_printf
 .text.stdio_init_all
                0x10005c50        0x8 CMakeFiles/myblinkkey.dir/C_/RPPicoSDK/sdk/pico/pico-sdk/src/rp2_common/pico_stdio/stdio.c.obj
                0x10005c50                stdio_init_all
 .text.resetd_init
                0x10005c58        0x4 CMakeFiles/myblinkkey.dir/C_/RPPicoSDK/sdk/pico/pico-sdk/src/rp2_common/pico_stdio_usb/reset_interface.c.obj
 .text.resetd_reset
                0x10005c5c        0xc CMakeFiles/myblinkkey.dir/C_/RPPicoSDK/sdk/pico/pico-sdk/src/rp2_common/pico_stdio_usb/reset_interface.c.obj
 .text.resetd_open
                0x10005c68       0x28 CMakeFiles/myblinkkey.dir/C_/RPPicoSDK/sdk/pico/pico-sdk/src/rp2_common/pico_stdio_usb/reset_interface.c.obj
 .text.resetd_xfer_cb
                0x10005c90        0x4 CMakeFiles/myblinkkey.dir/C_/RPPicoSDK/sdk/pico/pico-sdk/src/rp2_common/pico_stdio_usb/reset_interface.c.obj
 .text.resetd_control_xfer_cb
                0x10005c94       0x64 CMakeFiles/myblinkkey.dir/C_/RPPicoSDK/sdk/pico/pico-sdk/src/rp2_common/pico_stdio_usb/reset_interface.c.obj
 .text.usbd_app_driver_get_cb
                0x10005cf8        0xc CMakeFiles/myblinkkey.dir/C_/RPPicoSDK/sdk/pico/pico-sdk/src/rp2_common/pico_stdio_usb/reset_interface.c.obj
                0x10005cf8                usbd_app_driver_get_cb
 .text.tud_cdc_line_coding_cb
                0x10005d04       0x34 CMakeFiles/myblinkkey.dir/C_/RPPicoSDK/sdk/pico/pico-sdk/src/rp2_common/pico_stdio_usb/reset_interface.c.obj
                0x10005d04                tud_cdc_line_coding_cb
 .text.stdio_usb_in_chars
                0x10005d38       0x68 CMakeFiles/myblinkkey.dir/C_/RPPicoSDK/sdk/pico/pico-sdk/src/rp2_common/pico_stdio_usb/stdio_usb.c.obj
                0x10005d38                stdio_usb_in_chars
 .text.stdio_usb_out_chars
                0x10005da0       0xe4 CMakeFiles/myblinkkey.dir/C_/RPPicoSDK/sdk/pico/pico-sdk/src/rp2_common/pico_stdio_usb/stdio_usb.c.obj
 .text.timer_task
                0x10005e84       0x10 CMakeFiles/myblinkkey.dir/C_/RPPicoSDK/sdk/pico/pico-sdk/src/rp2_common/pico_stdio_usb/stdio_usb.c.obj
 .text.low_priority_worker_irq
                0x10005e94       0x24 CMakeFiles/myblinkkey.dir/C_/RPPicoSDK/sdk/pico/pico-sdk/src/rp2_common/pico_stdio_usb/stdio_usb.c.obj
 .text.stdio_usb_init
                0x10005eb8       0x90 CMakeFiles/myblinkkey.dir/C_/RPPicoSDK/sdk/pico/pico-sdk/src/rp2_common/pico_stdio_usb/stdio_usb.c.obj
                0x10005eb8                stdio_usb_init
 .text.tud_descriptor_device_cb
                0x10005f48        0x8 CMakeFiles/myblinkkey.dir/C_/RPPicoSDK/sdk/pico/pico-sdk/src/rp2_common/pico_stdio_usb/stdio_usb_descriptors.c.obj
                0x10005f48                tud_descriptor_device_cb
 .text.tud_descriptor_configuration_cb
                0x10005f50        0x8 CMakeFiles/myblinkkey.dir/C_/RPPicoSDK/sdk/pico/pico-sdk/src/rp2_common/pico_stdio_usb/stdio_usb_descriptors.c.obj
                0x10005f50                tud_descriptor_configuration_cb
 .text.tud_descriptor_string_cb
                0x10005f58       0x74 CMakeFiles/myblinkkey.dir/C_/RPPicoSDK/sdk/pico/pico-sdk/src/rp2_common/pico_stdio_usb/stdio_usb_descriptors.c.obj
                0x10005f58                tud_descriptor_string_cb
 .text.dcd_rp2040_irq
                0x10005fcc      0x21c CMakeFiles/myblinkkey.dir/C_/RPPicoSDK/sdk/pico/pico-sdk/lib/tinyusb/src/portable/raspberrypi/rp2040/dcd_rp2040.c.obj
 .text.dcd_int_enable
                0x100061e8        0xc CMakeFiles/myblinkkey.dir/C_/RPPicoSDK/sdk/pico/pico-sdk/lib/tinyusb/src/portable/raspberrypi/rp2040/dcd_rp2040.c.obj
                0x100061e8                dcd_int_enable
 .text.dcd_set_address
                0x100061f4       0x14 CMakeFiles/myblinkkey.dir/C_/RPPicoSDK/sdk/pico/pico-sdk/lib/tinyusb/src/portable/raspberrypi/rp2040/dcd_rp2040.c.obj
                0x100061f4                dcd_set_address
 .text.dcd_connect
                0x10006208       0x10 CMakeFiles/myblinkkey.dir/C_/RPPicoSDK/sdk/pico/pico-sdk/lib/tinyusb/src/portable/raspberrypi/rp2040/dcd_rp2040.c.obj
                0x10006208                dcd_connect
 .text.dcd_init
                0x10006218      0x144 CMakeFiles/myblinkkey.dir/C_/RPPicoSDK/sdk/pico/pico-sdk/lib/tinyusb/src/portable/raspberrypi/rp2040/dcd_rp2040.c.obj
                0x10006218                dcd_init
 .text.dcd_edpt0_status_complete
                0x1000635c       0x1c CMakeFiles/myblinkkey.dir/C_/RPPicoSDK/sdk/pico/pico-sdk/lib/tinyusb/src/portable/raspberrypi/rp2040/dcd_rp2040.c.obj
                0x1000635c                dcd_edpt0_status_complete
 .text.dcd_edpt_open
                0x10006378       0xf0 CMakeFiles/myblinkkey.dir/C_/RPPicoSDK/sdk/pico/pico-sdk/lib/tinyusb/src/portable/raspberrypi/rp2040/dcd_rp2040.c.obj
                0x10006378                dcd_edpt_open
 .text.dcd_edpt_close_all
                0x10006468       0xbc CMakeFiles/myblinkkey.dir/C_/RPPicoSDK/sdk/pico/pico-sdk/lib/tinyusb/src/portable/raspberrypi/rp2040/dcd_rp2040.c.obj
                0x10006468                dcd_edpt_close_all
 .text.dcd_edpt_xfer
                0x10006524       0x24 CMakeFiles/myblinkkey.dir/C_/RPPicoSDK/sdk/pico/pico-sdk/lib/tinyusb/src/portable/raspberrypi/rp2040/dcd_rp2040.c.obj
                0x10006524                dcd_edpt_xfer
 .text.dcd_edpt_stall
                0x10006548       0x38 CMakeFiles/myblinkkey.dir/C_/RPPicoSDK/sdk/pico/pico-sdk/lib/tinyusb/src/portable/raspberrypi/rp2040/dcd_rp2040.c.obj
                0x10006548                dcd_edpt_stall
 .text.dcd_edpt_clear_stall
                0x10006580       0x30 CMakeFiles/myblinkkey.dir/C_/RPPicoSDK/sdk/pico/pico-sdk/lib/tinyusb/src/portable/raspberrypi/rp2040/dcd_rp2040.c.obj
                0x10006580                dcd_edpt_clear_stall
 .text._hw_endpoint_buffer_control_update32.part.0.isra.0
                0x100065b0       0x1c CMakeFiles/myblinkkey.dir/C_/RPPicoSDK/sdk/pico/pico-sdk/lib/tinyusb/src/portable/raspberrypi/rp2040/rp2040_usb.c.obj
 .text.rp2040_usb_init
                0x100065cc       0x4c CMakeFiles/myblinkkey.dir/C_/RPPicoSDK/sdk/pico/pico-sdk/lib/tinyusb/src/portable/raspberrypi/rp2040/rp2040_usb.c.obj
                0x100065cc                rp2040_usb_init
 .text.hw_endpoint_reset_transfer
                0x10006618        0xc CMakeFiles/myblinkkey.dir/C_/RPPicoSDK/sdk/pico/pico-sdk/lib/tinyusb/src/portable/raspberrypi/rp2040/rp2040_usb.c.obj
                0x10006618                hw_endpoint_reset_transfer
 .text._hw_endpoint_buffer_control_update32
                0x10006624       0x44 CMakeFiles/myblinkkey.dir/C_/RPPicoSDK/sdk/pico/pico-sdk/lib/tinyusb/src/portable/raspberrypi/rp2040/rp2040_usb.c.obj
                0x10006624                _hw_endpoint_buffer_control_update32
 .text.hw_endpoint_xfer_start
                0x10006668      0x138 CMakeFiles/myblinkkey.dir/C_/RPPicoSDK/sdk/pico/pico-sdk/lib/tinyusb/src/portable/raspberrypi/rp2040/rp2040_usb.c.obj
                0x10006668                hw_endpoint_xfer_start
 .text.hw_endpoint_xfer_continue
                0x100067a0      0x1e4 CMakeFiles/myblinkkey.dir/C_/RPPicoSDK/sdk/pico/pico-sdk/lib/tinyusb/src/portable/raspberrypi/rp2040/rp2040_usb.c.obj
                0x100067a0                hw_endpoint_xfer_continue
 .text.tud_mounted
                0x10006984       0x10 CMakeFiles/myblinkkey.dir/C_/RPPicoSDK/sdk/pico/pico-sdk/lib/tinyusb/src/device/usbd.c.obj
                0x10006984                tud_mounted
 .text.tud_suspended
                0x10006994       0x10 CMakeFiles/myblinkkey.dir/C_/RPPicoSDK/sdk/pico/pico-sdk/lib/tinyusb/src/device/usbd.c.obj
                0x10006994                tud_suspended
 .text.tud_inited
                0x100069a4        0xc CMakeFiles/myblinkkey.dir/C_/RPPicoSDK/sdk/pico/pico-sdk/lib/tinyusb/src/device/usbd.c.obj
                0x100069a4                tud_inited
 .text.tud_init
                0x100069b0       0xd8 CMakeFiles/myblinkkey.dir/C_/RPPicoSDK/sdk/pico/pico-sdk/lib/tinyusb/src/device/usbd.c.obj
                0x100069b0                tud_init
 .text.tud_task
                0x10006a88      0x8ec CMakeFiles/myblinkkey.dir/C_/RPPicoSDK/sdk/pico/pico-sdk/lib/tinyusb/src/device/usbd.c.obj
                0x10006a88                tud_task
 .text.dcd_event_bus_signal
                0x10007374      0x120 CMakeFiles/myblinkkey.dir/C_/RPPicoSDK/sdk/pico/pico-sdk/lib/tinyusb/src/device/usbd.c.obj
                0x10007374                dcd_event_bus_signal
 .text.dcd_event_bus_reset
                0x10007494       0x54 CMakeFiles/myblinkkey.dir/C_/RPPicoSDK/sdk/pico/pico-sdk/lib/tinyusb/src/device/usbd.c.obj
                0x10007494                dcd_event_bus_reset
 .text.dcd_event_setup_received
                0x100074e8       0x50 CMakeFiles/myblinkkey.dir/C_/RPPicoSDK/sdk/pico/pico-sdk/lib/tinyusb/src/device/usbd.c.obj
                0x100074e8                dcd_event_setup_received
 .text.dcd_event_xfer_complete
                0x10007538       0x68 CMakeFiles/myblinkkey.dir/C_/RPPicoSDK/sdk/pico/pico-sdk/lib/tinyusb/src/device/usbd.c.obj
                0x10007538                dcd_event_xfer_complete
 .text.usbd_open_edpt_pair
                0x100075a0       0x80 CMakeFiles/myblinkkey.dir/C_/RPPicoSDK/sdk/pico/pico-sdk/lib/tinyusb/src/device/usbd.c.obj
                0x100075a0                usbd_open_edpt_pair
 .text.usbd_edpt_open
                0x10007620       0x30 CMakeFiles/myblinkkey.dir/C_/RPPicoSDK/sdk/pico/pico-sdk/lib/tinyusb/src/device/usbd.c.obj
                0x10007620                usbd_edpt_open
 .text.usbd_edpt_claim
                0x10007650       0x64 CMakeFiles/myblinkkey.dir/C_/RPPicoSDK/sdk/pico/pico-sdk/lib/tinyusb/src/device/usbd.c.obj
                0x10007650                usbd_edpt_claim
 .text.usbd_edpt_release
                0x100076b4       0x4c CMakeFiles/myblinkkey.dir/C_/RPPicoSDK/sdk/pico/pico-sdk/lib/tinyusb/src/device/usbd.c.obj
                0x100076b4                usbd_edpt_release
 .text.usbd_edpt_xfer
                0x10007700       0x48 CMakeFiles/myblinkkey.dir/C_/RPPicoSDK/sdk/pico/pico-sdk/lib/tinyusb/src/device/usbd.c.obj
                0x10007700                usbd_edpt_xfer
 .text.tud_control_status
                0x10007748       0x30 CMakeFiles/myblinkkey.dir/C_/RPPicoSDK/sdk/pico/pico-sdk/lib/tinyusb/src/device/usbd_control.c.obj
                0x10007748                tud_control_status
 .text.tud_control_xfer
                0x10007778       0xbc CMakeFiles/myblinkkey.dir/C_/RPPicoSDK/sdk/pico/pico-sdk/lib/tinyusb/src/device/usbd_control.c.obj
                0x10007778                tud_control_xfer
 .text.usbd_control_reset
                0x10007834       0x14 CMakeFiles/myblinkkey.dir/C_/RPPicoSDK/sdk/pico/pico-sdk/lib/tinyusb/src/device/usbd_control.c.obj
                0x10007834                usbd_control_reset
 .text.usbd_control_set_complete_callback
                0x10007848        0xc CMakeFiles/myblinkkey.dir/C_/RPPicoSDK/sdk/pico/pico-sdk/lib/tinyusb/src/device/usbd_control.c.obj
                0x10007848                usbd_control_set_complete_callback
 .text.usbd_control_set_request
                0x10007854       0x1c CMakeFiles/myblinkkey.dir/C_/RPPicoSDK/sdk/pico/pico-sdk/lib/tinyusb/src/device/usbd_control.c.obj
                0x10007854                usbd_control_set_request
 .text.usbd_control_xfer_cb
                0x10007870       0xfc CMakeFiles/myblinkkey.dir/C_/RPPicoSDK/sdk/pico/pico-sdk/lib/tinyusb/src/device/usbd_control.c.obj
                0x10007870                usbd_control_xfer_cb
 .text.tud_cdc_n_connected
                0x1000796c       0x30 CMakeFiles/myblinkkey.dir/C_/RPPicoSDK/sdk/pico/pico-sdk/lib/tinyusb/src/class/cdc/cdc_device.c.obj
                0x1000796c                tud_cdc_n_connected
 .text.tud_cdc_n_available
                0x1000799c       0x18 CMakeFiles/myblinkkey.dir/C_/RPPicoSDK/sdk/pico/pico-sdk/lib/tinyusb/src/class/cdc/cdc_device.c.obj
                0x1000799c                tud_cdc_n_available
 .text.tud_cdc_n_read
                0x100079b4       0x70 CMakeFiles/myblinkkey.dir/C_/RPPicoSDK/sdk/pico/pico-sdk/lib/tinyusb/src/class/cdc/cdc_device.c.obj
                0x100079b4                tud_cdc_n_read
 .text.tud_cdc_n_write_flush
                0x10007a24       0x78 CMakeFiles/myblinkkey.dir/C_/RPPicoSDK/sdk/pico/pico-sdk/lib/tinyusb/src/class/cdc/cdc_device.c.obj
                0x10007a24                tud_cdc_n_write_flush
 .text.tud_cdc_n_write
                0x10007a9c       0x34 CMakeFiles/myblinkkey.dir/C_/RPPicoSDK/sdk/pico/pico-sdk/lib/tinyusb/src/class/cdc/cdc_device.c.obj
                0x10007a9c                tud_cdc_n_write
 .text.tud_cdc_n_write_available
                0x10007ad0       0x18 CMakeFiles/myblinkkey.dir/C_/RPPicoSDK/sdk/pico/pico-sdk/lib/tinyusb/src/class/cdc/cdc_device.c.obj
                0x10007ad0                tud_cdc_n_write_available
 .text.cdcd_init
                0x10007ae8       0x7c CMakeFiles/myblinkkey.dir/C_/RPPicoSDK/sdk/pico/pico-sdk/lib/tinyusb/src/class/cdc/cdc_device.c.obj
                0x10007ae8                cdcd_init
 .text.cdcd_reset
                0x10007b64       0x2c CMakeFiles/myblinkkey.dir/C_/RPPicoSDK/sdk/pico/pico-sdk/lib/tinyusb/src/class/cdc/cdc_device.c.obj
                0x10007b64                cdcd_reset
 .text.cdcd_open
                0x10007b90       0xe4 CMakeFiles/myblinkkey.dir/C_/RPPicoSDK/sdk/pico/pico-sdk/lib/tinyusb/src/class/cdc/cdc_device.c.obj
                0x10007b90                cdcd_open
 .text.cdcd_control_xfer_cb
                0x10007c74       0xe4 CMakeFiles/myblinkkey.dir/C_/RPPicoSDK/sdk/pico/pico-sdk/lib/tinyusb/src/class/cdc/cdc_device.c.obj
                0x10007c74                cdcd_control_xfer_cb
 .text.cdcd_xfer_cb
                0x10007d58      0x148 CMakeFiles/myblinkkey.dir/C_/RPPicoSDK/sdk/pico/pico-sdk/lib/tinyusb/src/class/cdc/cdc_device.c.obj
                0x10007d58                cdcd_xfer_cb
 .text.tusb_init
                0x10007ea0        0xc CMakeFiles/myblinkkey.dir/C_/RPPicoSDK/sdk/pico/pico-sdk/lib/tinyusb/src/tusb.c.obj
                0x10007ea0                tusb_init
 .text.tusb_inited
                0x10007eac        0x8 CMakeFiles/myblinkkey.dir/C_/RPPicoSDK/sdk/pico/pico-sdk/lib/tinyusb/src/tusb.c.obj
                0x10007eac                tusb_inited
 .text.tu_edpt_validate
                0x10007eb4       0x78 CMakeFiles/myblinkkey.dir/C_/RPPicoSDK/sdk/pico/pico-sdk/lib/tinyusb/src/tusb.c.obj
                0x10007eb4                tu_edpt_validate
 .text.tu_edpt_bind_driver
                0x10007f2c       0x2c CMakeFiles/myblinkkey.dir/C_/RPPicoSDK/sdk/pico/pico-sdk/lib/tinyusb/src/tusb.c.obj
                0x10007f2c                tu_edpt_bind_driver
 .text.tu_fifo_config
                0x10007f58       0x78 CMakeFiles/myblinkkey.dir/C_/RPPicoSDK/sdk/pico/pico-sdk/lib/tinyusb/src/common/tusb_fifo.c.obj
                0x10007f58                tu_fifo_config
 .text.tu_fifo_count
                0x10007fd0       0x20 CMakeFiles/myblinkkey.dir/C_/RPPicoSDK/sdk/pico/pico-sdk/lib/tinyusb/src/common/tusb_fifo.c.obj
                0x10007fd0                tu_fifo_count
 .text.tu_fifo_empty
                0x10007ff0       0x10 CMakeFiles/myblinkkey.dir/C_/RPPicoSDK/sdk/pico/pico-sdk/lib/tinyusb/src/common/tusb_fifo.c.obj
                0x10007ff0                tu_fifo_empty
 .text.tu_fifo_remaining
                0x10008000       0x1c CMakeFiles/myblinkkey.dir/C_/RPPicoSDK/sdk/pico/pico-sdk/lib/tinyusb/src/common/tusb_fifo.c.obj
                0x10008000                tu_fifo_remaining
 .text.tu_fifo_read
                0x1000801c       0x9c CMakeFiles/myblinkkey.dir/C_/RPPicoSDK/sdk/pico/pico-sdk/lib/tinyusb/src/common/tusb_fifo.c.obj
                0x1000801c                tu_fifo_read
 .text.tu_fifo_read_n
                0x100080b8      0x100 CMakeFiles/myblinkkey.dir/C_/RPPicoSDK/sdk/pico/pico-sdk/lib/tinyusb/src/common/tusb_fifo.c.obj
                0x100080b8                tu_fifo_read_n
 .text.tu_fifo_write
                0x100081b8       0x7c CMakeFiles/myblinkkey.dir/C_/RPPicoSDK/sdk/pico/pico-sdk/lib/tinyusb/src/common/tusb_fifo.c.obj
                0x100081b8                tu_fifo_write
 .text.tu_fifo_write_n
                0x10008234      0x100 CMakeFiles/myblinkkey.dir/C_/RPPicoSDK/sdk/pico/pico-sdk/lib/tinyusb/src/common/tusb_fifo.c.obj
                0x10008234                tu_fifo_write_n
 .text.tu_fifo_clear
                0x10008334       0x4c CMakeFiles/myblinkkey.dir/C_/RPPicoSDK/sdk/pico/pico-sdk/lib/tinyusb/src/common/tusb_fifo.c.obj
                0x10008334                tu_fifo_clear
 .text.tu_fifo_set_overwritable
                0x10008380       0x3c CMakeFiles/myblinkkey.dir/C_/RPPicoSDK/sdk/pico/pico-sdk/lib/tinyusb/src/common/tusb_fifo.c.obj
                0x10008380                tu_fifo_set_overwritable
 .text.startup._retrieve_unique_id_on_boot
                0x100083bc       0x10 CMakeFiles/myblinkkey.dir/C_/RPPicoSDK/sdk/pico/pico-sdk/src/rp2_common/pico_unique_id/unique_id.c.obj
 .text.pico_get_unique_board_id_string
                0x100083cc      0x1a8 CMakeFiles/myblinkkey.dir/C_/RPPicoSDK/sdk/pico/pico-sdk/src/rp2_common/pico_unique_id/unique_id.c.obj
                0x100083cc                pico_get_unique_board_id_string
 .text.flash_get_unique_id
                0x10008574       0x40 CMakeFiles/myblinkkey.dir/C_/RPPicoSDK/sdk/pico/pico-sdk/src/rp2_common/hardware_flash/flash.c.obj
                0x10008574                flash_get_unique_id
 .text.i2c_set_baudrate
                0x100085b4       0xc4 CMakeFiles/myblinkkey.dir/C_/RPPicoSDK/sdk/pico/pico-sdk/src/rp2_common/hardware_i2c/i2c.c.obj
                0x100085b4                i2c_set_baudrate
 .text.i2c_init
                0x10008678       0x54 CMakeFiles/myblinkkey.dir/C_/RPPicoSDK/sdk/pico/pico-sdk/src/rp2_common/hardware_i2c/i2c.c.obj
                0x10008678                i2c_init
 .text.i2c_write_blocking
                0x100086cc       0xd0 CMakeFiles/myblinkkey.dir/C_/RPPicoSDK/sdk/pico/pico-sdk/src/rp2_common/hardware_i2c/i2c.c.obj
                0x100086cc                i2c_write_blocking
 .text.i2c_read_blocking
                0x1000879c       0xac CMakeFiles/myblinkkey.dir/C_/RPPicoSDK/sdk/pico/pico-sdk/src/rp2_common/hardware_i2c/i2c.c.obj
                0x1000879c                i2c_read_blocking
 .text.atof     0x10008848        0xc c:/rppico~1/armcc/102021~1.10/bin/../lib/gcc/arm-none-eabi/10.3.1/../../../../arm-none-eabi/lib/thumb/v6-m/nofp\libc.a(lib_a-atof.o)
                0x10008848                atof
 .text._calloc_r
                0x10008854       0x9c c:/rppico~1/armcc/102021~1.10/bin/../lib/gcc/arm-none-eabi/10.3.1/../../../../arm-none-eabi/lib/thumb/v6-m/nofp\libc.a(lib_a-callocr.o)
                0x10008854                _calloc_r
 .text.__errno  0x100088f0        0xc c:/rppico~1/armcc/102021~1.10/bin/../lib/gcc/arm-none-eabi/10.3.1/../../../../arm-none-eabi/lib/thumb/v6-m/nofp\libc.a(lib_a-errno.o)
                0x100088f0                __errno
 .text._malloc_r
                0x100088fc      0x584 c:/rppico~1/armcc/102021~1.10/bin/../lib/gcc/arm-none-eabi/10.3.1/../../../../arm-none-eabi/lib/thumb/v6-m/nofp\libc.a(lib_a-mallocr.o)
                0x100088fc                _malloc_r
 .text.__malloc_lock
                0x10008e80       0x10 c:/rppico~1/armcc/102021~1.10/bin/../lib/gcc/arm-none-eabi/10.3.1/../../../../arm-none-eabi/lib/thumb/v6-m/nofp\libc.a(lib_a-mlock.o)
                0x10008e80                __malloc_lock
 .text.__malloc_unlock
                0x10008e90       0x10 c:/rppico~1/armcc/102021~1.10/bin/../lib/gcc/arm-none-eabi/10.3.1/../../../../arm-none-eabi/lib/thumb/v6-m/nofp\libc.a(lib_a-mlock.o)
                0x10008e90                __malloc_unlock
 .text._sbrk_r  0x10008ea0       0x24 c:/rppico~1/armcc/102021~1.10/bin/../lib/gcc/arm-none-eabi/10.3.1/../../../../arm-none-eabi/lib/thumb/v6-m/nofp\libc.a(lib_a-sbrkr.o)
                0x10008ea0                _sbrk_r
 .text.strlen   0x10008ec4       0x5c c:/rppico~1/armcc/102021~1.10/bin/../lib/gcc/arm-none-eabi/10.3.1/../../../../arm-none-eabi/lib/thumb/v6-m/nofp\libc.a(lib_a-strlen-stub.o)
                0x10008ec4                strlen
 .text._strtod_l
                0x10008f20      0xf78 c:/rppico~1/armcc/102021~1.10/bin/../lib/gcc/arm-none-eabi/10.3.1/../../../../arm-none-eabi/lib/thumb/v6-m/nofp\libc.a(lib_a-strtod.o)
                0x10008f20                _strtod_l
 .text.strtod   0x10009e98       0x1c c:/rppico~1/armcc/102021~1.10/bin/../lib/gcc/arm-none-eabi/10.3.1/../../../../arm-none-eabi/lib/thumb/v6-m/nofp\libc.a(lib_a-strtod.o)
                0x10009e98                strtod
 .text._malloc_trim_r
                0x10009eb4       0x9c c:/rppico~1/armcc/102021~1.10/bin/../lib/gcc/arm-none-eabi/10.3.1/../../../../arm-none-eabi/lib/thumb/v6-m/nofp\libc.a(lib_a-freer.o)
                0x10009eb4                _malloc_trim_r
 .text._free_r  0x10009f50      0x1c4 c:/rppico~1/armcc/102021~1.10/bin/../lib/gcc/arm-none-eabi/10.3.1/../../../../arm-none-eabi/lib/thumb/v6-m/nofp\libc.a(lib_a-freer.o)
                0x10009f50                _free_r
 .text.rshift   0x1000a114       0xa4 c:/rppico~1/armcc/102021~1.10/bin/../lib/gcc/arm-none-eabi/10.3.1/../../../../arm-none-eabi/lib/thumb/v6-m/nofp\libc.a(lib_a-gdtoa-gethex.o)
 .text.__gethex
                0x1000a1b8      0x5cc c:/rppico~1/armcc/102021~1.10/bin/../lib/gcc/arm-none-eabi/10.3.1/../../../../arm-none-eabi/lib/thumb/v6-m/nofp\libc.a(lib_a-gdtoa-gethex.o)
                0x1000a1b8                __gethex
 .text.__match  0x1000a784       0x2c c:/rppico~1/armcc/102021~1.10/bin/../lib/gcc/arm-none-eabi/10.3.1/../../../../arm-none-eabi/lib/thumb/v6-m/nofp\libc.a(lib_a-gdtoa-hexnan.o)
                0x1000a784                __match
 .text.__hexnan
                0x1000a7b0      0x1d0 c:/rppico~1/armcc/102021~1.10/bin/../lib/gcc/arm-none-eabi/10.3.1/../../../../arm-none-eabi/lib/thumb/v6-m/nofp\libc.a(lib_a-gdtoa-hexnan.o)
                0x1000a7b0                __hexnan
 .text.__retarget_lock_acquire_recursive
                0x1000a980        0x4 c:/rppico~1/armcc/102021~1.10/bin/../lib/gcc/arm-none-eabi/10.3.1/../../../../arm-none-eabi/lib/thumb/v6-m/nofp\libc.a(lib_a-lock.o)
                0x1000a980                __retarget_lock_acquire_recursive
 .text.__retarget_lock_release_recursive
                0x1000a984        0x4 c:/rppico~1/armcc/102021~1.10/bin/../lib/gcc/arm-none-eabi/10.3.1/../../../../arm-none-eabi/lib/thumb/v6-m/nofp\libc.a(lib_a-lock.o)
                0x1000a984                __retarget_lock_release_recursive
 .text.__ascii_mbtowc
                0x1000a988       0x2c c:/rppico~1/armcc/102021~1.10/bin/../lib/gcc/arm-none-eabi/10.3.1/../../../../arm-none-eabi/lib/thumb/v6-m/nofp\libc.a(lib_a-mbtowc_r.o)
                0x1000a988                __ascii_mbtowc
 .text._Balloc  0x1000a9b4       0x50 c:/rppico~1/armcc/102021~1.10/bin/../lib/gcc/arm-none-eabi/10.3.1/../../../../arm-none-eabi/lib/thumb/v6-m/nofp\libc.a(lib_a-mprec.o)
                0x1000a9b4                _Balloc
 .text._Bfree   0x1000aa04       0x14 c:/rppico~1/armcc/102021~1.10/bin/../lib/gcc/arm-none-eabi/10.3.1/../../../../arm-none-eabi/lib/thumb/v6-m/nofp\libc.a(lib_a-mprec.o)
                0x1000aa04                _Bfree
 .text.__multadd
                0x1000aa18       0xa8 c:/rppico~1/armcc/102021~1.10/bin/../lib/gcc/arm-none-eabi/10.3.1/../../../../arm-none-eabi/lib/thumb/v6-m/nofp\libc.a(lib_a-mprec.o)
                0x1000aa18                __multadd
 .text.__s2b    0x1000aac0       0xb0 c:/rppico~1/armcc/102021~1.10/bin/../lib/gcc/arm-none-eabi/10.3.1/../../../../arm-none-eabi/lib/thumb/v6-m/nofp\libc.a(lib_a-mprec.o)
                0x1000aac0                __s2b
 .text.__hi0bits
                0x1000ab70       0x38 c:/rppico~1/armcc/102021~1.10/bin/../lib/gcc/arm-none-eabi/10.3.1/../../../../arm-none-eabi/lib/thumb/v6-m/nofp\libc.a(lib_a-mprec.o)
                0x1000ab70                __hi0bits
 .text.__lo0bits
                0x1000aba8       0x5c c:/rppico~1/armcc/102021~1.10/bin/../lib/gcc/arm-none-eabi/10.3.1/../../../../arm-none-eabi/lib/thumb/v6-m/nofp\libc.a(lib_a-mprec.o)
                0x1000aba8                __lo0bits
 .text.__i2b    0x1000ac04       0x60 c:/rppico~1/armcc/102021~1.10/bin/../lib/gcc/arm-none-eabi/10.3.1/../../../../arm-none-eabi/lib/thumb/v6-m/nofp\libc.a(lib_a-mprec.o)
                0x1000ac04                __i2b
 .text.__multiply
                0x1000ac64      0x1a4 c:/rppico~1/armcc/102021~1.10/bin/../lib/gcc/arm-none-eabi/10.3.1/../../../../arm-none-eabi/lib/thumb/v6-m/nofp\libc.a(lib_a-mprec.o)
                0x1000ac64                __multiply
 .text.__pow5mult
                0x1000ae08       0xd8 c:/rppico~1/armcc/102021~1.10/bin/../lib/gcc/arm-none-eabi/10.3.1/../../../../arm-none-eabi/lib/thumb/v6-m/nofp\libc.a(lib_a-mprec.o)
                0x1000ae08                __pow5mult
 .text.__lshift
                0x1000aee0       0xfc c:/rppico~1/armcc/102021~1.10/bin/../lib/gcc/arm-none-eabi/10.3.1/../../../../arm-none-eabi/lib/thumb/v6-m/nofp\libc.a(lib_a-mprec.o)
                0x1000aee0                __lshift
 .text.__mcmp   0x1000afdc       0x34 c:/rppico~1/armcc/102021~1.10/bin/../lib/gcc/arm-none-eabi/10.3.1/../../../../arm-none-eabi/lib/thumb/v6-m/nofp\libc.a(lib_a-mprec.o)
                0x1000afdc                __mcmp
 .text.__mdiff  0x1000b010      0x18c c:/rppico~1/armcc/102021~1.10/bin/../lib/gcc/arm-none-eabi/10.3.1/../../../../arm-none-eabi/lib/thumb/v6-m/nofp\libc.a(lib_a-mprec.o)
                0x1000b010                __mdiff
 .text.__ulp    0x1000b19c       0x48 c:/rppico~1/armcc/102021~1.10/bin/../lib/gcc/arm-none-eabi/10.3.1/../../../../arm-none-eabi/lib/thumb/v6-m/nofp\libc.a(lib_a-mprec.o)
                0x1000b19c                __ulp
 .text.__b2d    0x1000b1e4       0xc8 c:/rppico~1/armcc/102021~1.10/bin/../lib/gcc/arm-none-eabi/10.3.1/../../../../arm-none-eabi/lib/thumb/v6-m/nofp\libc.a(lib_a-mprec.o)
                0x1000b1e4                __b2d
 .text.__d2b    0x1000b2ac       0xd8 c:/rppico~1/armcc/102021~1.10/bin/../lib/gcc/arm-none-eabi/10.3.1/../../../../arm-none-eabi/lib/thumb/v6-m/nofp\libc.a(lib_a-mprec.o)
                0x1000b2ac                __d2b
 .text.__ratio  0x1000b384       0x68 c:/rppico~1/armcc/102021~1.10/bin/../lib/gcc/arm-none-eabi/10.3.1/../../../../arm-none-eabi/lib/thumb/v6-m/nofp\libc.a(lib_a-mprec.o)
                0x1000b384                __ratio
 .text.__copybits
                0x1000b3ec       0x40 c:/rppico~1/armcc/102021~1.10/bin/../lib/gcc/arm-none-eabi/10.3.1/../../../../arm-none-eabi/lib/thumb/v6-m/nofp\libc.a(lib_a-mprec.o)
                0x1000b3ec                __copybits
 .text.__any_on
                0x1000b42c       0x50 c:/rppico~1/armcc/102021~1.10/bin/../lib/gcc/arm-none-eabi/10.3.1/../../../../arm-none-eabi/lib/thumb/v6-m/nofp\libc.a(lib_a-mprec.o)
                0x1000b42c                __any_on
 .text.nan      0x1000b47c        0xc c:/rppico~1/armcc/102021~1.10/bin/../lib/gcc/arm-none-eabi/10.3.1/../../../../arm-none-eabi/lib/thumb/v6-m/nofp\libc.a(lib_a-s_nan.o)
                0x1000b47c                nan
 .text.strncmp  0x1000b488       0x74 c:/rppico~1/armcc/102021~1.10/bin/../lib/gcc/arm-none-eabi/10.3.1/../../../../arm-none-eabi/lib/thumb/v6-m/nofp\libc.a(lib_a-strncmp.o)
                0x1000b488                strncmp
 .text.__ascii_wctomb
                0x1000b4fc       0x1c c:/rppico~1/armcc/102021~1.10/bin/../lib/gcc/arm-none-eabi/10.3.1/../../../../arm-none-eabi/lib/thumb/v6-m/nofp\libc.a(lib_a-wctomb_r.o)
                0x1000b4fc                __ascii_wctomb
 *(.fini)
 .fini          0x1000b518        0x4 c:/rppico~1/armcc/102021~1.10/bin/../lib/gcc/arm-none-eabi/10.3.1/thumb/v6-m/nofp/crti.o
                0x1000b518                _fini
 *fill*         0x1000b51c        0x4 
 .fini.__stub   0x1000b520       0x70 linker stubs
 *crtbegin.o(.ctors)
 *crtbegin?.o(.ctors)
 *(EXCLUDE_FILE(*crtend.o *crtend?.o) .ctors)
 *(SORT_BY_NAME(.ctors.*))
 *(.ctors)
 *crtbegin.o(.dtors)
 *crtbegin?.o(.dtors)
 *(EXCLUDE_FILE(*crtend.o *crtend?.o) .dtors)
 *(SORT_BY_NAME(.dtors.*))
 *(.dtors)
 *(.eh_frame*)
 .eh_frame      0x1000b590        0x0 c:/rppico~1/armcc/102021~1.10/bin/../lib/gcc/arm-none-eabi/10.3.1/thumb/v6-m/nofp/crtbegin.o
                0x1000b590                . = ALIGN (0x4)

.glue_7         0x1000b590        0x0
 .glue_7        0x1000b590        0x0 linker stubs

.glue_7t        0x1000b590        0x0
 .glue_7t       0x1000b590        0x0 linker stubs

.vfp11_veneer   0x1000b590        0x0
 .vfp11_veneer  0x1000b590        0x0 linker stubs

.v4_bx          0x1000b590        0x0
 .v4_bx         0x1000b590        0x0 linker stubs

.iplt           0x1000b590        0x0
 .iplt          0x1000b590        0x0 c:/rppico~1/armcc/102021~1.10/bin/../lib/gcc/arm-none-eabi/10.3.1/thumb/v6-m/nofp/crtbegin.o

.rodata         0x1000b590      0xc7c
 *(EXCLUDE_FILE(*libm.a: *libc.a:*lib_a-mem*.o *libgcc.a:) .rodata*)
 .rodata.col    0x1000b590       0x10 CMakeFiles/myblinkkey.dir/src/KeyMatrix.c.obj
                0x1000b590                col
 .rodata.row    0x1000b5a0       0x10 CMakeFiles/myblinkkey.dir/src/KeyMatrix.c.obj
                0x1000b5a0                row
 .rodata.TimerInit.str1.4
                0x1000b5b0       0x53 CMakeFiles/myblinkkey.dir/src/timer.c.obj
 *fill*         0x1000b603        0x1 
 .rodata.EEPROM_WriteByte.str1.4
                0x1000b604       0x13 CMakeFiles/myblinkkey.dir/src/eeprom.c.obj
 *fill*         0x1000b617        0x1 
 .rodata.EEPROM_ReadByte.str1.4
                0x1000b618       0x11 CMakeFiles/myblinkkey.dir/src/eeprom.c.obj
 *fill*         0x1000b629        0x3 
 .rodata.LatLonGet.str1.4
                0x1000b62c       0x11 CMakeFiles/myblinkkey.dir/src/gps.c.obj
 *fill*         0x1000b63d        0x3 
 .rodata.LatLonGet
                0x1000b640       0x24 CMakeFiles/myblinkkey.dir/src/gps.c.obj
 .rodata.EventAllInit.str1.4
                0x1000b664       0x1b CMakeFiles/myblinkkey.dir/src/events.c.obj
 *fill*         0x1000b67f        0x1 
 .rodata.FormatPoint.str1.4
                0x1000b680       0xdb CMakeFiles/myblinkkey.dir/src/events.c.obj
 *fill*         0x1000b75b        0x1 
 .rodata.process_Events.str1.4
                0x1000b75c        0xa CMakeFiles/myblinkkey.dir/src/events.c.obj
 *fill*         0x1000b766        0x2 
 .rodata.spin_lock_claim_unused.str1.4
                0x1000b768       0x1b CMakeFiles/myblinkkey.dir/C_/RPPicoSDK/sdk/pico/pico-sdk/src/rp2_common/hardware_sync/sync.c.obj
 *fill*         0x1000b783        0x1 
 .rodata.hardware_alarm_claim.str1.4
                0x1000b784       0x22 CMakeFiles/myblinkkey.dir/C_/RPPicoSDK/sdk/pico/pico-sdk/src/rp2_common/hardware_timer/timer.c.obj
 *fill*         0x1000b7a6        0x2 
 .rodata.__assert_func.str1.4
                0x1000b7a8       0x3f CMakeFiles/myblinkkey.dir/C_/RPPicoSDK/sdk/pico/pico-sdk/src/rp2_common/pico_runtime/runtime.c.obj
                                 0x43 (size before relaxing)
 *fill*         0x1000b7e7        0x1 
 .rodata.panic.str1.4
                0x1000b7e8       0x10 CMakeFiles/myblinkkey.dir/C_/RPPicoSDK/sdk/pico/pico-sdk/src/rp2_common/pico_runtime/runtime.c.obj
                                 0x12 (size before relaxing)
 .rodata.hard_assertion_failure.str1.4
                0x1000b7f8        0xc CMakeFiles/myblinkkey.dir/C_/RPPicoSDK/sdk/pico/pico-sdk/src/rp2_common/pico_runtime/runtime.c.obj
 .rodata._ftoa.str1.4
                0x1000b804       0x15 CMakeFiles/myblinkkey.dir/C_/RPPicoSDK/sdk/pico/pico-sdk/src/rp2_common/pico_printf/printf.c.obj
 *fill*         0x1000b819        0x3 
 .rodata._vsnprintf
                0x1000b81c      0x1e0 CMakeFiles/myblinkkey.dir/C_/RPPicoSDK/sdk/pico/pico-sdk/src/rp2_common/pico_printf/printf.c.obj
 *fill*         0x1000b9fc        0x4 
 .rodata.pow10.0
                0x1000ba00       0x50 CMakeFiles/myblinkkey.dir/C_/RPPicoSDK/sdk/pico/pico-sdk/src/rp2_common/pico_printf/printf.c.obj
 .rodata.str1.4
                0x1000ba50       0x40 CMakeFiles/myblinkkey.dir/C_/RPPicoSDK/sdk/pico/pico-sdk/src/rp2_common/pico_standard_link/binary_info.c.obj
 .rodata.__bi_44
                0x1000ba90        0xc CMakeFiles/myblinkkey.dir/C_/RPPicoSDK/sdk/pico/pico-sdk/src/rp2_common/pico_standard_link/binary_info.c.obj
 .rodata.__bi_75
                0x1000ba9c        0xc CMakeFiles/myblinkkey.dir/C_/RPPicoSDK/sdk/pico/pico-sdk/src/rp2_common/pico_standard_link/binary_info.c.obj
 .rodata.__bi_81
                0x1000baa8        0xc CMakeFiles/myblinkkey.dir/C_/RPPicoSDK/sdk/pico/pico-sdk/src/rp2_common/pico_standard_link/binary_info.c.obj
 .rodata.crlf_str.0
                0x1000bab4        0x2 CMakeFiles/myblinkkey.dir/C_/RPPicoSDK/sdk/pico/pico-sdk/src/rp2_common/pico_stdio/stdio.c.obj
 *fill*         0x1000bab6        0x2 
 .rodata._resetd_driver
                0x1000bab8       0x18 CMakeFiles/myblinkkey.dir/C_/RPPicoSDK/sdk/pico/pico-sdk/src/rp2_common/pico_stdio_usb/reset_interface.c.obj
 .rodata.str1.4
                0x1000bad0       0x13 CMakeFiles/myblinkkey.dir/C_/RPPicoSDK/sdk/pico/pico-sdk/src/rp2_common/pico_stdio_usb/stdio_usb.c.obj
 *fill*         0x1000bae3        0x1 
 .rodata.__bi_93.0
                0x1000bae4        0xc CMakeFiles/myblinkkey.dir/C_/RPPicoSDK/sdk/pico/pico-sdk/src/rp2_common/pico_stdio_usb/stdio_usb.c.obj
 .rodata.str1.4
                0x1000baf0       0x2a CMakeFiles/myblinkkey.dir/C_/RPPicoSDK/sdk/pico/pico-sdk/src/rp2_common/pico_stdio_usb/stdio_usb_descriptors.c.obj
 *fill*         0x1000bb1a        0x2 
 .rodata.usbd_desc_cfg
                0x1000bb1c       0x54 CMakeFiles/myblinkkey.dir/C_/RPPicoSDK/sdk/pico/pico-sdk/src/rp2_common/pico_stdio_usb/stdio_usb_descriptors.c.obj
 .rodata.usbd_desc_device
                0x1000bb70       0x12 CMakeFiles/myblinkkey.dir/C_/RPPicoSDK/sdk/pico/pico-sdk/src/rp2_common/pico_stdio_usb/stdio_usb_descriptors.c.obj
 *fill*         0x1000bb82        0x2 
 .rodata.usbd_desc_str
                0x1000bb84       0x18 CMakeFiles/myblinkkey.dir/C_/RPPicoSDK/sdk/pico/pico-sdk/src/rp2_common/pico_stdio_usb/stdio_usb_descriptors.c.obj
 .rodata.dcd_rp2040_irq.str1.4
                0x1000bb9c       0x14 CMakeFiles/myblinkkey.dir/C_/RPPicoSDK/sdk/pico/pico-sdk/lib/tinyusb/src/portable/raspberrypi/rp2040/dcd_rp2040.c.obj
 .rodata._hw_endpoint_buffer_control_update32.part.0.isra.0.str1.4
                0x1000bbb0       0x1f CMakeFiles/myblinkkey.dir/C_/RPPicoSDK/sdk/pico/pico-sdk/lib/tinyusb/src/portable/raspberrypi/rp2040/rp2040_usb.c.obj
 *fill*         0x1000bbcf        0x1 
 .rodata.hw_endpoint_xfer_continue.str1.4
                0x1000bbd0       0x29 CMakeFiles/myblinkkey.dir/C_/RPPicoSDK/sdk/pico/pico-sdk/lib/tinyusb/src/portable/raspberrypi/rp2040/rp2040_usb.c.obj
 *fill*         0x1000bbf9        0x3 
 .rodata.str1.4
                0x1000bbfc        0x7 CMakeFiles/myblinkkey.dir/C_/RPPicoSDK/sdk/pico/pico-sdk/lib/tinyusb/src/portable/raspberrypi/rp2040/rp2040_usb.c.obj
 *fill*         0x1000bc03        0x1 
 .rodata.tud_task
                0x1000bc04       0x8c CMakeFiles/myblinkkey.dir/C_/RPPicoSDK/sdk/pico/pico-sdk/lib/tinyusb/src/device/usbd.c.obj
 .rodata._usbd_driver
                0x1000bc90       0x18 CMakeFiles/myblinkkey.dir/C_/RPPicoSDK/sdk/pico/pico-sdk/lib/tinyusb/src/device/usbd.c.obj
 .rodata._strtod_l.str1.4
                0x1000bca8        0xf c:/rppico~1/armcc/102021~1.10/bin/../lib/gcc/arm-none-eabi/10.3.1/../../../../arm-none-eabi/lib/thumb/v6-m/nofp\libc.a(lib_a-strtod.o)
                                 0x11 (size before relaxing)
 *fill*         0x1000bcb7        0x1 
 .rodata._strtod_l
                0x1000bcb8       0xd0 c:/rppico~1/armcc/102021~1.10/bin/../lib/gcc/arm-none-eabi/10.3.1/../../../../arm-none-eabi/lib/thumb/v6-m/nofp\libc.a(lib_a-strtod.o)
 .rodata.fpi.1  0x1000bd88       0x14 c:/rppico~1/armcc/102021~1.10/bin/../lib/gcc/arm-none-eabi/10.3.1/../../../../arm-none-eabi/lib/thumb/v6-m/nofp\libc.a(lib_a-strtod.o)
 .rodata.fpinan.0
                0x1000bd9c       0x14 c:/rppico~1/armcc/102021~1.10/bin/../lib/gcc/arm-none-eabi/10.3.1/../../../../arm-none-eabi/lib/thumb/v6-m/nofp\libc.a(lib_a-strtod.o)
 .rodata.tinytens
                0x1000bdb0       0x28 c:/rppico~1/armcc/102021~1.10/bin/../lib/gcc/arm-none-eabi/10.3.1/../../../../arm-none-eabi/lib/thumb/v6-m/nofp\libc.a(lib_a-strtod.o)
 .rodata._ctype_
                0x1000bdd8      0x101 c:/rppico~1/armcc/102021~1.10/bin/../lib/gcc/arm-none-eabi/10.3.1/../../../../arm-none-eabi/lib/thumb/v6-m/nofp\libc.a(lib_a-ctype_.o)
                0x1000bdd8                _ctype_
 *fill*         0x1000bed9        0x3 
 .rodata.__gethex.str1.4
                0x1000bedc       0x9a c:/rppico~1/armcc/102021~1.10/bin/../lib/gcc/arm-none-eabi/10.3.1/../../../../arm-none-eabi/lib/thumb/v6-m/nofp\libc.a(lib_a-gdtoa-gethex.o)
 *fill*         0x1000bf76        0x2 
 .rodata.__hexdig
                0x1000bf78      0x100 c:/rppico~1/armcc/102021~1.10/bin/../lib/gcc/arm-none-eabi/10.3.1/../../../../arm-none-eabi/lib/thumb/v6-m/nofp\libc.a(lib_a-gdtoa-gethex.o)
                0x1000bf78                __hexdig
 .rodata.str1.4
                0x1000c078        0x2 c:/rppico~1/armcc/102021~1.10/bin/../lib/gcc/arm-none-eabi/10.3.1/../../../../arm-none-eabi/lib/thumb/v6-m/nofp\libc.a(lib_a-lnumeric.o)
                                  0x5 (size before relaxing)
 *fill*         0x1000c07a        0x2 
 .rodata._C_numeric_locale
                0x1000c07c        0xc c:/rppico~1/armcc/102021~1.10/bin/../lib/gcc/arm-none-eabi/10.3.1/../../../../arm-none-eabi/lib/thumb/v6-m/nofp\libc.a(lib_a-lnumeric.o)
                0x1000c07c                _C_numeric_locale
 .rodata._setlocale_r.str1.4
                0x1000c088        0x6 c:/rppico~1/armcc/102021~1.10/bin/../lib/gcc/arm-none-eabi/10.3.1/../../../../arm-none-eabi/lib/thumb/v6-m/nofp\libc.a(lib_a-locale.o)
                                  0xd (size before relaxing)
 .rodata.str1.4
                0x1000c08e        0x2 c:/rppico~1/armcc/102021~1.10/bin/../lib/gcc/arm-none-eabi/10.3.1/../../../../arm-none-eabi/lib/thumb/v6-m/nofp\libc.a(lib_a-locale.o)
 *fill*         0x1000c08e        0x2 
 .rodata.__multadd.str1.4
                0x1000c090       0x7f c:/rppico~1/armcc/102021~1.10/bin/../lib/gcc/arm-none-eabi/10.3.1/../../../../arm-none-eabi/lib/thumb/v6-m/nofp\libc.a(lib_a-mprec.o)
                                 0x93 (size before relaxing)
 *fill*         0x1000c10f        0x1 
 .rodata.__mprec_bigtens
                0x1000c110       0x28 c:/rppico~1/armcc/102021~1.10/bin/../lib/gcc/arm-none-eabi/10.3.1/../../../../arm-none-eabi/lib/thumb/v6-m/nofp\libc.a(lib_a-mprec.o)
                0x1000c110                __mprec_bigtens
 .rodata.__mprec_tens
                0x1000c138       0xc8 c:/rppico~1/armcc/102021~1.10/bin/../lib/gcc/arm-none-eabi/10.3.1/../../../../arm-none-eabi/lib/thumb/v6-m/nofp\libc.a(lib_a-mprec.o)
                0x1000c138                __mprec_tens
 .rodata.p05.0  0x1000c200        0xc c:/rppico~1/armcc/102021~1.10/bin/../lib/gcc/arm-none-eabi/10.3.1/../../../../arm-none-eabi/lib/thumb/v6-m/nofp\libc.a(lib_a-mprec.o)
                0x1000c20c                . = ALIGN (0x4)
 *(SORT_BY_ALIGNMENT(SORT_BY_NAME(.flashdata*)))
                0x1000c20c                . = ALIGN (0x4)

.rel.dyn        0x1000c20c        0x0
 .rel.iplt      0x1000c20c        0x0 c:/rppico~1/armcc/102021~1.10/bin/../lib/gcc/arm-none-eabi/10.3.1/thumb/v6-m/nofp/crtbegin.o

.ARM.extab
 *(.ARM.extab* .gnu.linkonce.armextab.*)
                0x1000c20c                __exidx_start = .

.ARM.exidx
 *(.ARM.exidx* .gnu.linkonce.armexidx.*)
                0x1000c20c                __exidx_end = .
                0x1000c20c                . = ALIGN (0x4)
                0x1000c20c                __binary_info_start = .

.binary_info    0x1000c20c       0x20
 *(.binary_info.keep.*)
 .binary_info.keep.__bi_ptr22
                0x1000c20c        0x4 CMakeFiles/myblinkkey.dir/C_/RPPicoSDK/sdk/pico/pico-sdk/src/rp2_common/pico_standard_link/binary_info.c.obj
 .binary_info.keep.__bi_ptr30
                0x1000c210        0x4 CMakeFiles/myblinkkey.dir/C_/RPPicoSDK/sdk/pico/pico-sdk/src/rp2_common/pico_standard_link/binary_info.c.obj
 .binary_info.keep.__bi_ptr38
                0x1000c214        0x4 CMakeFiles/myblinkkey.dir/C_/RPPicoSDK/sdk/pico/pico-sdk/src/rp2_common/pico_standard_link/binary_info.c.obj
 .binary_info.keep.__bi_ptr44
                0x1000c218        0x4 CMakeFiles/myblinkkey.dir/C_/RPPicoSDK/sdk/pico/pico-sdk/src/rp2_common/pico_standard_link/binary_info.c.obj
 .binary_info.keep.__bi_ptr50
                0x1000c21c        0x4 CMakeFiles/myblinkkey.dir/C_/RPPicoSDK/sdk/pico/pico-sdk/src/rp2_common/pico_standard_link/binary_info.c.obj
 .binary_info.keep.__bi_ptr75
                0x1000c220        0x4 CMakeFiles/myblinkkey.dir/C_/RPPicoSDK/sdk/pico/pico-sdk/src/rp2_common/pico_standard_link/binary_info.c.obj
 .binary_info.keep.__bi_ptr81
                0x1000c224        0x4 CMakeFiles/myblinkkey.dir/C_/RPPicoSDK/sdk/pico/pico-sdk/src/rp2_common/pico_standard_link/binary_info.c.obj
 *(.binary_info.*)
 .binary_info.__bi_ptr93
                0x1000c228        0x4 CMakeFiles/myblinkkey.dir/C_/RPPicoSDK/sdk/pico/pico-sdk/src/rp2_common/pico_stdio_usb/stdio_usb.c.obj
                0x1000c22c                __binary_info_end = .
                0x1000c22c                . = ALIGN (0x4)
                0x1000c22c                __etext = .

.ram_vector_table
                0x20000000       0xc0
 *(.ram_vector_table)
 .ram_vector_table
                0x20000000       0xc0 CMakeFiles/myblinkkey.dir/C_/RPPicoSDK/sdk/pico/pico-sdk/src/rp2_common/pico_runtime/runtime.c.obj
                0x20000000                ram_vector_table

.data           0x200000c0      0xdb0 load address 0x1000c22c
                0x200000c0                __data_start__ = .
 *(vtable)
 *(.time_critical*)
 .time_critical.mutex_enter_blocking
                0x200000c0       0x48 CMakeFiles/myblinkkey.dir/C_/RPPicoSDK/sdk/pico/pico-sdk/src/common/pico_sync/mutex.c.obj
                0x200000c0                mutex_enter_blocking
 .time_critical.mutex_try_enter
                0x20000108       0x44 CMakeFiles/myblinkkey.dir/C_/RPPicoSDK/sdk/pico/pico-sdk/src/common/pico_sync/mutex.c.obj
                0x20000108                mutex_try_enter
 .time_critical.mutex_enter_timeout_ms
                0x2000014c       0xa0 CMakeFiles/myblinkkey.dir/C_/RPPicoSDK/sdk/pico/pico-sdk/src/common/pico_sync/mutex.c.obj
                0x2000014c                mutex_enter_timeout_ms
 .time_critical.mutex_exit
                0x200001ec       0x28 CMakeFiles/myblinkkey.dir/C_/RPPicoSDK/sdk/pico/pico-sdk/src/common/pico_sync/mutex.c.obj
                0x200001ec                mutex_exit
 .time_critical.flash_init_boot2_copyout
                0x20000214       0x30 CMakeFiles/myblinkkey.dir/C_/RPPicoSDK/sdk/pico/pico-sdk/src/rp2_common/hardware_flash/flash.c.obj
 .time_critical.flash_enable_xip_via_boot2
                0x20000244       0x10 CMakeFiles/myblinkkey.dir/C_/RPPicoSDK/sdk/pico/pico-sdk/src/rp2_common/hardware_flash/flash.c.obj
 .time_critical.flash_cs_force
                0x20000254       0x38 CMakeFiles/myblinkkey.dir/C_/RPPicoSDK/sdk/pico/pico-sdk/src/rp2_common/hardware_flash/flash.c.obj
 .time_critical.flash_do_cmd
                0x2000028c       0xc4 CMakeFiles/myblinkkey.dir/C_/RPPicoSDK/sdk/pico/pico-sdk/src/rp2_common/hardware_flash/flash.c.obj
                0x2000028c                flash_do_cmd
 *(.text*)
 .text          0x20000350        0x4 c:/rppico~1/armcc/102021~1.10/bin/../lib/gcc/arm-none-eabi/10.3.1/thumb/v6-m/nofp\libgcc.a(_dvmd_tls.o)
                0x20000350                __aeabi_idiv0
                0x20000350                __aeabi_ldiv0
 *fill*         0x20000354        0x4 
 .text.__stub   0x20000358       0x30 linker stubs
                0x20000388                . = ALIGN (0x4)
 *(.rodata*)
                0x20000388                . = ALIGN (0x4)
 *(.data*)
 .data.keys     0x20000388       0x10 CMakeFiles/myblinkkey.dir/src/KeyMatrix.c.obj
                0x20000388                keys
 .data.LCDpins  0x20000398       0x1c CMakeFiles/myblinkkey.dir/src/lcd.c.obj
                0x20000398                LCDpins
 .data.AddrWrite
                0x200003b4        0x2 CMakeFiles/myblinkkey.dir/src/gps.c.obj
                0x200003b4                AddrWrite
 .data.FlagPoint
                0x200003b6        0x1 CMakeFiles/myblinkkey.dir/src/gps.c.obj
                0x200003b6                FlagPoint
 .data.FlagShow
                0x200003b7        0x1 CMakeFiles/myblinkkey.dir/src/gps.c.obj
                0x200003b7                FlagShow
 .data.key      0x200003b8        0x1 CMakeFiles/myblinkkey.dir/src/events.c.obj
                0x200003b8                key
 .data.striped_spin_lock_num
                0x200003b9        0x1 CMakeFiles/myblinkkey.dir/C_/RPPicoSDK/sdk/pico/pico-sdk/src/rp2_common/hardware_sync/sync.c.obj
 *fill*         0x200003ba        0x2 
 .data.default_alarm_pool
                0x200003bc       0x18 CMakeFiles/myblinkkey.dir/C_/RPPicoSDK/sdk/pico/pico-sdk/src/common/pico_time/time.c.obj
 .data.default_alarm_pool_heap
                0x200003d4       0x10 CMakeFiles/myblinkkey.dir/C_/RPPicoSDK/sdk/pico/pico-sdk/src/common/pico_time/time.c.obj
 .data          0x200003e4       0x48 CMakeFiles/myblinkkey.dir/C_/RPPicoSDK/sdk/pico/pico-sdk/src/rp2_common/hardware_irq/irq_handler_chain.S.obj
                0x200003e4                irq_handler_chain_slots
                0x20000414                irq_handler_chain_first_slot
                0x2000041e                irq_handler_chain_remove_tail
 *fill*         0x2000042c        0x4 
 .data.aeabi_bits_funcs
                0x20000430       0x10 CMakeFiles/myblinkkey.dir/C_/RPPicoSDK/sdk/pico/pico-sdk/src/rp2_common/pico_bit_ops/bit_ops_aeabi.S.obj
                0x20000430                aeabi_bits_funcs
                0x20000440                aeabi_bits_funcs_end
 .data.aeabi_mem_funcs
                0x20000440       0x10 CMakeFiles/myblinkkey.dir/C_/RPPicoSDK/sdk/pico/pico-sdk/src/rp2_common/pico_mem_ops/mem_ops_aeabi.S.obj
                0x20000440                aeabi_mem_funcs
                0x20000450                aeabi_mem_funcs_end
 .data.stdio_usb
                0x20000450       0x14 CMakeFiles/myblinkkey.dir/C_/RPPicoSDK/sdk/pico/pico-sdk/src/rp2_common/pico_stdio_usb/stdio_usb.c.obj
                0x20000450                stdio_usb
 .data.ep_dir_string
                0x20000464        0x8 CMakeFiles/myblinkkey.dir/C_/RPPicoSDK/sdk/pico/pico-sdk/lib/tinyusb/src/portable/raspberrypi/rp2040/rp2040_usb.c.obj
                0x20000464                ep_dir_string
 .data._usbd_qdef
                0x2000046c       0x24 CMakeFiles/myblinkkey.dir/C_/RPPicoSDK/sdk/pico/pico-sdk/lib/tinyusb/src/device/usbd.c.obj
                0x2000046c                _usbd_qdef
 .data.i2c0_inst
                0x20000490        0x8 CMakeFiles/myblinkkey.dir/C_/RPPicoSDK/sdk/pico/pico-sdk/src/rp2_common/hardware_i2c/i2c.c.obj
                0x20000490                i2c0_inst
 .data.i2c1_inst
                0x20000498        0x8 CMakeFiles/myblinkkey.dir/C_/RPPicoSDK/sdk/pico/pico-sdk/src/rp2_common/hardware_i2c/i2c.c.obj
                0x20000498                i2c1_inst
 .data._impure_ptr
                0x200004a0        0x4 c:/rppico~1/armcc/102021~1.10/bin/../lib/gcc/arm-none-eabi/10.3.1/../../../../arm-none-eabi/lib/thumb/v6-m/nofp\libc.a(lib_a-impure.o)
                0x200004a0                _impure_ptr
 *fill*         0x200004a4        0x4 
 .data.impure_data
                0x200004a8      0x428 c:/rppico~1/armcc/102021~1.10/bin/../lib/gcc/arm-none-eabi/10.3.1/../../../../arm-none-eabi/lib/thumb/v6-m/nofp\libc.a(lib_a-impure.o)
 .data.__malloc_av_
                0x200008d0      0x408 c:/rppico~1/armcc/102021~1.10/bin/../lib/gcc/arm-none-eabi/10.3.1/../../../../arm-none-eabi/lib/thumb/v6-m/nofp\libc.a(lib_a-mallocr.o)
                0x200008d0                __malloc_av_
 .data.__malloc_sbrk_base
                0x20000cd8        0x4 c:/rppico~1/armcc/102021~1.10/bin/../lib/gcc/arm-none-eabi/10.3.1/../../../../arm-none-eabi/lib/thumb/v6-m/nofp\libc.a(lib_a-mallocr.o)
                0x20000cd8                __malloc_sbrk_base
 .data.__malloc_trim_threshold
                0x20000cdc        0x4 c:/rppico~1/armcc/102021~1.10/bin/../lib/gcc/arm-none-eabi/10.3.1/../../../../arm-none-eabi/lib/thumb/v6-m/nofp\libc.a(lib_a-mallocr.o)
                0x20000cdc                __malloc_trim_threshold
 .data.numempty
                0x20000ce0        0x2 c:/rppico~1/armcc/102021~1.10/bin/../lib/gcc/arm-none-eabi/10.3.1/../../../../arm-none-eabi/lib/thumb/v6-m/nofp\libc.a(lib_a-lnumeric.o)
 *fill*         0x20000ce2        0x2 
 .data.__global_locale
                0x20000ce4      0x16c c:/rppico~1/armcc/102021~1.10/bin/../lib/gcc/arm-none-eabi/10.3.1/../../../../arm-none-eabi/lib/thumb/v6-m/nofp\libc.a(lib_a-locale.o)
                0x20000ce4                __global_locale
                0x20000e50                . = ALIGN (0x4)
 *(.after_data.*)
                0x20000e50                . = ALIGN (0x4)
                0x20000e50                PROVIDE (__mutex_array_start = .)
 *(SORT_BY_NAME(.mutex_array.*))
 *(.mutex_array)
 .mutex_array   0x20000e50        0x8 CMakeFiles/myblinkkey.dir/C_/RPPicoSDK/sdk/pico/pico-sdk/src/rp2_common/pico_stdio/stdio.c.obj
                0x20000e58                PROVIDE (__mutex_array_end = .)
                0x20000e58                . = ALIGN (0x4)
                0x20000e58                PROVIDE (__preinit_array_start = .)
 *(SORT_BY_NAME(.preinit_array.*))
 .preinit_array.00001
                0x20000e58        0x4 CMakeFiles/myblinkkey.dir/C_/RPPicoSDK/sdk/pico/pico-sdk/src/rp2_common/pico_mem_ops/mem_ops_aeabi.S.obj
 .preinit_array.00010
                0x20000e5c        0x4 CMakeFiles/myblinkkey.dir/C_/RPPicoSDK/sdk/pico/pico-sdk/src/rp2_common/pico_bit_ops/bit_ops_aeabi.S.obj
 .preinit_array.00020
                0x20000e60        0x4 CMakeFiles/myblinkkey.dir/C_/RPPicoSDK/sdk/pico/pico-sdk/src/rp2_common/pico_double/double_aeabi.S.obj
 .preinit_array.00020
                0x20000e64        0x4 CMakeFiles/myblinkkey.dir/C_/RPPicoSDK/sdk/pico/pico-sdk/src/rp2_common/pico_float/float_aeabi.S.obj
 *(.preinit_array)
                0x20000e68                PROVIDE (__preinit_array_end = .)
                0x20000e68                . = ALIGN (0x4)
                0x20000e68                PROVIDE (__init_array_start = .)
 *(SORT_BY_NAME(.init_array.*))
 *(.init_array)
 .init_array    0x20000e68        0x4 c:/rppico~1/armcc/102021~1.10/bin/../lib/gcc/arm-none-eabi/10.3.1/thumb/v6-m/nofp/crtbegin.o
 .init_array    0x20000e6c        0x4 CMakeFiles/myblinkkey.dir/C_/RPPicoSDK/sdk/pico/pico-sdk/src/rp2_common/pico_unique_id/unique_id.c.obj
                0x20000e70                PROVIDE (__init_array_end = .)
                0x20000e70                . = ALIGN (0x4)
                [!provide]                PROVIDE (__fini_array_start = .)
 *(SORT_BY_NAME(.fini_array.*))
 *(.fini_array)
                [!provide]                PROVIDE (__fini_array_end = .)
 *(.jcr)
                0x20000e70                . = ALIGN (0x4)
                0x20000e70                __data_end__ = .

.igot.plt       0x20000e70        0x0 load address 0x1000cfdc
 .igot.plt      0x20000e70        0x0 c:/rppico~1/armcc/102021~1.10/bin/../lib/gcc/arm-none-eabi/10.3.1/thumb/v6-m/nofp/crtbegin.o

.uninitialized_data
                0x20000e70        0x0 load address 0x1000cfdc
                0x20000e70                . = ALIGN (0x4)
 *(.uninitialized_data*)

.scratch_x      0x20040000        0x0 load address 0x1000cfdc
                0x20040000                __scratch_x_start__ = .
 *(.scratch_x.*)
                0x20040000                . = ALIGN (0x4)
                0x20040000                __scratch_x_end__ = .
                0x1000cfdc                __scratch_x_source__ = LOADADDR (.scratch_x)

.scratch_y      0x20041000        0x0 load address 0x1000cfdc
                0x20041000                __scratch_y_start__ = .
 *(.scratch_y.*)
                0x20041000                . = ALIGN (0x4)
                0x20041000                __scratch_y_end__ = .
                0x1000cfdc                __scratch_y_source__ = LOADADDR (.scratch_y)

.bss            0x20000e70      0xe44
                0x20000e70                . = ALIGN (0x4)
                0x20000e70                __bss_start__ = .
 *(SORT_BY_ALIGNMENT(SORT_BY_NAME(.bss*)))
 .bss.default_alarm_pool_entries
                0x20000e70      0x100 CMakeFiles/myblinkkey.dir/C_/RPPicoSDK/sdk/pico/pico-sdk/src/common/pico_time/time.c.obj
 .bss.last_avail_time.1
                0x20000f70        0x8 CMakeFiles/myblinkkey.dir/C_/RPPicoSDK/sdk/pico/pico-sdk/src/rp2_common/pico_stdio_usb/stdio_usb.c.obj
 .bss.sd_table  0x20000f78      0x100 CMakeFiles/myblinkkey.dir/C_/RPPicoSDK/sdk/pico/pico-sdk/src/rp2_common/pico_double/double_init_rom.c.obj
                0x20000f78                sd_table
 .bss.sf_table  0x20001078      0x100 CMakeFiles/myblinkkey.dir/C_/RPPicoSDK/sdk/pico/pico-sdk/src/rp2_common/pico_float/float_init_rom.c.obj
                0x20001078                sf_table
 .bss.timer     0x20001178       0x18 CMakeFiles/myblinkkey.dir/src/timer.c.obj
                0x20001178                timer
 .bss           0x20001190       0x1c c:/rppico~1/armcc/102021~1.10/bin/../lib/gcc/arm-none-eabi/10.3.1/thumb/v6-m/nofp/crtbegin.o
 .bss.ArrayCnt  0x200011ac        0x3 CMakeFiles/myblinkkey.dir/src/gps.c.obj
                0x200011ac                ArrayCnt
 *fill*         0x200011af        0x1 
 .bss.CntShow   0x200011b0        0x4 CMakeFiles/myblinkkey.dir/src/gps.c.obj
                0x200011b0                CntShow
 .bss.Date      0x200011b4        0x6 CMakeFiles/myblinkkey.dir/src/gps.c.obj
                0x200011b4                Date
 *fill*         0x200011ba        0x2 
 .bss.Hex       0x200011bc        0x4 CMakeFiles/myblinkkey.dir/src/events.c.obj
                0x200011bc                Hex
 .bss.Lat       0x200011c0        0xf CMakeFiles/myblinkkey.dir/src/gps.c.obj
                0x200011c0                Lat
 *fill*         0x200011cf        0x1 
 .bss.LatIEEE   0x200011d0        0x4 CMakeFiles/myblinkkey.dir/src/gps.c.obj
                0x200011d0                LatIEEE
 .bss.Long      0x200011d4        0xf CMakeFiles/myblinkkey.dir/src/gps.c.obj
                0x200011d4                Long
 *fill*         0x200011e3        0x1 
 .bss.LongIEEE  0x200011e4        0x4 CMakeFiles/myblinkkey.dir/src/gps.c.obj
                0x200011e4                LongIEEE
 .bss.ReadData.0
                0x200011e8        0x4 CMakeFiles/myblinkkey.dir/src/eeprom.c.obj
 .bss.__lock___malloc_recursive_mutex
                0x200011ec        0x1 c:/rppico~1/armcc/102021~1.10/bin/../lib/gcc/arm-none-eabi/10.3.1/../../../../arm-none-eabi/lib/thumb/v6-m/nofp\libc.a(lib_a-lock.o)
                0x200011ec                __lock___malloc_recursive_mutex
 *fill*         0x200011ed        0x3 
 .bss.__malloc_current_mallinfo
                0x200011f0       0x28 c:/rppico~1/armcc/102021~1.10/bin/../lib/gcc/arm-none-eabi/10.3.1/../../../../arm-none-eabi/lib/thumb/v6-m/nofp\libc.a(lib_a-mallocr.o)
                0x200011f0                __malloc_current_mallinfo
 .bss.__malloc_max_sbrked_mem
                0x20001218        0x4 c:/rppico~1/armcc/102021~1.10/bin/../lib/gcc/arm-none-eabi/10.3.1/../../../../arm-none-eabi/lib/thumb/v6-m/nofp\libc.a(lib_a-mallocr.o)
                0x20001218                __malloc_max_sbrked_mem
 .bss.__malloc_max_total_mem
                0x2000121c        0x4 c:/rppico~1/armcc/102021~1.10/bin/../lib/gcc/arm-none-eabi/10.3.1/../../../../arm-none-eabi/lib/thumb/v6-m/nofp\libc.a(lib_a-mallocr.o)
                0x2000121c                __malloc_max_total_mem
 .bss.__malloc_top_pad
                0x20001220        0x4 c:/rppico~1/armcc/102021~1.10/bin/../lib/gcc/arm-none-eabi/10.3.1/../../../../arm-none-eabi/lib/thumb/v6-m/nofp\libc.a(lib_a-mallocr.o)
                0x20001220                __malloc_top_pad
 .bss._app_driver
                0x20001224        0x4 CMakeFiles/myblinkkey.dir/C_/RPPicoSDK/sdk/pico/pico-sdk/lib/tinyusb/src/device/usbd.c.obj
 .bss._callbacks
                0x20001228        0x8 CMakeFiles/myblinkkey.dir/C_/RPPicoSDK/sdk/pico/pico-sdk/src/rp2_common/hardware_gpio/gpio.c.obj
 .bss._cdcd_itf
                0x20001230      0x2d8 CMakeFiles/myblinkkey.dir/C_/RPPicoSDK/sdk/pico/pico-sdk/lib/tinyusb/src/class/cdc/cdc_device.c.obj
 .bss._ctrl_xfer
                0x20001508       0x14 CMakeFiles/myblinkkey.dir/C_/RPPicoSDK/sdk/pico/pico-sdk/lib/tinyusb/src/device/usbd_control.c.obj
 .bss._ubsd_mutexdef
                0x2000151c        0x8 CMakeFiles/myblinkkey.dir/C_/RPPicoSDK/sdk/pico/pico-sdk/lib/tinyusb/src/device/usbd.c.obj
 .bss._usbd_ctrl_buf
                0x20001524       0x40 CMakeFiles/myblinkkey.dir/C_/RPPicoSDK/sdk/pico/pico-sdk/lib/tinyusb/src/device/usbd_control.c.obj
 .bss._usbd_dev