Archive member included to satisfy reference by file (symbol)

c:/rppico~1/armcc/102021~1.10/bin/../lib/gcc/arm-none-eabi/10.3.1/thumb/v6-m/nofp\libgcc.a(_dvmd_tls.o)
                              CMakeFiles/myblinkkey.dir/C_/RPPicoSDK/sdk/pico/pico-sdk/src/rp2_common/pico_divider/divider.S.obj (__aeabi_idiv0)
c:/rppico~1/armcc/102021~1.10/bin/../lib/gcc/arm-none-eabi/10.3.1/../../../../arm-none-eabi/lib/thumb/v6-m/nofp\libc.a(lib_a-atof.o)
                              CMakeFiles/myblinkkey.dir/src/gps.c.obj (atof)
c:/rppico~1/armcc/102021~1.10/bin/../lib/gcc/arm-none-eabi/10.3.1/../../../../arm-none-eabi/lib/thumb/v6-m/nofp\libc.a(lib_a-atoi.o)
                              CMakeFiles/myblinkkey.dir/src/gps.c.obj (atoi)
c:/rppico~1/armcc/102021~1.10/bin/../lib/gcc/arm-none-eabi/10.3.1/../../../../arm-none-eabi/lib/thumb/v6-m/nofp\libc.a(lib_a-calloc.o)
                              CMakeFiles/myblinkkey.dir/C_/RPPicoSDK/sdk/pico/pico-sdk/src/rp2_common/pico_malloc/pico_malloc.c.obj (calloc)
c:/rppico~1/armcc/102021~1.10/bin/../lib/gcc/arm-none-eabi/10.3.1/../../../../arm-none-eabi/lib/thumb/v6-m/nofp\libc.a(lib_a-callocr.o)
                              c:/rppico~1/armcc/102021~1.10/bin/../lib/gcc/arm-none-eabi/10.3.1/../../../../arm-none-eabi/lib/thumb/v6-m/nofp\libc.a(lib_a-calloc.o) (_calloc_r)
c:/rppico~1/armcc/102021~1.10/bin/../lib/gcc/arm-none-eabi/10.3.1/../../../../arm-none-eabi/lib/thumb/v6-m/nofp\libc.a(lib_a-errno.o)
                              c:/rppico~1/armcc/102021~1.10/bin/../lib/gcc/arm-none-eabi/10.3.1/../../../../arm-none-eabi/lib/thumb/v6-m/nofp\libc.a(lib_a-callocr.o) (__errno)
c:/rppico~1/armcc/102021~1.10/bin/../lib/gcc/arm-none-eabi/10.3.1/../../../../arm-none-eabi/lib/thumb/v6-m/nofp\libc.a(lib_a-impure.o)
                              c:/rppico~1/armcc/102021~1.10/bin/../lib/gcc/arm-none-eabi/10.3.1/../../../../arm-none-eabi/lib/thumb/v6-m/nofp\libc.a(lib_a-calloc.o) (_impure_ptr)
c:/rppico~1/armcc/102021~1.10/bin/../lib/gcc/arm-none-eabi/10.3.1/../../../../arm-none-eabi/lib/thumb/v6-m/nofp\libc.a(lib_a-init.o)
                              c:/rppico~1/armcc/102021~1.10/bin/../lib/gcc/arm-none-eabi/10.3.1/../../../../arm-none-eabi/lib/thumb/v6-m/nofp/crt0.o (__libc_init_array)
c:/rppico~1/armcc/102021~1.10/bin/../lib/gcc/arm-none-eabi/10.3.1/../../../../arm-none-eabi/lib/thumb/v6-m/nofp\libc.a(lib_a-malloc.o)
                              CMakeFiles/myblinkkey.dir/C_/RPPicoSDK/sdk/pico/pico-sdk/src/rp2_common/pico_malloc/pico_malloc.c.obj (malloc)
c:/rppico~1/armcc/102021~1.10/bin/../lib/gcc/arm-none-eabi/10.3.1/../../../../arm-none-eabi/lib/thumb/v6-m/nofp\libc.a(lib_a-mallocr.o)
                              c:/rppico~1/armcc/102021~1.10/bin/../lib/gcc/arm-none-eabi/10.3.1/../../../../arm-none-eabi/lib/thumb/v6-m/nofp\libc.a(lib_a-callocr.o) (_malloc_r)
c:/rppico~1/armcc/102021~1.10/bin/../lib/gcc/arm-none-eabi/10.3.1/../../../../arm-none-eabi/lib/thumb/v6-m/nofp\libc.a(lib_a-mlock.o)
                              c:/rppico~1/armcc/102021~1.10/bin/../lib/gcc/arm-none-eabi/10.3.1/../../../../arm-none-eabi/lib/thumb/v6-m/nofp\libc.a(lib_a-mallocr.o) (__malloc_lock)
c:/rppico~1/armcc/102021~1.10/bin/../lib/gcc/arm-none-eabi/10.3.1/../../../../arm-none-eabi/lib/thumb/v6-m/nofp\libc.a(lib_a-sbrkr.o)
                              c:/rppico~1/armcc/102021~1.10/bin/../lib/gcc/arm-none-eabi/10.3.1/../../../../arm-none-eabi/lib/thumb/v6-m/nofp\libc.a(lib_a-mallocr.o) (_sbrk_r)
c:/rppico~1/armcc/102021~1.10/bin/../lib/gcc/arm-none-eabi/10.3.1/../../../../arm-none-eabi/lib/thumb/v6-m/nofp\libc.a(lib_a-strlen-stub.o)
                              CMakeFiles/myblinkkey.dir/src/lcd.c.obj (strlen)
c:/rppico~1/armcc/102021~1.10/bin/../lib/gcc/arm-none-eabi/10.3.1/../../../../arm-none-eabi/lib/thumb/v6-m/nofp\libc.a(lib_a-strtod.o)
                              c:/rppico~1/armcc/102021~1.10/bin/../lib/gcc/arm-none-eabi/10.3.1/../../../../arm-none-eabi/lib/thumb/v6-m/nofp\libc.a(lib_a-atof.o) (strtod)
c:/rppico~1/armcc/102021~1.10/bin/../lib/gcc/arm-none-eabi/10.3.1/../../../../arm-none-eabi/lib/thumb/v6-m/nofp\libc.a(lib_a-strtol.o)
                              c:/rppico~1/armcc/102021~1.10/bin/../lib/gcc/arm-none-eabi/10.3.1/../../../../arm-none-eabi/lib/thumb/v6-m/nofp\libc.a(lib_a-atoi.o) (_strtol_r)
c:/rppico~1/armcc/102021~1.10/bin/../lib/gcc/arm-none-eabi/10.3.1/../../../../arm-none-eabi/lib/thumb/v6-m/nofp\libc.a(lib_a-ctype_.o)
                              c:/rppico~1/armcc/102021~1.10/bin/../lib/gcc/arm-none-eabi/10.3.1/../../../../arm-none-eabi/lib/thumb/v6-m/nofp\libc.a(lib_a-strtol.o) (_ctype_)
c:/rppico~1/armcc/102021~1.10/bin/../lib/gcc/arm-none-eabi/10.3.1/../../../../arm-none-eabi/lib/thumb/v6-m/nofp\libc.a(lib_a-freer.o)
                              c:/rppico~1/armcc/102021~1.10/bin/../lib/gcc/arm-none-eabi/10.3.1/../../../../arm-none-eabi/lib/thumb/v6-m/nofp\libc.a(lib_a-malloc.o) (_free_r)
[...]
Memory Configuration

Name             Origin             Length             Attributes
FLASH            0x10000000         0x00200000         xr
RAM              0x20000000         0x00040000         xrw
SCRATCH_X        0x20040000         0x00001000         xrw
SCRATCH_Y        0x20041000         0x00001000         xrw
*default*        0x00000000         0xffffffff

Linker script and memory map

LOAD c:/rppico~1/armcc/102021~1.10/bin/../lib/gcc/arm-none-eabi/10.3.1/thumb/v6-m/nofp/crti.o
LOAD c:/rppico~1/armcc/102021~1.10/bin/../lib/gcc/arm-none-eabi/10.3.1/thumb/v6-m/nofp/crtbegin.o
LOAD c:/rppico~1/armcc/102021~1.10/bin/../lib/gcc/arm-none-eabi/10.3.1/../../../../arm-none-eabi/lib/thumb/v6-m/nofp/crt0.o

.flash_begin    0x10000000        0x0
                0x10000000                __flash_binary_start = .

.boot2          0x10000000      0x100
                0x10000000                __boot2_start__ = .
 *(.boot2)
 .boot2         0x10000000      0x100 C:\Users\Maycol\AppData\Local\Temp\cc0DKDgl.o
                0x10000100                __boot2_end__ = .
                0x00000001                ASSERT (((__boot2_end__ - __boot2_start__) == 0x100), ERROR: Pico second stage bootloader must be 256 bytes in size)

.text           0x10000100     0xb4d8
                0x10000100                __logical_binary_start = .
 *(.vectors)
 .vectors       0x10000100       0xd4 CMakeFiles/myblinkkey.dir/C_/RPPicoSDK/sdk/pico/pico-sdk/src/rp2_common/pico_standard_link/crt0.S.obj
                0x10000100                __VECTOR_TABLE
                0x10000100                __vectors
                0x100001c0                isr_invalid
                0x100001c0                __default_isrs_start
                0x100001c2                isr_nmi
                0x100001c4                isr_hardfault
                0x100001c6                isr_svcall
                0x100001c8                isr_pendsv
                0x100001ca                isr_systick
                0x100001cc                isr_irq23
                0x100001cc                isr_irq18
                0x100001cc                isr_irq11
                0x100001cc                isr_irq28
                0x100001cc                isr_irq19
                0x100001cc                isr_irq0
                0x100001cc                isr_irq6
                0x100001cc                isr_irq5
                0x100001cc                isr_irq12
                0x100001cc                isr_irq22
                0x100001cc                isr_irq31
                0x100001cc                isr_irq17
                0x100001cc                isr_irq27
                0x100001cc                isr_irq30
                0x100001cc                isr_irq2
                0x100001cc                isr_irq10
                0x100001cc                isr_irq8
                0x100001cc                isr_irq24
                0x100001cc                isr_irq1
                0x100001cc                isr_irq7
                0x100001cc                isr_irq21
                0x100001cc                isr_irq20
                0x100001cc                isr_irq15
                0x100001cc                isr_irq25
                0x100001cc                isr_irq13
                0x100001cc                __unhandled_user_irq
                0x100001cc                isr_irq4
                0x100001cc                isr_irq16
                0x100001cc                isr_irq29
                0x100001cc                isr_irq26
                0x100001cc                __default_isrs_end
                0x100001cc                isr_irq3
                0x100001cc                isr_irq14
                0x100001cc                isr_irq9
                0x100001d2                unhandled_user_irq_num_in_r0
 *(.binary_info_header)
 .binary_info_header
                0x100001d4       0x14 CMakeFiles/myblinkkey.dir/C_/RPPicoSDK/sdk/pico/pico-sdk/src/rp2_common/pico_standard_link/crt0.S.obj
                0x100001e8                __binary_info_header_end = .
 *(.reset)
 .reset         0x100001e8       0xa8 CMakeFiles/myblinkkey.dir/C_/RPPicoSDK/sdk/pico/pico-sdk/src/rp2_common/pico_standard_link/crt0.S.obj
                0x100001e8                _entry_point
                0x10000266                __get_current_exception
 .reset         0x10000290       0x30 CMakeFiles/myblinkkey.dir/C_/RPPicoSDK/sdk/pico/pico-sdk/src/rp2_common/pico_standard_link/binary_info.c.obj
 *(.init)
 .init          0x100002c0        0x4 c:/rppico~1/armcc/102021~1.10/bin/../lib/gcc/arm-none-eabi/10.3.1/thumb/v6-m/nofp/crti.o
                0x100002c0                _init
 *(EXCLUDE_FILE(*libm.a: *libc.a:*lib_a-mem*.o *libgcc.a:) .text*)
 .text          0x100002c4       0x48 c:/rppico~1/armcc/102021~1.10/bin/../lib/gcc/arm-none-eabi/10.3.1/thumb/v6-m/nofp/crtbegin.o
 .text.startup.main
                0x1000030c        0xc CMakeFiles/myblinkkey.dir/src/main.c.obj
                0x1000030c                main
 .text.gpio_callback
                0x10000318       0x14 CMakeFiles/myblinkkey.dir/src/KeyMatrix.c.obj
                0x10000318                gpio_callback
 .text.keyMatrixInit
                0x1000032c       0x74 CMakeFiles/myblinkkey.dir/src/KeyMatrix.c.obj
                0x1000032c                keyMatrixInit
 .text.keyMatrixRead
                0x100003a0      0x164 CMakeFiles/myblinkkey.dir/src/KeyMatrix.c.obj
                0x100003a0                keyMatrixRead
 .text.timer_callback
                0x10000504       0x10 CMakeFiles/myblinkkey.dir/src/timer.c.obj
                0x10000504                timer_callback
 .text.TimerInit
                0x10000514       0x58 CMakeFiles/myblinkkey.dir/src/timer.c.obj
                0x10000514                TimerInit
 .text.CmdWrite8
                0x1000056c      0x170 CMakeFiles/myblinkkey.dir/src/lcd.c.obj
                0x1000056c                CmdWrite8
 .text.DataWrite
                0x100006dc      0x170 CMakeFiles/myblinkkey.dir/src/lcd.c.obj
                0x100006dc                DataWrite
 .text.LCDInit  0x1000084c      0x150 CMakeFiles/myblinkkey.dir/src/lcd.c.obj
                0x1000084c                LCDInit
 .text.Clear    0x1000099c       0x34 CMakeFiles/myblinkkey.dir/src/lcd.c.obj
                0x1000099c                Clear
 .text.setCursor
                0x100009d0       0x24 CMakeFiles/myblinkkey.dir/src/lcd.c.obj
                0x100009d0                setCursor
 .text.WriteMessage
                0x100009f4       0x1c CMakeFiles/myblinkkey.dir/src/lcd.c.obj
                0x100009f4                WriteMessage
 .text.i2cInit  0x10000a10       0x38 CMakeFiles/myblinkkey.dir/src/eeprom.c.obj
                0x10000a10                i2cInit
 .text.EEPROM_WriteByte
                0x10000a48       0x34 CMakeFiles/myblinkkey.dir/src/eeprom.c.obj
                0x10000a48                EEPROM_WriteByte
 .text.EEPROM_ReadByte
                0x10000a7c       0x60 CMakeFiles/myblinkkey.dir/src/eeprom.c.obj
                0x10000a7c                EEPROM_ReadByte
 .text.EEPROM_ReadNByte
                0x10000adc       0x60 CMakeFiles/myblinkkey.dir/src/eeprom.c.obj
                0x10000adc                EEPROM_ReadNByte
 .text.on_uart_rx
                0x10000b3c       0x30 CMakeFiles/myblinkkey.dir/src/gps.c.obj
                0x10000b3c                on_uart_rx
 .text.uartInit
                0x10000b6c       0x58 CMakeFiles/myblinkkey.dir/src/gps.c.obj
                0x10000b6c                uartInit
 .text.LatLonGet
                0x10000bc4      0x4a4 CMakeFiles/myblinkkey.dir/src/gps.c.obj
                0x10000bc4                LatLonGet
 .text.IEEE2Float
                0x10001068       0x14 CMakeFiles/myblinkkey.dir/src/gps.c.obj
                0x10001068                IEEE2Float
 .text.EventAllInit
                0x1000107c       0x44 CMakeFiles/myblinkkey.dir/src/events.c.obj
                0x1000107c                EventAllInit
 .text.FormatPoint
                0x100010c0      0x158 CMakeFiles/myblinkkey.dir/src/events.c.obj
                0x100010c0                FormatPoint
 .text.process_Events
                0x10001218      0x11c CMakeFiles/myblinkkey.dir/src/events.c.obj
                0x10001218                process_Events
 .text.gpio_irq_handler
                0x10001334       0x7c CMakeFiles/myblinkkey.dir/C_/RPPicoSDK/sdk/pico/pico-sdk/src/rp2_common/hardware_gpio/gpio.c.obj
 .text.gpio_set_function
                0x100013b0       0x30 CMakeFiles/myblinkkey.dir/C_/RPPicoSDK/sdk/pico/pico-sdk/src/rp2_common/hardware_gpio/gpio.c.obj
                0x100013b0                gpio_set_function
 .text.gpio_set_pulls
                0x100013e0       0x30 CMakeFiles/myblinkkey.dir/C_/RPPicoSDK/sdk/pico/pico-sdk/src/rp2_common/hardware_gpio/gpio.c.obj
                0x100013e0                gpio_set_pulls
 .text.gpio_set_irq_enabled_with_callback
                0x10001410       0x78 CMakeFiles/myblinkkey.dir/C_/RPPicoSDK/sdk/pico/pico-sdk/src/rp2_common/hardware_gpio/gpio.c.obj
                0x10001410                gpio_set_irq_enabled_with_callback
 .text.gpio_init
                0x10001488       0x3c CMakeFiles/myblinkkey.dir/C_/RPPicoSDK/sdk/pico/pico-sdk/src/rp2_common/hardware_gpio/gpio.c.obj
                0x10001488                gpio_init
 .text.hw_claim_or_assert
                0x100014c4       0x44 CMakeFiles/myblinkkey.dir/C_/RPPicoSDK/sdk/pico/pico-sdk/src/rp2_common/hardware_claim/claim.c.obj
                0x100014c4                hw_claim_or_assert
 .text.hw_claim_unused_from_range
                0x10001508       0x9c CMakeFiles/myblinkkey.dir/C_/RPPicoSDK/sdk/pico/pico-sdk/src/rp2_common/hardware_claim/claim.c.obj
                0x10001508                hw_claim_unused_from_range
 .text.running_on_fpga
                0x100015a4       0x10 CMakeFiles/myblinkkey.dir/C_/RPPicoSDK/sdk/pico/pico-sdk/src/rp2_common/pico_platform/platform.c.obj
                0x100015a4                running_on_fpga
 .text.spin_locks_reset
                0x100015b4       0x1c CMakeFiles/myblinkkey.dir/C_/RPPicoSDK/sdk/pico/pico-sdk/src/rp2_common/hardware_sync/sync.c.obj
                0x100015b4                spin_locks_reset
 .text.next_striped_spin_lock_num
                0x100015d0       0x18 CMakeFiles/myblinkkey.dir/C_/RPPicoSDK/sdk/pico/pico-sdk/src/rp2_common/hardware_sync/sync.c.obj
                0x100015d0                next_striped_spin_lock_num
 .text.spin_lock_claim_unused
                0x100015e8       0x20 CMakeFiles/myblinkkey.dir/C_/RPPicoSDK/sdk/pico/pico-sdk/src/rp2_common/hardware_sync/sync.c.obj
                0x100015e8                spin_lock_claim_unused
 .text.uart_init
                0x10001608       0xe0 CMakeFiles/myblinkkey.dir/C_/RPPicoSDK/sdk/pico/pico-sdk/src/rp2_common/hardware_uart/uart.c.obj
                0x10001608                uart_init
 .text.timer_pool_entry_comparator
                0x100016e8       0x34 CMakeFiles/myblinkkey.dir/C_/RPPicoSDK/sdk/pico/pico-sdk/src/common/pico_time/time.c.obj
                0x100016e8                timer_pool_entry_comparator
 .text.repeating_timer_callback
                0x1000171c       0x1c CMakeFiles/myblinkkey.dir/C_/RPPicoSDK/sdk/pico/pico-sdk/src/common/pico_time/time.c.obj
 .text.sleep_until_callback
                0x10001738       0x30 CMakeFiles/myblinkkey.dir/C_/RPPicoSDK/sdk/pico/pico-sdk/src/common/pico_time/time.c.obj
 .text.add_alarm_under_lock.isra.0
                0x10001768      0x100 CMakeFiles/myblinkkey.dir/C_/RPPicoSDK/sdk/pico/pico-sdk/src/common/pico_time/time.c.obj
 .text.alarm_pool_alarm_callback
                0x10001868      0x1c8 CMakeFiles/myblinkkey.dir/C_/RPPicoSDK/sdk/pico/pico-sdk/src/common/pico_time/time.c.obj
 .text.alarm_pool_add_alarm_at.constprop.0
                0x10001a30      0x11c CMakeFiles/myblinkkey.dir/C_/RPPicoSDK/sdk/pico/pico-sdk/src/common/pico_time/time.c.obj
 .text.alarm_pool_init_default
                0x10001b4c       0x64 CMakeFiles/myblinkkey.dir/C_/RPPicoSDK/sdk/pico/pico-sdk/src/common/pico_time/time.c.obj
                0x10001b4c                alarm_pool_init_default
 .text.alarm_pool_get_default
                0x10001bb0        0x8 CMakeFiles/myblinkkey.dir/C_/RPPicoSDK/sdk/pico/pico-sdk/src/common/pico_time/time.c.obj
                0x10001bb0                alarm_pool_get_default
 .text.alarm_pool_add_alarm_at
                0x10001bb8      0x194 CMakeFiles/myblinkkey.dir/C_/RPPicoSDK/sdk/pico/pico-sdk/src/common/pico_time/time.c.obj
                0x10001bb8                alarm_pool_add_alarm_at
 .text.alarm_pool_add_repeating_timer_us
                0x10001d4c      0x22c CMakeFiles/myblinkkey.dir/C_/RPPicoSDK/sdk/pico/pico-sdk/src/common/pico_time/time.c.obj
                0x10001d4c                alarm_pool_add_repeating_timer_us
 .text.sleep_until
                0x10001f78       0xac CMakeFiles/myblinkkey.dir/C_/RPPicoSDK/sdk/pico/pico-sdk/src/common/pico_time/time.c.obj
                0x10001f78                sleep_until
 .text.sleep_us
                0x10002024       0x30 CMakeFiles/myblinkkey.dir/C_/RPPicoSDK/sdk/pico/pico-sdk/src/common/pico_time/time.c.obj
                0x10002024                sleep_us
 .text.sleep_ms
                0x10002054       0x38 CMakeFiles/myblinkkey.dir/C_/RPPicoSDK/sdk/pico/pico-sdk/src/common/pico_time/time.c.obj
                0x10002054                sleep_ms
 .text.best_effort_wfe_or_timeout
                0x1000208c       0xd4 CMakeFiles/myblinkkey.dir/C_/RPPicoSDK/sdk/pico/pico-sdk/src/common/pico_time/time.c.obj
                0x1000208c                best_effort_wfe_or_timeout
 .text.hardware_alarm_irq_handler
                0x10002160       0xb8 CMakeFiles/myblinkkey.dir/C_/RPPicoSDK/sdk/pico/pico-sdk/src/rp2_common/hardware_timer/timer.c.obj
 .text.hardware_alarm_claim
                0x10002218       0x18 CMakeFiles/myblinkkey.dir/C_/RPPicoSDK/sdk/pico/pico-sdk/src/rp2_common/hardware_timer/timer.c.obj
                0x10002218                hardware_alarm_claim
 .text.time_us_64
                0x10002230       0x14 CMakeFiles/myblinkkey.dir/C_/RPPicoSDK/sdk/pico/pico-sdk/src/rp2_common/hardware_timer/timer.c.obj
                0x10002230                time_us_64
 .text.busy_wait_until
                0x10002244       0x20 CMakeFiles/myblinkkey.dir/C_/RPPicoSDK/sdk/pico/pico-sdk/src/rp2_common/hardware_timer/timer.c.obj
                0x10002244                busy_wait_until
 .text.hardware_alarm_set_callback
                0x10002264       0x8c CMakeFiles/myblinkkey.dir/C_/RPPicoSDK/sdk/pico/pico-sdk/src/rp2_common/hardware_timer/timer.c.obj
                0x10002264                hardware_alarm_set_callback
 .text.hardware_alarm_set_target
                0x100022f0       0xe0 CMakeFiles/myblinkkey.dir/C_/RPPicoSDK/sdk/pico/pico-sdk/src/rp2_common/hardware_timer/timer.c.obj
                0x100022f0                hardware_alarm_set_target
 .text.hardware_alarm_cancel
                0x100023d0       0x3c CMakeFiles/myblinkkey.dir/C_/RPPicoSDK/sdk/pico/pico-sdk/src/rp2_common/hardware_timer/timer.c.obj
                0x100023d0                hardware_alarm_cancel
 .text.lock_init
                0x1000240c       0x10 CMakeFiles/myblinkkey.dir/C_/RPPicoSDK/sdk/pico/pico-sdk/src/common/pico_sync/lock_core.c.obj
                0x1000240c                lock_init
 .text.mutex_init
                0x1000241c       0x1c CMakeFiles/myblinkkey.dir/C_/RPPicoSDK/sdk/pico/pico-sdk/src/common/pico_sync/mutex.c.obj
                0x1000241c                mutex_init
 .text.recursive_mutex_init
                0x10002438       0x1c CMakeFiles/myblinkkey.dir/C_/RPPicoSDK/sdk/pico/pico-sdk/src/common/pico_sync/mutex.c.obj
                0x10002438                recursive_mutex_init
 .text.critical_section_init
                0x10002454       0x20 CMakeFiles/myblinkkey.dir/C_/RPPicoSDK/sdk/pico/pico-sdk/src/common/pico_sync/critical_section.c.obj
                0x10002454                critical_section_init
 .text.ph_merge_nodes
                0x10002474       0x68 CMakeFiles/myblinkkey.dir/C_/RPPicoSDK/sdk/pico/pico-sdk/src/common/pico_util/pheap.c.obj
 .text.ph_post_alloc_init
                0x100024dc       0x3c CMakeFiles/myblinkkey.dir/C_/RPPicoSDK/sdk/pico/pico-sdk/src/common/pico_util/pheap.c.obj
                0x100024dc                ph_post_alloc_init
 .text.ph_merge_two_pass
                0x10002518       0x90 CMakeFiles/myblinkkey.dir/C_/RPPicoSDK/sdk/pico/pico-sdk/src/common/pico_util/pheap.c.obj
                0x10002518                ph_merge_two_pass
 .text.ph_remove_any_head
                0x100025a8       0xf8 CMakeFiles/myblinkkey.dir/C_/RPPicoSDK/sdk/pico/pico-sdk/src/common/pico_util/pheap.c.obj
 .text.ph_remove_head
                0x100026a0       0xfc CMakeFiles/myblinkkey.dir/C_/RPPicoSDK/sdk/pico/pico-sdk/src/common/pico_util/pheap.c.obj
                0x100026a0                ph_remove_head
 .text.ph_remove_and_free_node
                0x1000279c       0x7c CMakeFiles/myblinkkey.dir/C_/RPPicoSDK/sdk/pico/pico-sdk/src/common/pico_util/pheap.c.obj
                0x1000279c                ph_remove_and_free_node
 .text.runtime_init
                0x10002818       0xf0 CMakeFiles/myblinkkey.dir/C_/RPPicoSDK/sdk/pico/pico-sdk/src/rp2_common/pico_runtime/runtime.c.obj
                0x10002818                runtime_init
 .text._sbrk    0x10002908       0x34 CMakeFiles/myblinkkey.dir/C_/RPPicoSDK/sdk/pico/pico-sdk/src/rp2_common/pico_runtime/runtime.c.obj
                0x10002908                _sbrk
 .text.exit     0x1000293c        0x4 CMakeFiles/myblinkkey.dir/C_/RPPicoSDK/sdk/pico/pico-sdk/src/rp2_common/pico_runtime/runtime.c.obj
                0x1000293c                exit
 .text.__assert_func
                0x10002940       0x34 CMakeFiles/myblinkkey.dir/C_/RPPicoSDK/sdk/pico/pico-sdk/src/rp2_common/pico_runtime/runtime.c.obj
                0x10002940                __assert_func
 .text.panic    0x10002974       0x30 CMakeFiles/myblinkkey.dir/C_/RPPicoSDK/sdk/pico/pico-sdk/src/rp2_common/pico_runtime/runtime.c.obj
                0x10002974                panic
 .text.hard_assertion_failure
                0x100029a4        0xc CMakeFiles/myblinkkey.dir/C_/RPPicoSDK/sdk/pico/pico-sdk/src/rp2_common/pico_runtime/runtime.c.obj
                0x100029a4                hard_assertion_failure
 .text.clocks_init
                0x100029b0      0x2bc CMakeFiles/myblinkkey.dir/C_/RPPicoSDK/sdk/pico/pico-sdk/src/rp2_common/hardware_clocks/clocks.c.obj
                0x100029b0                clocks_init
 .text.clock_get_hz
                0x10002c6c        0xc CMakeFiles/myblinkkey.dir/C_/RPPicoSDK/sdk/pico/pico-sdk/src/rp2_common/hardware_clocks/clocks.c.obj
                0x10002c6c                clock_get_hz
 .text.irq_set_enabled
                0x10002c78       0x24 CMakeFiles/myblinkkey.dir/C_/RPPicoSDK/sdk/pico/pico-sdk/src/rp2_common/hardware_irq/irq.c.obj
                0x10002c78                irq_set_enabled
 .text.irq_set_pending
                0x10002c9c       0x10 CMakeFiles/myblinkkey.dir/C_/RPPicoSDK/sdk/pico/pico-sdk/src/rp2_common/hardware_irq/irq.c.obj
                0x10002c9c                irq_set_pending
 .text.irq_get_vtable_handler
                0x10002cac       0x10 CMakeFiles/myblinkkey.dir/C_/RPPicoSDK/sdk/pico/pico-sdk/src/rp2_common/hardware_irq/irq.c.obj
                0x10002cac                irq_get_vtable_handler
 .text.irq_set_exclusive_handler
                0x10002cbc       0x54 CMakeFiles/myblinkkey.dir/C_/RPPicoSDK/sdk/pico/pico-sdk/src/rp2_common/hardware_irq/irq.c.obj
                0x10002cbc                irq_set_exclusive_handler
 .text.irq_remove_handler
                0x10002d10      0x1b4 CMakeFiles/myblinkkey.dir/C_/RPPicoSDK/sdk/pico/pico-sdk/src/rp2_common/hardware_irq/irq.c.obj
                0x10002d10                irq_remove_handler
 .text.irq_add_tail_to_free_list
                0x10002ec4       0xb4 CMakeFiles/myblinkkey.dir/C_/RPPicoSDK/sdk/pico/pico-sdk/src/rp2_common/hardware_irq/irq.c.obj
                0x10002ec4                irq_add_tail_to_free_list
 .text.irq_init_priorities
                0x10002f78       0x24 CMakeFiles/myblinkkey.dir/C_/RPPicoSDK/sdk/pico/pico-sdk/src/rp2_common/hardware_irq/irq.c.obj
                0x10002f78                irq_init_priorities
 .text.pll_init
                0x10002f9c       0xa8 CMakeFiles/myblinkkey.dir/C_/RPPicoSDK/sdk/pico/pico-sdk/src/rp2_common/hardware_pll/pll.c.obj
                0x10002f9c                pll_init
 .text.watchdog_start_tick
                0x10003044       0x10 CMakeFiles/myblinkkey.dir/C_/RPPicoSDK/sdk/pico/pico-sdk/src/rp2_common/hardware_watchdog/watchdog.c.obj
                0x10003044                watchdog_start_tick
 .text.watchdog_reboot
                0x10003054       0x98 CMakeFiles/myblinkkey.dir/C_/RPPicoSDK/sdk/pico/pico-sdk/src/rp2_common/hardware_watchdog/watchdog.c.obj
                0x10003054                watchdog_reboot
 .text.xosc_init
                0x100030ec       0x28 CMakeFiles/myblinkkey.dir/C_/RPPicoSDK/sdk/pico/pico-sdk/src/rp2_common/hardware_xosc/xosc.c.obj
                0x100030ec                xosc_init
 .text._out_null
                0x10003114        0x4 CMakeFiles/myblinkkey.dir/C_/RPPicoSDK/sdk/pico/pico-sdk/src/rp2_common/pico_printf/printf.c.obj
 .text._out_rev
                0x10003118       0x9c CMakeFiles/myblinkkey.dir/C_/RPPicoSDK/sdk/pico/pico-sdk/src/rp2_common/pico_printf/printf.c.obj
 .text._ntoa_format
                0x100031b4      0x1cc CMakeFiles/myblinkkey.dir/C_/RPPicoSDK/sdk/pico/pico-sdk/src/rp2_common/pico_printf/printf.c.obj
 .text._out_char
                0x10003380       0x10 CMakeFiles/myblinkkey.dir/C_/RPPicoSDK/sdk/pico/pico-sdk/src/rp2_common/pico_printf/printf.c.obj
 .text._out_fct
                0x10003390       0x10 CMakeFiles/myblinkkey.dir/C_/RPPicoSDK/sdk/pico/pico-sdk/src/rp2_common/pico_printf/printf.c.obj
 .text._etoa    0x100033a0      0x44c CMakeFiles/myblinkkey.dir/C_/RPPicoSDK/sdk/pico/pico-sdk/src/rp2_common/pico_printf/printf.c.obj
 .text._ftoa    0x100037ec      0x398 CMakeFiles/myblinkkey.dir/C_/RPPicoSDK/sdk/pico/pico-sdk/src/rp2_common/pico_printf/printf.c.obj
 .text._vsnprintf
                0x10003b84      0xb04 CMakeFiles/myblinkkey.dir/C_/RPPicoSDK/sdk/pico/pico-sdk/src/rp2_common/pico_printf/printf.c.obj
 .text.vfctprintf
                0x10004688       0x20 CMakeFiles/myblinkkey.dir/C_/RPPicoSDK/sdk/pico/pico-sdk/src/rp2_common/pico_printf/printf.c.obj
                0x10004688                vfctprintf
 .text.weak_raw_printf
                0x100046a8       0x40 CMakeFiles/myblinkkey.dir/C_/RPPicoSDK/sdk/pico/pico-sdk/src/rp2_common/pico_printf/printf.c.obj
                0x100046a8                weak_raw_printf
 .text.weak_raw_vprintf
                0x100046e8       0x30 CMakeFiles/myblinkkey.dir/C_/RPPicoSDK/sdk/pico/pico-sdk/src/rp2_common/pico_printf/printf.c.obj
                0x100046e8                weak_raw_vprintf
 .text          0x10004718       0x10 CMakeFiles/myblinkkey.dir/C_/RPPicoSDK/sdk/pico/pico-sdk/src/rp2_common/pico_bit_ops/bit_ops_aeabi.S.obj
 .text.rom_func_lookup
                0x10004728       0x10 CMakeFiles/myblinkkey.dir/C_/RPPicoSDK/sdk/pico/pico-sdk/src/rp2_common/pico_bootrom/bootrom.c.obj
                0x10004728                rom_func_lookup
 .text.rom_data_lookup
                0x10004738       0x10 CMakeFiles/myblinkkey.dir/C_/RPPicoSDK/sdk/pico/pico-sdk/src/rp2_common/pico_bootrom/bootrom.c.obj
                0x10004738                rom_data_lookup
 .text.rom_funcs_lookup
                0x10004748       0x44 CMakeFiles/myblinkkey.dir/C_/RPPicoSDK/sdk/pico/pico-sdk/src/rp2_common/pico_bootrom/bootrom.c.obj
                0x10004748                rom_funcs_lookup
 .text.__wrap___aeabi_idiv
                0x1000478c       0x50 CMakeFiles/myblinkkey.dir/C_/RPPicoSDK/sdk/pico/pico-sdk/src/rp2_common/pico_divider/divider.S.obj
                0x1000478c                __wrap___aeabi_idivmod
                0x1000478c                divmod_s32s32
                0x1000478c                div_s32s32
                0x1000478c                __wrap___aeabi_idiv
                0x10004794                divmod_s32s32_unsafe
                0x100047c0                divmod_s32s32_savestate
 .text.__wrap___aeabi_uidiv
                0x100047dc       0x4c CMakeFiles/myblinkkey.dir/C_/RPPicoSDK/sdk/pico/pico-sdk/src/rp2_common/pico_divider/divider.S.obj
                0x100047dc                __wrap___aeabi_uidiv
                0x100047dc                __wrap___aeabi_uidivmod
                0x100047dc                div_u32u32
                0x100047dc                divmod_u32u32
                0x100047e4                divmod_u32u32_unsafe
                0x1000480c                divmod_u32u32_savestate
 .text.__wrap___aeabi_ldiv
                0x10004828      0x434 CMakeFiles/myblinkkey.dir/C_/RPPicoSDK/sdk/pico/pico-sdk/src/rp2_common/pico_divider/divider.S.obj
                0x10004828                div_s64s64
                0x10004828                divmod_s64s64
                0x10004828                __wrap___aeabi_ldivmod
                0x10004860                divmod_u64u64
                0x10004860                div_u64u64
                0x10004860                __wrap___aeabi_uldivmod
                0x10004870                divmod_u64u64_savestate
                0x10004898                divmod_s64s64_unsafe
                0x10004920                divmod_u64u64_unsafe
 .text.__wrap___aeabi_darithmetic
                0x10004c5c       0x80 CMakeFiles/myblinkkey.dir/C_/RPPicoSDK/sdk/pico/pico-sdk/src/rp2_common/pico_double/double_aeabi.S.obj
                0x10004c5c                __wrap___aeabi_drsub
                0x10004c62                __wrap___aeabi_dsub
                0x10004c74                __wrap___aeabi_dadd
                0x10004c86                __wrap___aeabi_ddiv
                0x10004cc2                __wrap___aeabi_dmul
 .text.__wrap___aeabi_cdcmple
                0x10004cdc       0x6c CMakeFiles/myblinkkey.dir/C_/RPPicoSDK/sdk/pico/pico-sdk/src/rp2_common/pico_double/double_aeabi.S.obj
                0x10004cdc                __wrap___aeabi_cdrcmple
                0x10004cec                __wrap___aeabi_cdcmpeq
                0x10004cec                __wrap___aeabi_cdcmple
 .text.__wrap___aeabi_dcmpeq
                0x10004d48       0x10 CMakeFiles/myblinkkey.dir/C_/RPPicoSDK/sdk/pico/pico-sdk/src/rp2_common/pico_double/double_aeabi.S.obj
                0x10004d48                __wrap___aeabi_dcmpeq
 .text.__wrap___aeabi_dcmplt
                0x10004d58        0xc CMakeFiles/myblinkkey.dir/C_/RPPicoSDK/sdk/pico/pico-sdk/src/rp2_common/pico_double/double_aeabi.S.obj
                0x10004d58                __wrap___aeabi_dcmplt
 .text.__wrap___aeabi_dcmple
                0x10004d64       0x10 CMakeFiles/myblinkkey.dir/C_/RPPicoSDK/sdk/pico/pico-sdk/src/rp2_common/pico_double/double_aeabi.S.obj
                0x10004d64                __wrap___aeabi_dcmple
 .text.__wrap___aeabi_dcmpge
                0x10004d74       0x10 CMakeFiles/myblinkkey.dir/C_/RPPicoSDK/sdk/pico/pico-sdk/src/rp2_common/pico_double/double_aeabi.S.obj
                0x10004d74                __wrap___aeabi_dcmpge
 .text.__wrap___aeabi_dcmpgt
                0x10004d84        0xa CMakeFiles/myblinkkey.dir/C_/RPPicoSDK/sdk/pico/pico-sdk/src/rp2_common/pico_double/double_aeabi.S.obj
                0x10004d84                __wrap___aeabi_dcmpgt
 .text.__wrap___aeabi_dcmpun
                0x10004d8e       0x1c CMakeFiles/myblinkkey.dir/C_/RPPicoSDK/sdk/pico/pico-sdk/src/rp2_common/pico_double/double_aeabi.S.obj
                0x10004d8e                __wrap___aeabi_dcmpun
 *fill*         0x10004daa        0x2 
 .text.__wrap___aeabi_i2d
                0x10004dac       0x38 CMakeFiles/myblinkkey.dir/C_/RPPicoSDK/sdk/pico/pico-sdk/src/rp2_common/pico_double/double_aeabi.S.obj
                0x10004dac                __wrap___aeabi_ui2d
                0x10004db4                __wrap___aeabi_i2d
 .text.__wrap___aeabi_d2iz
                0x10004de4       0x48 CMakeFiles/myblinkkey.dir/C_/RPPicoSDK/sdk/pico/pico-sdk/src/rp2_common/pico_double/double_aeabi.S.obj
                0x10004de4                double2int_z
                0x10004de4                __wrap___aeabi_d2iz
 .text.__wrap___aeabi_d2uiz
                0x10004e2c       0x18 CMakeFiles/myblinkkey.dir/C_/RPPicoSDK/sdk/pico/pico-sdk/src/rp2_common/pico_double/double_aeabi.S.obj
                0x10004e2c                __wrap___aeabi_d2uiz
                0x10004e2c                double2uint
 .text.__wrap___aeabi_l2d
                0x10004e44       0x18 CMakeFiles/myblinkkey.dir/C_/RPPicoSDK/sdk/pico/pico-sdk/src/rp2_common/pico_double/double_aeabi.S.obj
                0x10004e44                __wrap___aeabi_l2d
 .text.__wrap___aeabi_d2lz
                0x10004e5c       0x26 CMakeFiles/myblinkkey.dir/C_/RPPicoSDK/sdk/pico/pico-sdk/src/rp2_common/pico_double/double_aeabi.S.obj
                0x10004e5c                double2int64_z
                0x10004e5c                __wrap___aeabi_d2lz
 *fill*         0x10004e82        0x2 
 .text.double2int64
                0x10004e84       0x18 CMakeFiles/myblinkkey.dir/C_/RPPicoSDK/sdk/pico/pico-sdk/src/rp2_common/pico_double/double_aeabi.S.obj
                0x10004e84                double2int64
 .text.double2ufix64
                0x10004e9c       0x18 CMakeFiles/myblinkkey.dir/C_/RPPicoSDK/sdk/pico/pico-sdk/src/rp2_common/pico_double/double_aeabi.S.obj
                0x10004e9c                double2ufix64
 .text.__wrap___aeabi_d2f
                0x10004eb4       0x18 CMakeFiles/myblinkkey.dir/C_/RPPicoSDK/sdk/pico/pico-sdk/src/rp2_common/pico_double/double_aeabi.S.obj
                0x10004eb4                __wrap___aeabi_d2f
 .text.__aeabi_double_init
                0x10004ecc       0x94 CMakeFiles/myblinkkey.dir/C_/RPPicoSDK/sdk/pico/pico-sdk/src/rp2_common/pico_double/double_init_rom.c.obj
                0x10004ecc                __aeabi_double_init
 .text.double_table_shim_on_use_helper
                0x10004f60       0x2c CMakeFiles/myblinkkey.dir/C_/RPPicoSDK/sdk/pico/pico-sdk/src/rp2_common/pico_double/double_v1_rom_shim.S.obj
                0x10004f60                double_table_shim_on_use_helper
 .text.__wrap___aeabi_dsub
                0x10004f8c       0x10 CMakeFiles/myblinkkey.dir/C_/RPPicoSDK/sdk/pico/pico-sdk/src/rp2_common/pico_double/double_v1_rom_shim.S.obj
                0x10004f8c                drsub_shim
                0x10004f92                dsub_shim
 .text.dadd_shim
                0x10004f9c      0x15c CMakeFiles/myblinkkey.dir/C_/RPPicoSDK/sdk/pico/pico-sdk/src/rp2_common/pico_double/double_v1_rom_shim.S.obj
                0x10004f9c                dadd_shim
 .text.dmul_shim
                0x100050f8      0x15c CMakeFiles/myblinkkey.dir/C_/RPPicoSDK/sdk/pico/pico-sdk/src/rp2_common/pico_double/double_v1_rom_shim.S.obj
                0x100050f8                dmul_shim
 .text.ddiv_shim
                0x10005254      0x1b0 CMakeFiles/myblinkkey.dir/C_/RPPicoSDK/sdk/pico/pico-sdk/src/rp2_common/pico_double/double_v1_rom_shim.S.obj
                0x10005254                ddiv_shim
 .text.double2uint_shim
                0x10005404        0xe CMakeFiles/myblinkkey.dir/C_/RPPicoSDK/sdk/pico/pico-sdk/src/rp2_common/pico_double/double_v1_rom_shim.S.obj
                0x10005404                double2uint_shim
                0x10005406                double2ufix_shim
 .text.double2int64_shim
                0x10005412       0x1a CMakeFiles/myblinkkey.dir/C_/RPPicoSDK/sdk/pico/pico-sdk/src/rp2_common/pico_double/double_v1_rom_shim.S.obj
                0x10005412                double2int64_shim
                0x10005414                double2fix64_shim
 .text.double2uint64_shim
                0x1000542c       0x70 CMakeFiles/myblinkkey.dir/C_/RPPicoSDK/sdk/pico/pico-sdk/src/rp2_common/pico_double/double_v1_rom_shim.S.obj
                0x1000542c                double2uint64_shim
                0x1000542e                double2ufix64_shim
                0x1000544e                d2fix_a
 .text.double2float_shim
                0x1000549c       0x5c CMakeFiles/myblinkkey.dir/C_/RPPicoSDK/sdk/pico/pico-sdk/src/rp2_common/pico_double/double_v1_rom_shim.S.obj
                0x1000549c                double2float_shim
 .text.x2double_shims
                0x100054f8       0x90 CMakeFiles/myblinkkey.dir/C_/RPPicoSDK/sdk/pico/pico-sdk/src/rp2_common/pico_double/double_v1_rom_shim.S.obj
                0x100054f8                uint2double_shim
                0x100054fa                ufix2double_shim
                0x10005500                int2double_shim
                0x10005502                fix2double_shim
                0x10005508                uint642double_shim
                0x1000550a                ufix642double_shim
                0x10005510                int642double_shim
                0x10005512                fix642double_shim
 .text.dunpacks
                0x10005588       0x3c CMakeFiles/myblinkkey.dir/C_/RPPicoSDK/sdk/pico/pico-sdk/src/rp2_common/pico_double/double_v1_rom_shim.S.obj
                0x10005588                dunpacks
 .text.__aeabi_lmul
                0x100055c4       0x32 CMakeFiles/myblinkkey.dir/C_/RPPicoSDK/sdk/pico/pico-sdk/src/rp2_common/pico_int64_ops/pico_int64_ops_aeabi.S.obj
                0x100055c4                __wrap___aeabi_lmul
 *fill*         0x100055f6        0x2 
 .text.__wrap___aeabi_f2d
                0x100055f8       0x14 CMakeFiles/myblinkkey.dir/C_/RPPicoSDK/sdk/pico/pico-sdk/src/rp2_common/pico_float/float_aeabi.S.obj
                0x100055f8                __wrap___aeabi_f2d
 .text.__aeabi_float_init
                0x1000560c       0x64 CMakeFiles/myblinkkey.dir/C_/RPPicoSDK/sdk/pico/pico-sdk/src/rp2_common/pico_float/float_init_rom.c.obj
                0x1000560c                __aeabi_float_init
 .text.float_table_shim_on_use_helper
                0x10005670       0x2c CMakeFiles/myblinkkey.dir/C_/RPPicoSDK/sdk/pico/pico-sdk/src/rp2_common/pico_float/float_v1_rom_shim.S.obj
                0x10005670                float_table_shim_on_use_helper
 .text.float2double_shim
                0x1000569c       0x30 CMakeFiles/myblinkkey.dir/C_/RPPicoSDK/sdk/pico/pico-sdk/src/rp2_common/pico_float/float_v1_rom_shim.S.obj
                0x1000569c                float2double_shim
 .text          0x100056cc       0x10 CMakeFiles/myblinkkey.dir/C_/RPPicoSDK/sdk/pico/pico-sdk/src/rp2_common/pico_mem_ops/mem_ops_aeabi.S.obj
                0x100056cc                __aeabi_mem_init
 .text.memset   0x100056dc        0xc CMakeFiles/myblinkkey.dir/C_/RPPicoSDK/sdk/pico/pico-sdk/src/rp2_common/pico_mem_ops/mem_ops_aeabi.S.obj
                0x100056dc                __wrap_memset
 .text.memcpy   0x100056e8        0xc CMakeFiles/myblinkkey.dir/C_/RPPicoSDK/sdk/pico/pico-sdk/src/rp2_common/pico_mem_ops/mem_ops_aeabi.S.obj
                0x100056e8                __wrap_memcpy
                0x100056e8                __wrap___aeabi_memcpy
 .text.stdio_out_chars_no_crlf
                0x100056f4       0x10 CMakeFiles/myblinkkey.dir/C_/RPPicoSDK/sdk/pico/pico-sdk/src/rp2_common/pico_stdio/stdio.c.obj
 .text.stdio_out_chars_crlf
                0x10005704       0xb4 CMakeFiles/myblinkkey.dir/C_/RPPicoSDK/sdk/pico/pico-sdk/src/rp2_common/pico_stdio/stdio.c.obj
 .text.stdio_buffered_printer
                0x100057b8       0x64 CMakeFiles/myblinkkey.dir/C_/RPPicoSDK/sdk/pico/pico-sdk/src/rp2_common/pico_stdio/stdio.c.obj
 .text.stdio_put_string.isra.0
                0x1000581c       0xfc CMakeFiles/myblinkkey.dir/C_/RPPicoSDK/sdk/pico/pico-sdk/src/rp2_common/pico_stdio/stdio.c.obj
 .text.__wrap_putchar
                0x10005918       0xa0 CMakeFiles/myblinkkey.dir/C_/RPPicoSDK/sdk/pico/pico-sdk/src/rp2_common/pico_stdio/stdio.c.obj
                0x10005918                __wrap_putchar
 .text.__wrap_puts
                0x100059b8       0x3c CMakeFiles/myblinkkey.dir/C_/RPPicoSDK/sdk/pico/pico-sdk/src/rp2_common/pico_stdio/stdio.c.obj
                0x100059b8                __wrap_puts
 .text.stdio_set_driver_enabled
                0x100059f4       0x3c CMakeFiles/myblinkkey.dir/C_/RPPicoSDK/sdk/pico/pico-sdk/src/rp2_common/pico_stdio/stdio.c.obj
                0x100059f4                stdio_set_driver_enabled
 .text.__wrap_vprintf
                0x10005a30       0xd8 CMakeFiles/myblinkkey.dir/C_/RPPicoSDK/sdk/pico/pico-sdk/src/rp2_common/pico_stdio/stdio.c.obj
                0x10005a30                __wrap_vprintf
 .text.__wrap_printf
                0x10005b08       0x18 CMakeFiles/myblinkkey.dir/C_/RPPicoSDK/sdk/pico/pico-sdk/src/rp2_common/pico_stdio/stdio.c.obj
                0x10005b08                __wrap_printf
 .text.stdio_init_all
                0x10005b20        0x8 CMakeFiles/myblinkkey.dir/C_/RPPicoSDK/sdk/pico/pico-sdk/src/rp2_common/pico_stdio/stdio.c.obj
                0x10005b20                stdio_init_all
 .text.resetd_init
                0x10005b28        0x4 CMakeFiles/myblinkkey.dir/C_/RPPicoSDK/sdk/pico/pico-sdk/src/rp2_common/pico_stdio_usb/reset_interface.c.obj
 .text.resetd_reset
                0x10005b2c        0xc CMakeFiles/myblinkkey.dir/C_/RPPicoSDK/sdk/pico/pico-sdk/src/rp2_common/pico_stdio_usb/reset_interface.c.obj
 .text.resetd_open
                0x10005b38       0x28 CMakeFiles/myblinkkey.dir/C_/RPPicoSDK/sdk/pico/pico-sdk/src/rp2_common/pico_stdio_usb/reset_interface.c.obj
 .text.resetd_xfer_cb
                0x10005b60        0x4 CMakeFiles/myblinkkey.dir/C_/RPPicoSDK/sdk/pico/pico-sdk/src/rp2_common/pico_stdio_usb/reset_interface.c.obj
 .text.resetd_control_xfer_cb
                0x10005b64       0x64 CMakeFiles/myblinkkey.dir/C_/RPPicoSDK/sdk/pico/pico-sdk/src/rp2_common/pico_stdio_usb/reset_interface.c.obj
 .text.usbd_app_driver_get_cb
                0x10005bc8        0xc CMakeFiles/myblinkkey.dir/C_/RPPicoSDK/sdk/pico/pico-sdk/src/rp2_common/pico_stdio_usb/reset_interface.c.obj
                0x10005bc8                usbd_app_driver_get_cb
 .text.tud_cdc_line_coding_cb
                0x10005bd4       0x34 CMakeFiles/myblinkkey.dir/C_/RPPicoSDK/sdk/pico/pico-sdk/src/rp2_common/pico_stdio_usb/reset_interface.c.obj
                0x10005bd4                tud_cdc_line_coding_cb
 .text.stdio_usb_in_chars
                0x10005c08       0x68 CMakeFiles/myblinkkey.dir/C_/RPPicoSDK/sdk/pico/pico-sdk/src/rp2_common/pico_stdio_usb/stdio_usb.c.obj
                0x10005c08                stdio_usb_in_chars
 .text.stdio_usb_out_chars
                0x10005c70       0xe4 CMakeFiles/myblinkkey.dir/C_/RPPicoSDK/sdk/pico/pico-sdk/src/rp2_common/pico_stdio_usb/stdio_usb.c.obj
 .text.timer_task
                0x10005d54       0x10 CMakeFiles/myblinkkey.dir/C_/RPPicoSDK/sdk/pico/pico-sdk/src/rp2_common/pico_stdio_usb/stdio_usb.c.obj
 .text.low_priority_worker_irq
                0x10005d64       0x24 CMakeFiles/myblinkkey.dir/C_/RPPicoSDK/sdk/pico/pico-sdk/src/rp2_common/pico_stdio_usb/stdio_usb.c.obj
 .text.stdio_usb_init
                0x10005d88       0x90 CMakeFiles/myblinkkey.dir/C_/RPPicoSDK/sdk/pico/pico-sdk/src/rp2_common/pico_stdio_usb/stdio_usb.c.obj
                0x10005d88                stdio_usb_init
 .text.tud_descriptor_device_cb
                0x10005e18        0x8 CMakeFiles/myblinkkey.dir/C_/RPPicoSDK/sdk/pico/pico-sdk/src/rp2_common/pico_stdio_usb/stdio_usb_descriptors.c.obj
                0x10005e18                tud_descriptor_device_cb
 .text.tud_descriptor_configuration_cb
                0x10005e20        0x8 CMakeFiles/myblinkkey.dir/C_/RPPicoSDK/sdk/pico/pico-sdk/src/rp2_common/pico_stdio_usb/stdio_usb_descriptors.c.obj
                0x10005e20                tud_descriptor_configuration_cb
 .text.tud_descriptor_string_cb
                0x10005e28       0x74 CMakeFiles/myblinkkey.dir/C_/RPPicoSDK/sdk/pico/pico-sdk/src/rp2_common/pico_stdio_usb/stdio_usb_descriptors.c.obj
                0x10005e28                tud_descriptor_string_cb
 .text.dcd_rp2040_irq
                0x10005e9c      0x21c CMakeFiles/myblinkkey.dir/C_/RPPicoSDK/sdk/pico/pico-sdk/lib/tinyusb/src/portable/raspberrypi/rp2040/dcd_rp2040.c.obj
 .text.dcd_int_enable
                0x100060b8        0xc CMakeFiles/myblinkkey.dir/C_/RPPicoSDK/sdk/pico/pico-sdk/lib/tinyusb/src/portable/raspberrypi/rp2040/dcd_rp2040.c.obj
                0x100060b8                dcd_int_enable
 .text.dcd_set_address
                0x100060c4       0x14 CMakeFiles/myblinkkey.dir/C_/RPPicoSDK/sdk/pico/pico-sdk/lib/tinyusb/src/portable/raspberrypi/rp2040/dcd_rp2040.c.obj
                0x100060c4                dcd_set_address
 .text.dcd_connect
                0x100060d8       0x10 CMakeFiles/myblinkkey.dir/C_/RPPicoSDK/sdk/pico/pico-sdk/lib/tinyusb/src/portable/raspberrypi/rp2040/dcd_rp2040.c.obj
                0x100060d8                dcd_connect
 .text.dcd_init
                0x100060e8      0x144 CMakeFiles/myblinkkey.dir/C_/RPPicoSDK/sdk/pico/pico-sdk/lib/tinyusb/src/portable/raspberrypi/rp2040/dcd_rp2040.c.obj
                0x100060e8                dcd_init
 .text.dcd_edpt0_status_complete
                0x1000622c       0x1c CMakeFiles/myblinkkey.dir/C_/RPPicoSDK/sdk/pico/pico-sdk/lib/tinyusb/src/portable/raspberrypi/rp2040/dcd_rp2040.c.obj
                0x1000622c                dcd_edpt0_status_complete
 .text.dcd_edpt_open
                0x10006248       0xf0 CMakeFiles/myblinkkey.dir/C_/RPPicoSDK/sdk/pico/pico-sdk/lib/tinyusb/src/portable/raspberrypi/rp2040/dcd_rp2040.c.obj
                0x10006248                dcd_edpt_open
 .text.dcd_edpt_close_all
                0x10006338       0xbc CMakeFiles/myblinkkey.dir/C_/RPPicoSDK/sdk/pico/pico-sdk/lib/tinyusb/src/portable/raspberrypi/rp2040/dcd_rp2040.c.obj
                0x10006338                dcd_edpt_close_all
 .text.dcd_edpt_xfer
                0x100063f4       0x24 CMakeFiles/myblinkkey.dir/C_/RPPicoSDK/sdk/pico/pico-sdk/lib/tinyusb/src/portable/raspberrypi/rp2040/dcd_rp2040.c.obj
                0x100063f4                dcd_edpt_xfer
 .text.dcd_edpt_stall
                0x10006418       0x38 CMakeFiles/myblinkkey.dir/C_/RPPicoSDK/sdk/pico/pico-sdk/lib/tinyusb/src/portable/raspberrypi/rp2040/dcd_rp2040.c.obj
                0x10006418                dcd_edpt_stall
 .text.dcd_edpt_clear_stall
                0x10006450       0x30 CMakeFiles/myblinkkey.dir/C_/RPPicoSDK/sdk/pico/pico-sdk/lib/tinyusb/src/portable/raspberrypi/rp2040/dcd_rp2040.c.obj
                0x10006450                dcd_edpt_clear_stall
 .text._hw_endpoint_buffer_control_update32.part.0.isra.0
                0x10006480       0x1c CMakeFiles/myblinkkey.dir/C_/RPPicoSDK/sdk/pico/pico-sdk/lib/tinyusb/src/portable/raspberrypi/rp2040/rp2040_usb.c.obj
 .text.rp2040_usb_init
                0x1000649c       0x4c CMakeFiles/myblinkkey.dir/C_/RPPicoSDK/sdk/pico/pico-sdk/lib/tinyusb/src/portable/raspberrypi/rp2040/rp2040_usb.c.obj
                0x1000649c                rp2040_usb_init
 .text.hw_endpoint_reset_transfer
                0x100064e8        0xc CMakeFiles/myblinkkey.dir/C_/RPPicoSDK/sdk/pico/pico-sdk/lib/tinyusb/src/portable/raspberrypi/rp2040/rp2040_usb.c.obj
                0x100064e8                hw_endpoint_reset_transfer
 .text._hw_endpoint_buffer_control_update32
                0x100064f4       0x44 CMakeFiles/myblinkkey.dir/C_/RPPicoSDK/sdk/pico/pico-sdk/lib/tinyusb/src/portable/raspberrypi/rp2040/rp2040_usb.c.obj
                0x100064f4                _hw_endpoint_buffer_control_update32
 .text.hw_endpoint_xfer_start
                0x10006538      0x138 CMakeFiles/myblinkkey.dir/C_/RPPicoSDK/sdk/pico/pico-sdk/lib/tinyusb/src/portable/raspberrypi/rp2040/rp2040_usb.c.obj
                0x10006538                hw_endpoint_xfer_start
 .text.hw_endpoint_xfer_continue
                0x10006670      0x1e4 CMakeFiles/myblinkkey.dir/C_/RPPicoSDK/sdk/pico/pico-sdk/lib/tinyusb/src/portable/raspberrypi/rp2040/rp2040_usb.c.obj
                0x10006670                hw_endpoint_xfer_continue
 .text.tud_mounted
                0x10006854       0x10 CMakeFiles/myblinkkey.dir/C_/RPPicoSDK/sdk/pico/pico-sdk/lib/tinyusb/src/device/usbd.c.obj
                0x10006854                tud_mounted
 .text.tud_suspended
                0x10006864       0x10 CMakeFiles/myblinkkey.dir/C_/RPPicoSDK/sdk/pico/pico-sdk/lib/tinyusb/src/device/usbd.c.obj
                0x10006864                tud_suspended
 .text.tud_inited
                0x10006874        0xc CMakeFiles/myblinkkey.dir/C_/RPPicoSDK/sdk/pico/pico-sdk/lib/tinyusb/src/device/usbd.c.obj
                0x10006874                tud_inited
 .text.tud_init
                0x10006880       0xd8 CMakeFiles/myblinkkey.dir/C_/RPPicoSDK/sdk/pico/pico-sdk/lib/tinyusb/src/device/usbd.c.obj
                0x10006880                tud_init
 .text.tud_task
                0x10006958      0x8ec CMakeFiles/myblinkkey.dir/C_/RPPicoSDK/sdk/pico/pico-sdk/lib/tinyusb/src/device/usbd.c.obj
                0x10006958                tud_task
 .text.dcd_event_bus_signal
                0x10007244      0x120 CMakeFiles/myblinkkey.dir/C_/RPPicoSDK/sdk/pico/pico-sdk/lib/tinyusb/src/device/usbd.c.obj
                0x10007244                dcd_event_bus_signal
 .text.dcd_event_bus_reset
                0x10007364       0x54 CMakeFiles/myblinkkey.dir/C_/RPPicoSDK/sdk/pico/pico-sdk/lib/tinyusb/src/device/usbd.c.obj
                0x10007364                dcd_event_bus_reset
 .text.dcd_event_setup_received
                0x100073b8       0x50 CMakeFiles/myblinkkey.dir/C_/RPPicoSDK/sdk/pico/pico-sdk/lib/tinyusb/src/device/usbd.c.obj
                0x100073b8                dcd_event_setup_received
 .text.dcd_event_xfer_complete
                0x10007408       0x68 CMakeFiles/myblinkkey.dir/C_/RPPicoSDK/sdk/pico/pico-sdk/lib/tinyusb/src/device/usbd.c.obj
                0x10007408                dcd_event_xfer_complete
 .text.usbd_open_edpt_pair
                0x10007470       0x80 CMakeFiles/myblinkkey.dir/C_/RPPicoSDK/sdk/pico/pico-sdk/lib/tinyusb/src/device/usbd.c.obj
                0x10007470                usbd_open_edpt_pair
 .text.usbd_edpt_open
                0x100074f0       0x30 CMakeFiles/myblinkkey.dir/C_/RPPicoSDK/sdk/pico/pico-sdk/lib/tinyusb/src/device/usbd.c.obj
                0x100074f0                usbd_edpt_open
 .text.usbd_edpt_claim
                0x10007520       0x64 CMakeFiles/myblinkkey.dir/C_/RPPicoSDK/sdk/pico/pico-sdk/lib/tinyusb/src/device/usbd.c.obj
                0x10007520                usbd_edpt_claim
 .text.usbd_edpt_release
                0x10007584       0x4c CMakeFiles/myblinkkey.dir/C_/RPPicoSDK/sdk/pico/pico-sdk/lib/tinyusb/src/device/usbd.c.obj
                0x10007584                usbd_edpt_release
 .text.usbd_edpt_xfer
                0x100075d0       0x48 CMakeFiles/myblinkkey.dir/C_/RPPicoSDK/sdk/pico/pico-sdk/lib/tinyusb/src/device/usbd.c.obj
                0x100075d0                usbd_edpt_xfer
 .text.tud_control_status
                0x10007618       0x30 CMakeFiles/myblinkkey.dir/C_/RPPicoSDK/sdk/pico/pico-sdk/lib/tinyusb/src/device/usbd_control.c.obj
                0x10007618                tud_control_status
 .text.tud_control_xfer
                0x10007648       0xbc CMakeFiles/myblinkkey.dir/C_/RPPicoSDK/sdk/pico/pico-sdk/lib/tinyusb/src/device/usbd_control.c.obj
                0x10007648                tud_control_xfer
 .text.usbd_control_reset
                0x10007704       0x14 CMakeFiles/myblinkkey.dir/C_/RPPicoSDK/sdk/pico/pico-sdk/lib/tinyusb/src/device/usbd_control.c.obj
                0x10007704                usbd_control_reset
 .text.usbd_control_set_complete_callback
                0x10007718        0xc CMakeFiles/myblinkkey.dir/C_/RPPicoSDK/sdk/pico/pico-sdk/lib/tinyusb/src/device/usbd_control.c.obj
                0x10007718                usbd_control_set_complete_callback
 .text.usbd_control_set_request
                0x10007724       0x1c CMakeFiles/myblinkkey.dir/C_/RPPicoSDK/sdk/pico/pico-sdk/lib/tinyusb/src/device/usbd_control.c.obj
                0x10007724                usbd_control_set_request
 .text.usbd_control_xfer_cb
                0x10007740       0xfc CMakeFiles/myblinkkey.dir/C_/RPPicoSDK/sdk/pico/pico-sdk/lib/tinyusb/src/device/usbd_control.c.obj
                0x10007740                usbd_control_xfer_cb
 .text.tud_cdc_n_connected
                0x1000783c       0x30 CMakeFiles/myblinkkey.dir/C_/RPPicoSDK/sdk/pico/pico-sdk/lib/tinyusb/src/class/cdc/cdc_device.c.obj
                0x1000783c                tud_cdc_n_connected
 .text.tud_cdc_n_available
                0x1000786c       0x18 CMakeFiles/myblinkkey.dir/C_/RPPicoSDK/sdk/pico/pico-sdk/lib/tinyusb/src/class/cdc/cdc_device.c.obj
                0x1000786c                tud_cdc_n_available
 .text.tud_cdc_n_read
                0x10007884       0x70 CMakeFiles/myblinkkey.dir/C_/RPPicoSDK/sdk/pico/pico-sdk/lib/tinyusb/src/class/cdc/cdc_device.c.obj
                0x10007884                tud_cdc_n_read
 .text.tud_cdc_n_write_flush
                0x100078f4       0x78 CMakeFiles/myblinkkey.dir/C_/RPPicoSDK/sdk/pico/pico-sdk/lib/tinyusb/src/class/cdc/cdc_device.c.obj
                0x100078f4                tud_cdc_n_write_flush
 .text.tud_cdc_n_write
                0x1000796c       0x34 CMakeFiles/myblinkkey.dir/C_/RPPicoSDK/sdk/pico/pico-sdk/lib/tinyusb/src/class/cdc/cdc_device.c.obj
                0x1000796c                tud_cdc_n_write
 .text.tud_cdc_n_write_available
                0x100079a0       0x18 CMakeFiles/myblinkkey.dir/C_/RPPicoSDK/sdk/pico/pico-sdk/lib/tinyusb/src/class/cdc/cdc_device.c.obj
                0x100079a0                tud_cdc_n_write_available
 .text.cdcd_init
                0x100079b8       0x7c CMakeFiles/myblinkkey.dir/C_/RPPicoSDK/sdk/pico/pico-sdk/lib/tinyusb/src/class/cdc/cdc_device.c.obj
                0x100079b8                cdcd_init
 .text.cdcd_reset
                0x10007a34       0x2c CMakeFiles/myblinkkey.dir/C_/RPPicoSDK/sdk/pico/pico-sdk/lib/tinyusb/src/class/cdc/cdc_device.c.obj
                0x10007a34                cdcd_reset
 .text.cdcd_open
                0x10007a60       0xe4 CMakeFiles/myblinkkey.dir/C_/RPPicoSDK/sdk/pico/pico-sdk/lib/tinyusb/src/class/cdc/cdc_device.c.obj
                0x10007a60                cdcd_open
 .text.cdcd_control_xfer_cb
                0x10007b44       0xe4 CMakeFiles/myblinkkey.dir/C_/RPPicoSDK/sdk/pico/pico-sdk/lib/tinyusb/src/class/cdc/cdc_device.c.obj
                0x10007b44                cdcd_control_xfer_cb
 .text.cdcd_xfer_cb
                0x10007c28      0x148 CMakeFiles/myblinkkey.dir/C_/RPPicoSDK/sdk/pico/pico-sdk/lib/tinyusb/src/class/cdc/cdc_device.c.obj
                0x10007c28                cdcd_xfer_cb
 .text.tusb_init
                0x10007d70        0xc CMakeFiles/myblinkkey.dir/C_/RPPicoSDK/sdk/pico/pico-sdk/lib/tinyusb/src/tusb.c.obj
                0x10007d70                tusb_init
 .text.tusb_inited
                0x10007d7c        0x8 CMakeFiles/myblinkkey.dir/C_/RPPicoSDK/sdk/pico/pico-sdk/lib/tinyusb/src/tusb.c.obj
                0x10007d7c                tusb_inited
 .text.tu_edpt_validate
                0x10007d84       0x78 CMakeFiles/myblinkkey.dir/C_/RPPicoSDK/sdk/pico/pico-sdk/lib/tinyusb/src/tusb.c.obj
                0x10007d84                tu_edpt_validate
 .text.tu_edpt_bind_driver
                0x10007dfc       0x2c CMakeFiles/myblinkkey.dir/C_/RPPicoSDK/sdk/pico/pico-sdk/lib/tinyusb/src/tusb.c.obj
                0x10007dfc                tu_edpt_bind_driver
 .text.tu_fifo_config
                0x10007e28       0x78 CMakeFiles/myblinkkey.dir/C_/RPPicoSDK/sdk/pico/pico-sdk/lib/tinyusb/src/common/tusb_fifo.c.obj
                0x10007e28                tu_fifo_config
 .text.tu_fifo_count
                0x10007ea0       0x20 CMakeFiles/myblinkkey.dir/C_/RPPicoSDK/sdk/pico/pico-sdk/lib/tinyusb/src/common/tusb_fifo.c.obj
                0x10007ea0                tu_fifo_count
 .text.tu_fifo_empty
                0x10007ec0       0x10 CMakeFiles/myblinkkey.dir/C_/RPPicoSDK/sdk/pico/pico-sdk/lib/tinyusb/src/common/tusb_fifo.c.obj
                0x10007ec0                tu_fifo_empty
 .text.tu_fifo_remaining
                0x10007ed0       0x1c CMakeFiles/myblinkkey.dir/C_/RPPicoSDK/sdk/pico/pico-sdk/lib/tinyusb/src/common/tusb_fifo.c.obj
                0x10007ed0                tu_fifo_remaining
 .text.tu_fifo_read
                0x10007eec       0x9c CMakeFiles/myblinkkey.dir/C_/RPPicoSDK/sdk/pico/pico-sdk/lib/tinyusb/src/common/tusb_fifo.c.obj
                0x10007eec                tu_fifo_read
 .text.tu_fifo_read_n
                0x10007f88      0x100 CMakeFiles/myblinkkey.dir/C_/RPPicoSDK/sdk/pico/pico-sdk/lib/tinyusb/src/common/tusb_fifo.c.obj
                0x10007f88                tu_fifo_read_n
 .text.tu_fifo_write
                0x10008088       0x7c CMakeFiles/myblinkkey.dir/C_/RPPicoSDK/sdk/pico/pico-sdk/lib/tinyusb/src/common/tusb_fifo.c.obj
                0x10008088                tu_fifo_write
 .text.tu_fifo_write_n
                0x10008104      0x100 CMakeFiles/myblinkkey.dir/C_/RPPicoSDK/sdk/pico/pico-sdk/lib/tinyusb/src/common/tusb_fifo.c.obj
                0x10008104                tu_fifo_write_n
 .text.tu_fifo_clear
                0x10008204       0x4c CMakeFiles/myblinkkey.dir/C_/RPPicoSDK/sdk/pico/pico-sdk/lib/tinyusb/src/common/tusb_fifo.c.obj
                0x10008204                tu_fifo_clear
 .text.tu_fifo_set_overwritable
                0x10008250       0x3c CMakeFiles/myblinkkey.dir/C_/RPPicoSDK/sdk/pico/pico-sdk/lib/tinyusb/src/common/tusb_fifo.c.obj
                0x10008250                tu_fifo_set_overwritable
 .text.startup._retrieve_unique_id_on_boot
                0x1000828c       0x10 CMakeFiles/myblinkkey.dir/C_/RPPicoSDK/sdk/pico/pico-sdk/src/rp2_common/pico_unique_id/unique_id.c.obj
 .text.pico_get_unique_board_id_string
                0x1000829c      0x1a8 CMakeFiles/myblinkkey.dir/C_/RPPicoSDK/sdk/pico/pico-sdk/src/rp2_common/pico_unique_id/unique_id.c.obj
                0x1000829c                pico_get_unique_board_id_string
 .text.flash_get_unique_id
                0x10008444       0x40 CMakeFiles/myblinkkey.dir/C_/RPPicoSDK/sdk/pico/pico-sdk/src/rp2_common/hardware_flash/flash.c.obj
                0x10008444                flash_get_unique_id
 .text.i2c_set_baudrate
                0x10008484       0xc4 CMakeFiles/myblinkkey.dir/C_/RPPicoSDK/sdk/pico/pico-sdk/src/rp2_common/hardware_i2c/i2c.c.obj
                0x10008484                i2c_set_baudrate
 .text.i2c_init
                0x10008548       0x54 CMakeFiles/myblinkkey.dir/C_/RPPicoSDK/sdk/pico/pico-sdk/src/rp2_common/hardware_i2c/i2c.c.obj
                0x10008548                i2c_init
 .text.i2c_write_blocking
                0x1000859c       0xd0 CMakeFiles/myblinkkey.dir/C_/RPPicoSDK/sdk/pico/pico-sdk/src/rp2_common/hardware_i2c/i2c.c.obj
                0x1000859c                i2c_write_blocking
 .text.i2c_read_blocking
                0x1000866c       0xac CMakeFiles/myblinkkey.dir/C_/RPPicoSDK/sdk/pico/pico-sdk/src/rp2_common/hardware_i2c/i2c.c.obj
                0x1000866c                i2c_read_blocking
 .text.atof     0x10008718        0xc c:/rppico~1/armcc/102021~1.10/bin/../lib/gcc/arm-none-eabi/10.3.1/../../../../arm-none-eabi/lib/thumb/v6-m/nofp\libc.a(lib_a-atof.o)
                0x10008718                atof
 .text.atoi     0x10008724        0xc c:/rppico~1/armcc/102021~1.10/bin/../lib/gcc/arm-none-eabi/10.3.1/../../../../arm-none-eabi/lib/thumb/v6-m/nofp\libc.a(lib_a-atoi.o)
                0x10008724                atoi
 .text._calloc_r
                0x10008730       0x9c c:/rppico~1/armcc/102021~1.10/bin/../lib/gcc/arm-none-eabi/10.3.1/../../../../arm-none-eabi/lib/thumb/v6-m/nofp\libc.a(lib_a-callocr.o)
                0x10008730                _calloc_r
 .text.__errno  0x100087cc        0xc c:/rppico~1/armcc/102021~1.10/bin/../lib/gcc/arm-none-eabi/10.3.1/../../../../arm-none-eabi/lib/thumb/v6-m/nofp\libc.a(lib_a-errno.o)
                0x100087cc                __errno
 .text._malloc_r
                0x100087d8      0x584 c:/rppico~1/armcc/102021~1.10/bin/../lib/gcc/arm-none-eabi/10.3.1/../../../../arm-none-eabi/lib/thumb/v6-m/nofp\libc.a(lib_a-mallocr.o)
                0x100087d8                _malloc_r
 .text.__malloc_lock
                0x10008d5c       0x10 c:/rppico~1/armcc/102021~1.10/bin/../lib/gcc/arm-none-eabi/10.3.1/../../../../arm-none-eabi/lib/thumb/v6-m/nofp\libc.a(lib_a-mlock.o)
                0x10008d5c                __malloc_lock
 .text.__malloc_unlock
                0x10008d6c       0x10 c:/rppico~1/armcc/102021~1.10/bin/../lib/gcc/arm-none-eabi/10.3.1/../../../../arm-none-eabi/lib/thumb/v6-m/nofp\libc.a(lib_a-mlock.o)
                0x10008d6c                __malloc_unlock
 .text._sbrk_r  0x10008d7c       0x24 c:/rppico~1/armcc/102021~1.10/bin/../lib/gcc/arm-none-eabi/10.3.1/../../../../arm-none-eabi/lib/thumb/v6-m/nofp\libc.a(lib_a-sbrkr.o)
                0x10008d7c                _sbrk_r
 .text.strlen   0x10008da0       0x5c c:/rppico~1/armcc/102021~1.10/bin/../lib/gcc/arm-none-eabi/10.3.1/../../../../arm-none-eabi/lib/thumb/v6-m/nofp\libc.a(lib_a-strlen-stub.o)
                0x10008da0                strlen
 .text._strtod_l
                0x10008dfc      0xf78 c:/rppico~1/armcc/102021~1.10/bin/../lib/gcc/arm-none-eabi/10.3.1/../../../../arm-none-eabi/lib/thumb/v6-m/nofp\libc.a(lib_a-strtod.o)
                0x10008dfc                _strtod_l
 .text.strtod   0x10009d74       0x1c c:/rppico~1/armcc/102021~1.10/bin/../lib/gcc/arm-none-eabi/10.3.1/../../../../arm-none-eabi/lib/thumb/v6-m/nofp\libc.a(lib_a-strtod.o)
                0x10009d74                strtod
 .text._strtol_l.part.0
                0x10009d90      0x144 c:/rppico~1/armcc/102021~1.10/bin/../lib/gcc/arm-none-eabi/10.3.1/../../../../arm-none-eabi/lib/thumb/v6-m/nofp\libc.a(lib_a-strtol.o)
 .text.strtol   0x10009ed4       0x2c c:/rppico~1/armcc/102021~1.10/bin/../lib/gcc/arm-none-eabi/10.3.1/../../../../arm-none-eabi/lib/thumb/v6-m/nofp\libc.a(lib_a-strtol.o)
                0x10009ed4                strtol
 .text._malloc_trim_r
                0x10009f00       0x9c c:/rppico~1/armcc/102021~1.10/bin/../lib/gcc/arm-none-eabi/10.3.1/../../../../arm-none-eabi/lib/thumb/v6-m/nofp\libc.a(lib_a-freer.o)
                0x10009f00                _malloc_trim_r
 .text._free_r  0x10009f9c      0x1c4 c:/rppico~1/armcc/102021~1.10/bin/../lib/gcc/arm-none-eabi/10.3.1/../../../../arm-none-eabi/lib/thumb/v6-m/nofp\libc.a(lib_a-freer.o)
                0x10009f9c                _free_r
 .text.rshift   0x1000a160       0xa4 c:/rppico~1/armcc/102021~1.10/bin/../lib/gcc/arm-none-eabi/10.3.1/../../../../arm-none-eabi/lib/thumb/v6-m/nofp\libc.a(lib_a-gdtoa-gethex.o)
 .text.__gethex
                0x1000a204      0x5cc c:/rppico~1/armcc/102021~1.10/bin/../lib/gcc/arm-none-eabi/10.3.1/../../../../arm-none-eabi/lib/thumb/v6-m/nofp\libc.a(lib_a-gdtoa-gethex.o)
                0x1000a204                __gethex
 .text.__match  0x1000a7d0       0x2c c:/rppico~1/armcc/102021~1.10/bin/../lib/gcc/arm-none-eabi/10.3.1/../../../../arm-none-eabi/lib/thumb/v6-m/nofp\libc.a(lib_a-gdtoa-hexnan.o)
                0x1000a7d0                __match
 .text.__hexnan
                0x1000a7fc      0x1d0 c:/rppico~1/armcc/102021~1.10/bin/../lib/gcc/arm-none-eabi/10.3.1/../../../../arm-none-eabi/lib/thumb/v6-m/nofp\libc.a(lib_a-gdtoa-hexnan.o)
                0x1000a7fc                __hexnan
 .text.__retarget_lock_acquire_recursive
                0x1000a9cc        0x4 c:/rppico~1/armcc/102021~1.10/bin/../lib/gcc/arm-none-eabi/10.3.1/../../../../arm-none-eabi/lib/thumb/v6-m/nofp\libc.a(lib_a-lock.o)
                0x1000a9cc                __retarget_lock_acquire_recursive
 .text.__retarget_lock_release_recursive
                0x1000a9d0        0x4 c:/rppico~1/armcc/102021~1.10/bin/../lib/gcc/arm-none-eabi/10.3.1/../../../../arm-none-eabi/lib/thumb/v6-m/nofp\libc.a(lib_a-lock.o)
                0x1000a9d0                __retarget_lock_release_recursive
 .text.__ascii_mbtowc
                0x1000a9d4       0x2c c:/rppico~1/armcc/102021~1.10/bin/../lib/gcc/arm-none-eabi/10.3.1/../../../../arm-none-eabi/lib/thumb/v6-m/nofp\libc.a(lib_a-mbtowc_r.o)
                0x1000a9d4                __ascii_mbtowc
 .text._Balloc  0x1000aa00       0x50 c:/rppico~1/armcc/102021~1.10/bin/../lib/gcc/arm-none-eabi/10.3.1/../../../../arm-none-eabi/lib/thumb/v6-m/nofp\libc.a(lib_a-mprec.o)
                0x1000aa00                _Balloc
 .text._Bfree   0x1000aa50       0x14 c:/rppico~1/armcc/102021~1.10/bin/../lib/gcc/arm-none-eabi/10.3.1/../../../../arm-none-eabi/lib/thumb/v6-m/nofp\libc.a(lib_a-mprec.o)
                0x1000aa50                _Bfree
 .text.__multadd
                0x1000aa64       0xa8 c:/rppico~1/armcc/102021~1.10/bin/../lib/gcc/arm-none-eabi/10.3.1/../../../../arm-none-eabi/lib/thumb/v6-m/nofp\libc.a(lib_a-mprec.o)
                0x1000aa64                __multadd
 .text.__s2b    0x1000ab0c       0xb0 c:/rppico~1/armcc/102021~1.10/bin/../lib/gcc/arm-none-eabi/10.3.1/../../../../arm-none-eabi/lib/thumb/v6-m/nofp\libc.a(lib_a-mprec.o)
                0x1000ab0c                __s2b
 .text.__hi0bits
                0x1000abbc       0x38 c:/rppico~1/armcc/102021~1.10/bin/../lib/gcc/arm-none-eabi/10.3.1/../../../../arm-none-eabi/lib/thumb/v6-m/nofp\libc.a(lib_a-mprec.o)
                0x1000abbc                __hi0bits
 .text.__lo0bits
                0x1000abf4       0x5c c:/rppico~1/armcc/102021~1.10/bin/../lib/gcc/arm-none-eabi/10.3.1/../../../../arm-none-eabi/lib/thumb/v6-m/nofp\libc.a(lib_a-mprec.o)
                0x1000abf4                __lo0bits
 .text.__i2b    0x1000ac50       0x60 c:/rppico~1/armcc/102021~1.10/bin/../lib/gcc/arm-none-eabi/10.3.1/../../../../arm-none-eabi/lib/thumb/v6-m/nofp\libc.a(lib_a-mprec.o)
                0x1000ac50                __i2b
 .text.__multiply
                0x1000acb0      0x1a4 c:/rppico~1/armcc/102021~1.10/bin/../lib/gcc/arm-none-eabi/10.3.1/../../../../arm-none-eabi/lib/thumb/v6-m/nofp\libc.a(lib_a-mprec.o)
                0x1000acb0                __multiply
 .text.__pow5mult
                0x1000ae54       0xd8 c:/rppico~1/armcc/102021~1.10/bin/../lib/gcc/arm-none-eabi/10.3.1/../../../../arm-none-eabi/lib/thumb/v6-m/nofp\libc.a(lib_a-mprec.o)
                0x1000ae54                __pow5mult
 .text.__lshift
                0x1000af2c       0xfc c:/rppico~1/armcc/102021~1.10/bin/../lib/gcc/arm-none-eabi/10.3.1/../../../../arm-none-eabi/lib/thumb/v6-m/nofp\libc.a(lib_a-mprec.o)
                0x1000af2c                __lshift
 .text.__mcmp   0x1000b028       0x34 c:/rppico~1/armcc/102021~1.10/bin/../lib/gcc/arm-none-eabi/10.3.1/../../../../arm-none-eabi/lib/thumb/v6-m/nofp\libc.a(lib_a-mprec.o)
                0x1000b028                __mcmp
 .text.__mdiff  0x1000b05c      0x18c c:/rppico~1/armcc/102021~1.10/bin/../lib/gcc/arm-none-eabi/10.3.1/../../../../arm-none-eabi/lib/thumb/v6-m/nofp\libc.a(lib_a-mprec.o)
                0x1000b05c                __mdiff
 .text.__ulp    0x1000b1e8       0x48 c:/rppico~1/armcc/102021~1.10/bin/../lib/gcc/arm-none-eabi/10.3.1/../../../../arm-none-eabi/lib/thumb/v6-m/nofp\libc.a(lib_a-mprec.o)
                0x1000b1e8                __ulp
 .text.__b2d    0x1000b230       0xc8 c:/rppico~1/armcc/102021~1.10/bin/../lib/gcc/arm-none-eabi/10.3.1/../../../../arm-none-eabi/lib/thumb/v6-m/nofp\libc.a(lib_a-mprec.o)
                0x1000b230                __b2d
 .text.__d2b    0x1000b2f8       0xd8 c:/rppico~1/armcc/102021~1.10/bin/../lib/gcc/arm-none-eabi/10.3.1/../../../../arm-none-eabi/lib/thumb/v6-m/nofp\libc.a(lib_a-mprec.o)
                0x1000b2f8                __d2b
 .text.__ratio  0x1000b3d0       0x68 c:/rppico~1/armcc/102021~1.10/bin/../lib/gcc/arm-none-eabi/10.3.1/../../../../arm-none-eabi/lib/thumb/v6-m/nofp\libc.a(lib_a-mprec.o)
                0x1000b3d0                __ratio
 .text.__copybits
                0x1000b438       0x40 c:/rppico~1/armcc/102021~1.10/bin/../lib/gcc/arm-none-eabi/10.3.1/../../../../arm-none-eabi/lib/thumb/v6-m/nofp\libc.a(lib_a-mprec.o)
                0x1000b438                __copybits
 .text.__any_on
                0x1000b478       0x50 c:/rppico~1/armcc/102021~1.10/bin/../lib/gcc/arm-none-eabi/10.3.1/../../../../arm-none-eabi/lib/thumb/v6-m/nofp\libc.a(lib_a-mprec.o)
                0x1000b478                __any_on
 .text.nan      0x1000b4c8        0xc c:/rppico~1/armcc/102021~1.10/bin/../lib/gcc/arm-none-eabi/10.3.1/../../../../arm-none-eabi/lib/thumb/v6-m/nofp\libc.a(lib_a-s_nan.o)
                0x1000b4c8                nan
 .text.strncmp  0x1000b4d4       0x74 c:/rppico~1/armcc/102021~1.10/bin/../lib/gcc/arm-none-eabi/10.3.1/../../../../arm-none-eabi/lib/thumb/v6-m/nofp\libc.a(lib_a-strncmp.o)
                0x1000b4d4                strncmp
 .text.__ascii_wctomb
                0x1000b548       0x1c c:/rppico~1/armcc/102021~1.10/bin/../lib/gcc/arm-none-eabi/10.3.1/../../../../arm-none-eabi/lib/thumb/v6-m/nofp\libc.a(lib_a-wctomb_r.o)
                0x1000b548                __ascii_wctomb
 *(.fini)
 .fini          0x1000b564        0x4 c:/rppico~1/armcc/102021~1.10/bin/../lib/gcc/arm-none-eabi/10.3.1/thumb/v6-m/nofp/crti.o
                0x1000b564                _fini
 .fini.__stub   0x1000b568       0x70 linker stubs
 *crtbegin.o(.ctors)
 *crtbegin?.o(.ctors)
 *(EXCLUDE_FILE(*crtend.o *crtend?.o) .ctors)
 *(SORT_BY_NAME(.ctors.*))
 *(.ctors)
 *crtbegin.o(.dtors)
 *crtbegin?.o(.dtors)
 *(EXCLUDE_FILE(*crtend.o *crtend?.o) .dtors)
 *(SORT_BY_NAME(.dtors.*))
 *(.dtors)
 *(.eh_frame*)
 .eh_frame      0x1000b5d8        0x0 c:/rppico~1/armcc/102021~1.10/bin/../lib/gcc/arm-none-eabi/10.3.1/thumb/v6-m/nofp/crtbegin.o
                0x1000b5d8                . = ALIGN (0x4)

.glue_7         0x1000b5d8        0x0
 .glue_7        0x1000b5d8        0x0 linker stubs

.glue_7t        0x1000b5d8        0x0
 .glue_7t       0x1000b5d8        0x0 linker stubs

.vfp11_veneer   0x1000b5d8        0x0
 .vfp11_veneer  0x1000b5d8        0x0 linker stubs

.v4_bx          0x1000b5d8        0x0
 .v4_bx         0x1000b5d8        0x0 linker stubs

.iplt           0x1000b5d8        0x0
 .iplt          0x1000b5d8        0x0 c:/rppico~1/armcc/102021~1.10/bin/../lib/gcc/arm-none-eabi/10.3.1/thumb/v6-m/nofp/crtbegin.o

.rodata         0x1000b5d8      0xc94
 *(EXCLUDE_FILE(*libm.a: *libc.a:*lib_a-mem*.o *libgcc.a:) .rodata*)
 .rodata.col    0x1000b5d8       0x10 CMakeFiles/myblinkkey.dir/src/KeyMatrix.c.obj
                0x1000b5d8                col
 .rodata.row    0x1000b5e8       0x10 CMakeFiles/myblinkkey.dir/src/KeyMatrix.c.obj
                0x1000b5e8                row
 .rodata.TimerInit.str1.4
                0x1000b5f8       0x53 CMakeFiles/myblinkkey.dir/src/timer.c.obj
 *fill*         0x1000b64b        0x1 
 .rodata.Clear.str1.4
                0x1000b64c       0x11 CMakeFiles/myblinkkey.dir/src/lcd.c.obj
 *fill*         0x1000b65d        0x3 
 .rodata.EEPROM_WriteByte.str1.4
                0x1000b660       0x13 CMakeFiles/myblinkkey.dir/src/eeprom.c.obj
 *fill*         0x1000b673        0x1 
 .rodata.EEPROM_ReadByte.str1.4
                0x1000b674       0x11 CMakeFiles/myblinkkey.dir/src/eeprom.c.obj
 *fill*         0x1000b685        0x3 
 .rodata.LatLonGet.str1.4
                0x1000b688       0x20 CMakeFiles/myblinkkey.dir/src/gps.c.obj
 .rodata.LatLonGet
                0x1000b6a8       0x24 CMakeFiles/myblinkkey.dir/src/gps.c.obj
 .rodata.EventAllInit.str1.4
                0x1000b6cc       0x1b CMakeFiles/myblinkkey.dir/src/events.c.obj
 *fill*         0x1000b6e7        0x1 
 .rodata.FormatPoint.str1.4
                0x1000b6e8       0xd7 CMakeFiles/myblinkkey.dir/src/events.c.obj
 *fill*         0x1000b7bf        0x1 
 .rodata.process_Events.str1.4
                0x1000b7c0        0xa CMakeFiles/myblinkkey.dir/src/events.c.obj
 *fill*         0x1000b7ca        0x2 
 .rodata.spin_lock_claim_unused.str1.4
                0x1000b7cc       0x1b CMakeFiles/myblinkkey.dir/C_/RPPicoSDK/sdk/pico/pico-sdk/src/rp2_common/hardware_sync/sync.c.obj
 *fill*         0x1000b7e7        0x1 
 .rodata.hardware_alarm_claim.str1.4
                0x1000b7e8       0x22 CMakeFiles/myblinkkey.dir/C_/RPPicoSDK/sdk/pico/pico-sdk/src/rp2_common/hardware_timer/timer.c.obj
 *fill*         0x1000b80a        0x2 
 .rodata.__assert_func.str1.4
                0x1000b80c       0x3f CMakeFiles/myblinkkey.dir/C_/RPPicoSDK/sdk/pico/pico-sdk/src/rp2_common/pico_runtime/runtime.c.obj
                                 0x43 (size before relaxing)
 *fill*         0x1000b84b        0x1 
 .rodata.panic.str1.4
                0x1000b84c       0x10 CMakeFiles/myblinkkey.dir/C_/RPPicoSDK/sdk/pico/pico-sdk/src/rp2_common/pico_runtime/runtime.c.obj
                                 0x12 (size before relaxing)
 .rodata.hard_assertion_failure.str1.4
                0x1000b85c        0xc CMakeFiles/myblinkkey.dir/C_/RPPicoSDK/sdk/pico/pico-sdk/src/rp2_common/pico_runtime/runtime.c.obj
 .rodata._ftoa.str1.4
                0x1000b868       0x15 CMakeFiles/myblinkkey.dir/C_/RPPicoSDK/sdk/pico/pico-sdk/src/rp2_common/pico_printf/printf.c.obj
 *fill*         0x1000b87d        0x3 
 .rodata._vsnprintf
                0x1000b880      0x1e0 CMakeFiles/myblinkkey.dir/C_/RPPicoSDK/sdk/pico/pico-sdk/src/rp2_common/pico_printf/printf.c.obj
 .rodata.pow10.0
                0x1000ba60       0x50 CMakeFiles/myblinkkey.dir/C_/RPPicoSDK/sdk/pico/pico-sdk/src/rp2_common/pico_printf/printf.c.obj
 .rodata.str1.4
                0x1000bab0       0x40 CMakeFiles/myblinkkey.dir/C_/RPPicoSDK/sdk/pico/pico-sdk/src/rp2_common/pico_standard_link/binary_info.c.obj
 .rodata.__bi_44
                0x1000baf0        0xc CMakeFiles/myblinkkey.dir/C_/RPPicoSDK/sdk/pico/pico-sdk/src/rp2_common/pico_standard_link/binary_info.c.obj
 .rodata.__bi_75
                0x1000bafc        0xc CMakeFiles/myblinkkey.dir/C_/RPPicoSDK/sdk/pico/pico-sdk/src/rp2_common/pico_standard_link/binary_info.c.obj
 .rodata.__bi_81
                0x1000bb08        0xc CMakeFiles/myblinkkey.dir/C_/RPPicoSDK/sdk/pico/pico-sdk/src/rp2_common/pico_standard_link/binary_info.c.obj
 .rodata.crlf_str.0
                0x1000bb14        0x2 CMakeFiles/myblinkkey.dir/C_/RPPicoSDK/sdk/pico/pico-sdk/src/rp2_common/pico_stdio/stdio.c.obj
 *fill*         0x1000bb16        0x2 
 .rodata._resetd_driver
                0x1000bb18       0x18 CMakeFiles/myblinkkey.dir/C_/RPPicoSDK/sdk/pico/pico-sdk/src/rp2_common/pico_stdio_usb/reset_interface.c.obj
 .rodata.str1.4
                0x1000bb30       0x13 CMakeFiles/myblinkkey.dir/C_/RPPicoSDK/sdk/pico/pico-sdk/src/rp2_common/pico_stdio_usb/stdio_usb.c.obj
 *fill*         0x1000bb43        0x1 
 .rodata.__bi_93.0
                0x1000bb44        0xc CMakeFiles/myblinkkey.dir/C_/RPPicoSDK/sdk/pico/pico-sdk/src/rp2_common/pico_stdio_usb/stdio_usb.c.obj
 .rodata.str1.4
                0x1000bb50       0x2a CMakeFiles/myblinkkey.dir/C_/RPPicoSDK/sdk/pico/pico-sdk/src/rp2_common/pico_stdio_usb/stdio_usb_descriptors.c.obj
 *fill*         0x1000bb7a        0x2 
 .rodata.usbd_desc_cfg
                0x1000bb7c       0x54 CMakeFiles/myblinkkey.dir/C_/RPPicoSDK/sdk/pico/pico-sdk/src/rp2_common/pico_stdio_usb/stdio_usb_descriptors.c.obj
 .rodata.usbd_desc_device
                0x1000bbd0       0x12 CMakeFiles/myblinkkey.dir/C_/RPPicoSDK/sdk/pico/pico-sdk/src/rp2_common/pico_stdio_usb/stdio_usb_descriptors.c.obj
 *fill*         0x1000bbe2        0x2 
 .rodata.usbd_desc_str
                0x1000bbe4       0x18 CMakeFiles/myblinkkey.dir/C_/RPPicoSDK/sdk/pico/pico-sdk/src/rp2_common/pico_stdio_usb/stdio_usb_descriptors.c.obj
 .rodata.dcd_rp2040_irq.str1.4
                0x1000bbfc       0x14 CMakeFiles/myblinkkey.dir/C_/RPPicoSDK/sdk/pico/pico-sdk/lib/tinyusb/src/portable/raspberrypi/rp2040/dcd_rp2040.c.obj
 .rodata._hw_endpoint_buffer_control_update32.part.0.isra.0.str1.4
                0x1000bc10       0x1f CMakeFiles/myblinkkey.dir/C_/RPPicoSDK/sdk/pico/pico-sdk/lib/tinyusb/src/portable/raspberrypi/rp2040/rp2040_usb.c.obj
 *fill*         0x1000bc2f        0x1 
 .rodata.hw_endpoint_xfer_continue.str1.4
                0x1000bc30       0x29 CMakeFiles/myblinkkey.dir/C_/RPPicoSDK/sdk/pico/pico-sdk/lib/tinyusb/src/portable/raspberrypi/rp2040/rp2040_usb.c.obj
 *fill*         0x1000bc59        0x3 
 .rodata.str1.4
                0x1000bc5c        0x7 CMakeFiles/myblinkkey.dir/C_/RPPicoSDK/sdk/pico/pico-sdk/lib/tinyusb/src/portable/raspberrypi/rp2040/rp2040_usb.c.obj
 *fill*         0x1000bc63        0x1 
 .rodata.tud_task
                0x1000bc64       0x8c CMakeFiles/myblinkkey.dir/C_/RPPicoSDK/sdk/pico/pico-sdk/lib/tinyusb/src/device/usbd.c.obj
 .rodata._usbd_driver
                0x1000bcf0       0x18 CMakeFiles/myblinkkey.dir/C_/RPPicoSDK/sdk/pico/pico-sdk/lib/tinyusb/src/device/usbd.c.obj
 .rodata._strtod_l.str1.4
                0x1000bd08        0xf c:/rppico~1/armcc/102021~1.10/bin/../lib/gcc/arm-none-eabi/10.3.1/../../../../arm-none-eabi/lib/thumb/v6-m/nofp\libc.a(lib_a-strtod.o)
                                 0x11 (size before relaxing)
 *fill*         0x1000bd17        0x1 
 .rodata._strtod_l
                0x1000bd18       0xd0 c:/rppico~1/armcc/102021~1.10/bin/../lib/gcc/arm-none-eabi/10.3.1/../../../../arm-none-eabi/lib/thumb/v6-m/nofp\libc.a(lib_a-strtod.o)
 .rodata.fpi.1  0x1000bde8       0x14 c:/rppico~1/armcc/102021~1.10/bin/../lib/gcc/arm-none-eabi/10.3.1/../../../../arm-none-eabi/lib/thumb/v6-m/nofp\libc.a(lib_a-strtod.o)
 .rodata.fpinan.0
                0x1000bdfc       0x14 c:/rppico~1/armcc/102021~1.10/bin/../lib/gcc/arm-none-eabi/10.3.1/../../../../arm-none-eabi/lib/thumb/v6-m/nofp\libc.a(lib_a-strtod.o)
 .rodata.tinytens
                0x1000be10       0x28 c:/rppico~1/armcc/102021~1.10/bin/../lib/gcc/arm-none-eabi/10.3.1/../../../../arm-none-eabi/lib/thumb/v6-m/nofp\libc.a(lib_a-strtod.o)
 .rodata._ctype_
                0x1000be38      0x101 c:/rppico~1/armcc/102021~1.10/bin/../lib/gcc/arm-none-eabi/10.3.1/../../../../arm-none-eabi/lib/thumb/v6-m/nofp\libc.a(lib_a-ctype_.o)
                0x1000be38                _ctype_
 *fill*         0x1000bf39        0x3 
 .rodata.__gethex.str1.4
                0x1000bf3c       0x9a c:/rppico~1/armcc/102021~1.10/bin/../lib/gcc/arm-none-eabi/10.3.1/../../../../arm-none-eabi/lib/thumb/v6-m/nofp\libc.a(lib_a-gdtoa-gethex.o)
 *fill*         0x1000bfd6        0x2 
 .rodata.__hexdig
                0x1000bfd8      0x100 c:/rppico~1/armcc/102021~1.10/bin/../lib/gcc/arm-none-eabi/10.3.1/../../../../arm-none-eabi/lib/thumb/v6-m/nofp\libc.a(lib_a-gdtoa-gethex.o)
                0x1000bfd8                __hexdig
 .rodata.str1.4
                0x1000c0d8        0x2 c:/rppico~1/armcc/102021~1.10/bin/../lib/gcc/arm-none-eabi/10.3.1/../../../../arm-none-eabi/lib/thumb/v6-m/nofp\libc.a(lib_a-lnumeric.o)
                                  0x5 (size before relaxing)
 *fill*         0x1000c0da        0x2 
 .rodata._C_numeric_locale
                0x1000c0dc        0xc c:/rppico~1/armcc/102021~1.10/bin/../lib/gcc/arm-none-eabi/10.3.1/../../../../arm-none-eabi/lib/thumb/v6-m/nofp\libc.a(lib_a-lnumeric.o)
                0x1000c0dc                _C_numeric_locale
 .rodata._setlocale_r.str1.4
                0x1000c0e8        0x6 c:/rppico~1/armcc/102021~1.10/bin/../lib/gcc/arm-none-eabi/10.3.1/../../../../arm-none-eabi/lib/thumb/v6-m/nofp\libc.a(lib_a-locale.o)
                                  0xd (size before relaxing)
 .rodata.str1.4
                0x1000c0ee        0x2 c:/rppico~1/armcc/102021~1.10/bin/../lib/gcc/arm-none-eabi/10.3.1/../../../../arm-none-eabi/lib/thumb/v6-m/nofp\libc.a(lib_a-locale.o)
 *fill*         0x1000c0ee        0x2 
 .rodata.__multadd.str1.4
                0x1000c0f0       0x7f c:/rppico~1/armcc/102021~1.10/bin/../lib/gcc/arm-none-eabi/10.3.1/../../../../arm-none-eabi/lib/thumb/v6-m/nofp\libc.a(lib_a-mprec.o)
                                 0x93 (size before relaxing)
 *fill*         0x1000c16f        0x1 
 .rodata.__mprec_bigtens
                0x1000c170       0x28 c:/rppico~1/armcc/102021~1.10/bin/../lib/gcc/arm-none-eabi/10.3.1/../../../../arm-none-eabi/lib/thumb/v6-m/nofp\libc.a(lib_a-mprec.o)
                0x1000c170                __mprec_bigtens
 .rodata.__mprec_tens
                0x1000c198       0xc8 c:/rppico~1/armcc/102021~1.10/bin/../lib/gcc/arm-none-eabi/10.3.1/../../../../arm-none-eabi/lib/thumb/v6-m/nofp\libc.a(lib_a-mprec.o)
                0x1000c198                __mprec_tens
 .rodata.p05.0  0x1000c260        0xc c:/rppico~1/armcc/102021~1.10/bin/../lib/gcc/arm-none-eabi/10.3.1/../../../../arm-none-eabi/lib/thumb/v6-m/nofp\libc.a(lib_a-mprec.o)
                0x1000c26c                . = ALIGN (0x4)
 *(SORT_BY_ALIGNMENT(SORT_BY_NAME(.flashdata*)))
                0x1000c26c                . = ALIGN (0x4)

.rel.dyn        0x1000c26c        0x0
 .rel.iplt      0x1000c26c        0x0 c:/rppico~1/armcc/102021~1.10/bin/../lib/gcc/arm-none-eabi/10.3.1/thumb/v6-m/nofp/crtbegin.o

.ARM.extab
 *(.ARM.extab* .gnu.linkonce.armextab.*)
                0x1000c26c                __exidx_start = .

.ARM.exidx
 *(.ARM.exidx* .gnu.linkonce.armexidx.*)
                0x1000c26c                __exidx_end = .
                0x1000c26c                . = ALIGN (0x4)
                0x1000c26c                __binary_info_start = .

.binary_info    0x1000c26c       0x20
 *(.binary_info.keep.*)
 .binary_info.keep.__bi_ptr22
                0x1000c26c        0x4 CMakeFiles/myblinkkey.dir/C_/RPPicoSDK/sdk/pico/pico-sdk/src/rp2_common/pico_standard_link/binary_info.c.obj
 .binary_info.keep.__bi_ptr30
                0x1000c270        0x4 CMakeFiles/myblinkkey.dir/C_/RPPicoSDK/sdk/pico/pico-sdk/src/rp2_common/pico_standard_link/binary_info.c.obj
 .binary_info.keep.__bi_ptr38
                0x1000c274        0x4 CMakeFiles/myblinkkey.dir/C_/RPPicoSDK/sdk/pico/pico-sdk/src/rp2_common/pico_standard_link/binary_info.c.obj
 .binary_info.keep.__bi_ptr44
                0x1000c278        0x4 CMakeFiles/myblinkkey.dir/C_/RPPicoSDK/sdk/pico/pico-sdk/src/rp2_common/pico_standard_link/binary_info.c.obj
 .binary_info.keep.__bi_ptr50
                0x1000c27c        0x4 CMakeFiles/myblinkkey.dir/C_/RPPicoSDK/sdk/pico/pico-sdk/src/rp2_common/pico_standard_link/binary_info.c.obj
 .binary_info.keep.__bi_ptr75
                0x1000c280        0x4 CMakeFiles/myblinkkey.dir/C_/RPPicoSDK/sdk/pico/pico-sdk/src/rp2_common/pico_standard_link/binary_info.c.obj
 .binary_info.keep.__bi_ptr81
                0x1000c284        0x4 CMakeFiles/myblinkkey.dir/C_/RPPicoSDK/sdk/pico/pico-sdk/src/rp2_common/pico_standard_link/binary_info.c.obj
 *(.binary_info.*)
 .binary_info.__bi_ptr93
                0x1000c288        0x4 CMakeFiles/myblinkkey.dir/C_/RPPicoSDK/sdk/pico/pico-sdk/src/rp2_common/pico_stdio_usb/stdio_usb.c.obj
                0x1000c28c                __binary_info_end = .
                0x1000c28c                . = ALIGN (0x4)
                0x1000c28c                __etext = .

.ram_vector_table
                0x20000000       0xc0
 *(.ram_vector_table)
 .ram_vector_table
                0x20000000       0xc0 CMakeFiles/myblinkkey.dir/C_/RPPicoSDK/sdk/pico/pico-sdk/src/rp2_common/pico_runtime/runtime.c.obj
                0x20000000                ram_vector_table

.data           0x200000c0      0xdb0 load address 0x1000c28c
                0x200000c0                __data_start__ = .
 *(vtable)
 *(.time_critical*)
 .time_critical.mutex_enter_blocking
                0x200000c0       0x48 CMakeFiles/myblinkkey.dir/C_/RPPicoSDK/sdk/pico/pico-sdk/src/common/pico_sync/mutex.c.obj
                0x200000c0                mutex_enter_blocking
 .time_critical.mutex_try_enter
                0x20000108       0x44 CMakeFiles/myblinkkey.dir/C_/RPPicoSDK/sdk/pico/pico-sdk/src/common/pico_sync/mutex.c.obj
                0x20000108                mutex_try_enter
 .time_critical.mutex_enter_timeout_ms
                0x2000014c       0xa0 CMakeFiles/myblinkkey.dir/C_/RPPicoSDK/sdk/pico/pico-sdk/src/common/pico_sync/mutex.c.obj
                0x2000014c                mutex_enter_timeout_ms
 .time_critical.mutex_exit
                0x200001ec       0x28 CMakeFiles/myblinkkey.dir/C_/RPPicoSDK/sdk/pico/pico-sdk/src/common/pico_sync/mutex.c.obj
                0x200001ec                mutex_exit
 .time_critical.flash_init_boot2_copyout
                0x20000214       0x30 CMakeFiles/myblinkkey.dir/C_/RPPicoSDK/sdk/pico/pico-sdk/src/rp2_common/hardware_flash/flash.c.obj
 .time_critical.flash_enable_xip_via_boot2
                0x20000244       0x10 CMakeFiles/myblinkkey.dir/C_/RPPicoSDK/sdk/pico/pico-sdk/src/rp2_common/hardware_flash/flash.c.obj
 .time_critical.flash_cs_force
                0x20000254       0x38 CMakeFiles/myblinkkey.dir/C_/RPPicoSDK/sdk/pico/pico-sdk/src/rp2_common/hardware_flash/flash.c.obj
 .time_critical.flash_do_cmd
                0x2000028c       0xc4 CMakeFiles/myblinkkey.dir/C_/RPPicoSDK/sdk/pico/pico-sdk/src/rp2_common/hardware_flash/flash.c.obj
                0x2000028c                flash_do_cmd
 *(.text*)
 .text          0x20000350        0x4 c:/rppico~1/armcc/102021~1.10/bin/../lib/gcc/arm-none-eabi/10.3.1/thumb/v6-m/nofp\libgcc.a(_dvmd_tls.o)
                0x20000350                __aeabi_idiv0
                0x20000350                __aeabi_ldiv0
 *fill*         0x20000354        0x4 
 .text.__stub   0x20000358       0x30 linker stubs
                0x20000388                . = ALIGN (0x4)
 *(.rodata*)
                0x20000388                . = ALIGN (0x4)
 *(.data*)
 .data.keys     0x20000388       0x10 CMakeFiles/myblinkkey.dir/src/KeyMatrix.c.obj
                0x20000388                keys
 .data.LCDpins  0x20000398       0x1c CMakeFiles/myblinkkey.dir/src/lcd.c.obj
                0x20000398                LCDpins
 .data.AddrWrite
                0x200003b4        0x2 CMakeFiles/myblinkkey.dir/src/gps.c.obj
                0x200003b4                AddrWrite
 .data.FlagPoint
                0x200003b6        0x1 CMakeFiles/myblinkkey.dir/src/gps.c.obj
                0x200003b6                FlagPoint
 .data.FlagShow
                0x200003b7        0x1 CMakeFiles/myblinkkey.dir/src/gps.c.obj
                0x200003b7                FlagShow
 .data.key      0x200003b8        0x1 CMakeFiles/myblinkkey.dir/src/events.c.obj
                0x200003b8                key
 .data.striped_spin_lock_num
                0x200003b9        0x1 CMakeFiles/myblinkkey.dir/C_/RPPicoSDK/sdk/pico/pico-sdk/src/rp2_common/hardware_sync/sync.c.obj
 *fill*         0x200003ba        0x2 
 .data.default_alarm_pool
                0x200003bc       0x18 CMakeFiles/myblinkkey.dir/C_/RPPicoSDK/sdk/pico/pico-sdk/src/common/pico_time/time.c.obj
 .data.default_alarm_pool_heap
                0x200003d4       0x10 CMakeFiles/myblinkkey.dir/C_/RPPicoSDK/sdk/pico/pico-sdk/src/common/pico_time/time.c.obj
 .data          0x200003e4       0x48 CMakeFiles/myblinkkey.dir/C_/RPPicoSDK/sdk/pico/pico-sdk/src/rp2_common/hardware_irq/irq_handler_chain.S.obj
                0x200003e4                irq_handler_chain_slots
                0x20000414                irq_handler_chain_first_slot
                0x2000041e                irq_handler_chain_remove_tail
 *fill*         0x2000042c        0x4 
 .data.aeabi_bits_funcs
                0x20000430       0x10 CMakeFiles/myblinkkey.dir/C_/RPPicoSDK/sdk/pico/pico-sdk/src/rp2_common/pico_bit_ops/bit_ops_aeabi.S.obj
                0x20000430                aeabi_bits_funcs
                0x20000440                aeabi_bits_funcs_end
 .data.aeabi_mem_funcs
                0x20000440       0x10 CMakeFiles/myblinkkey.dir/C_/RPPicoSDK/sdk/pico/pico-sdk/src/rp2_common/pico_mem_ops/mem_ops_aeabi.S.obj
                0x20000440                aeabi_mem_funcs
                0x20000450                aeabi_mem_funcs_end
 .data.stdio_usb
                0x20000450       0x14 CMakeFiles/myblinkkey.dir/C_/RPPicoSDK/sdk/pico/pico-sdk/src/rp2_common/pico_stdio_usb/stdio_usb.c.obj
                0x20000450                stdio_usb
 .data.ep_dir_string
                0x20000464        0x8 CMakeFiles/myblinkkey.dir/C_/RPPicoSDK/sdk/pico/pico-sdk/lib/tinyusb/src/portable/raspberrypi/rp2040/rp2040_usb.c.obj
                0x20000464                ep_dir_string
 .data._usbd_qdef
                0x2000046c       0x24 CMakeFiles/myblinkkey.dir/C_/RPPicoSDK/sdk/pico/pico-sdk/lib/tinyusb/src/device/usbd.c.obj
                0x2000046c                _usbd_qdef
 .data.i2c0_inst
                0x20000490        0x8 CMakeFiles/myblinkkey.dir/C_/RPPicoSDK/sdk/pico/pico-sdk/src/rp2_common/hardware_i2c/i2c.c.obj
                0x20000490                i2c0_inst
 .data.i2c1_inst
                0x20000498        0x8 CMakeFiles/myblinkkey.dir/C_/RPPicoSDK/sdk/pico/pico-sdk/src/rp2_common/hardware_i2c/i2c.c.obj
                0x20000498                i2c1_inst
 .data._impure_ptr
                0x200004a0        0x4 c:/rppico~1/armcc/102021~1.10/bin/../lib/gcc/arm-none-eabi/10.3.1/../../../../arm-none-eabi/lib/thumb/v6-m/nofp\libc.a(lib_a-impure.o)
                0x200004a0                _impure_ptr
 *fill*         0x200004a4        0x4 
 .data.impure_data
                0x200004a8      0x428 c:/rppico~1/armcc/102021~1.10/bin/../lib/gcc/arm-none-eabi/10.3.1/../../../../arm-none-eabi/lib/thumb/v6-m/nofp\libc.a(lib_a-impure.o)
 .data.__malloc_av_
                0x200008d0      0x408 c:/rppico~1/armcc/102021~1.10/bin/../lib/gcc/arm-none-eabi/10.3.1/../../../../arm-none-eabi/lib/thumb/v6-m/nofp\libc.a(lib_a-mallocr.o)
                0x200008d0                __malloc_av_
 .data.__malloc_sbrk_base
                0x20000cd8        0x4 c:/rppico~1/armcc/102021~1.10/bin/../lib/gcc/arm-none-eabi/10.3.1/../../../../arm-none-eabi/lib/thumb/v6-m/nofp\libc.a(lib_a-mallocr.o)
                0x20000cd8                __malloc_sbrk_base
 .data.__malloc_trim_threshold
                0x20000cdc        0x4 c:/rppico~1/armcc/102021~1.10/bin/../lib/gcc/arm-none-eabi/10.3.1/../../../../arm-none-eabi/lib/thumb/v6-m/nofp\libc.a(lib_a-mallocr.o)
                0x20000cdc                __malloc_trim_threshold
 .data.numempty
                0x20000ce0        0x2 c:/rppico~1/armcc/102021~1.10/bin/../lib/gcc/arm-none-eabi/10.3.1/../../../../arm-none-eabi/lib/thumb/v6-m/nofp\libc.a(lib_a-lnumeric.o)
 *fill*         0x20000ce2        0x2 
 .data.__global_locale
                0x20000ce4      0x16c c:/rppico~1/armcc/102021~1.10/bin/../lib/gcc/arm-none-eabi/10.3.1/../../../../arm-none-eabi/lib/thumb/v6-m/nofp\libc.a(lib_a-locale.o)
                0x20000ce4                __global_locale
                0x20000e50                . = ALIGN (0x4)
 *(.after_data.*)
                0x20000e50                . = ALIGN (0x4)
                0x20000e50                PROVIDE (__mutex_array_start = .)
 *(SORT_BY_NAME(.mutex_array.*))
 *(.mutex_array)
 .mutex_array   0x20000e50        0x8 CMakeFiles/myblinkkey.dir/C_/RPPicoSDK/sdk/pico/pico-sdk/src/rp2_common/pico_stdio/stdio.c.obj
                0x20000e58                PROVIDE (__mutex_array_end = .)
                0x20000e58                . = ALIGN (0x4)
                0x20000e58                PROVIDE (__preinit_array_start = .)
 *(SORT_BY_NAME(.preinit_array.*))
 .preinit_array.00001
                0x20000e58        0x4 CMakeFiles/myblinkkey.dir/C_/RPPicoSDK/sdk/pico/pico-sdk/src/rp2_common/pico_mem_ops/mem_ops_aeabi.S.obj
 .preinit_array.00010
                0x20000e5c        0x4 CMakeFiles/myblinkkey.dir/C_/RPPicoSDK/sdk/pico/pico-sdk/src/rp2_common/pico_bit_ops/bit_ops_aeabi.S.obj
 .preinit_array.00020
                0x20000e60        0x4 CMakeFiles/myblinkkey.dir/C_/RPPicoSDK/sdk/pico/pico-sdk/src/rp2_common/pico_double/double_aeabi.S.obj
 .preinit_array.00020
                0x20000e64        0x4 CMakeFiles/myblinkkey.dir/C_/RPPicoSDK/sdk/pico/pico-sdk/src/rp2_common/pico_float/float_aeabi.S.obj
 *(.preinit_array)
                0x20000e68                PROVIDE (__preinit_array_end = .)
                0x20000e68                . = ALIGN (0x4)
                0x20000e68                PROVIDE (__init_array_start = .)
 *(SORT_BY_NAME(.init_array.*))
 *(.init_array)
 .init_array    0x20000e68        0x4 c:/rppico~1/armcc/102021~1.10/bin/../lib/gcc/arm-none-eabi/10.3.1/thumb/v6-m/nofp/crtbegin.o
 .init_array    0x20000e6c        0x4 CMakeFiles/myblinkkey.dir/C_/RPPicoSDK/sdk/pico/pico-sdk/src/rp2_common/pico_unique_id/unique_id.c.obj
                0x20000e70                PROVIDE (__init_array_end = .)
                0x20000e70                . = ALIGN (0x4)
                [!provide]                PROVIDE (__fini_array_start = .)
 *(SORT_BY_NAME(.fini_array.*))
 *(.fini_array)
                [!provide]                PROVIDE (__fini_array_end = .)
 *(.jcr)
                0x20000e70                . = ALIGN (0x4)
                0x20000e70                __data_end__ = .

.igot.plt       0x20000e70        0x0 load address 0x1000d03c
 .igot.plt      0x20000e70        0x0 c:/rppico~1/armcc/102021~1.10/bin/../lib/gcc/arm-none-eabi/10.3.1/thumb/v6-m/nofp/crtbegin.o

.uninitialized_data
                0x20000e70        0x0 load address 0x1000d03c
                0x20000e70                . = ALIGN (0x4)
 *(.uninitialized_data*)

.scratch_x      0x20040000        0x0 load address 0x1000d03c
                0x20040000                __scratch_x_start__ = .
 *(.scratch_x.*)
                0x20040000                . = ALIGN (0x4)
                0x20040000                __scratch_x_end__ = .
                0x1000d03c                __scratch_x_source__ = LOADADDR (.scratch_x)

.scratch_y      0x20041000        0x0 load address 0x1000d03c
                0x20041000                __scratch_y_start__ = .
 *(.scratch_y.*)
                0x20041000                . = ALIGN (0x4)
                0x20041000                __scratch_y_end__ = .
                0x1000d03c                __scratch_y_source__ = LOADADDR (.scratch_y)

.bss            0x20000e70      0xe5c
                0x20000e70                . = ALIGN (0x4)
                0x20000e70                __bss_start__ = .
 *(SORT_BY_ALIGNMENT(SORT_BY_NAME(.bss*)))
 .bss.default_alarm_pool_entries
                0x20000e70      0x100 CMakeFiles/myblinkkey.dir/C_/RPPicoSDK/sdk/pico/pico-sdk/src/common/pico_time/time.c.obj
 .bss.last_avail_time.1
                0x20000f70        0x8 CMakeFiles/myblinkkey.dir/C_/RPPicoSDK/sdk/pico/pico-sdk/src/rp2_common/pico_stdio_usb/stdio_usb.c.obj
 .bss.sd_table  0x20000f78      0x100 CMakeFiles/myblinkkey.dir/C_/RPPicoSDK/sdk/pico/pico-sdk/src/rp2_common/pico_double/double_init_rom.c.obj
                0x20000f78                sd_table
 .bss.sf_table  0x20001078      0x100 CMakeFiles/myblinkkey.dir/C_/RPPicoSDK/sdk/pico/pico-sdk/src/rp2_common/pico_float/float_init_rom.c.obj
                0x20001078                sf_table
 .bss.timer     0x20001178       0x18 CMakeFiles/myblinkkey.dir/src/timer.c.obj
                0x20001178                timer
 .bss           0x20001190       0x1c c:/rppico~1/armcc/102021~1.10/bin/../lib/gcc/arm-none-eabi/10.3.1/thumb/v6-m/nofp/crtbegin.o
 .bss.ArrayCnt  0x200011ac        0x3 CMakeFiles/myblinkkey.dir/src/gps.c.obj
                0x200011ac                ArrayCnt
 *fill*         0x200011af        0x1 
 .bss.BufferDate.1
                0x200011b0        0x9 CMakeFiles/myblinkkey.dir/src/gps.c.obj
 *fill*         0x200011b9        0x3 
 .bss.BufferString.0
                0x200011bc        0xf CMakeFiles/myblinkkey.dir/src/gps.c.obj
 *fill*         0x200011cb        0x1 
 .bss.Date      0x200011cc        0x6 CMakeFiles/myblinkkey.dir/src/gps.c.obj
                0x200011cc                Date
 *fill*         0x200011d2        0x2 
 .bss.Hex       0x200011d4        0x4 CMakeFiles/myblinkkey.dir/src/events.c.obj
                0x200011d4                Hex
 .bss.Lat       0x200011d8        0xf CMakeFiles/myblinkkey.dir/src/gps.c.obj
                0x200011d8                Lat
 *fill*         0x200011e7        0x1 
 .bss.LatIEEE   0x200011e8        0x4 CMakeFiles/myblinkkey.dir/src/gps.c.obj
                0x200011e8                LatIEEE
 .bss.Long      0x200011ec        0xf CMakeFiles/myblinkkey.dir/src/gps.c.obj
                0x200011ec                Long
 *fill*         0x200011fb        0x1 
 .bss.LongIEEE  0x200011fc        0x4 CMakeFiles/myblinkkey.dir/src/gps.c.obj
                0x200011fc                LongIEEE
 .bss.ReadData.0
                0x20001200        0x4 CMakeFiles/myblinkkey.dir/src/eeprom.c.obj
 .bss.__lock___malloc_recursive_mutex
                0x20001204        0x1 c:/rppico~1/armcc/102021~1.10/bin/../lib/gcc/arm-none-eabi/10.3.1/../../../../arm-none-eabi/lib/thumb/v6-m/nofp\libc.a(lib_a-lock.o)
                0x20001204                __lock___malloc_recursive_mutex
 *fill*         0x20001205        0x3 
 .bss.__malloc_current_mallinfo
                0x20001208       0x28 c:/rppico~1/armcc/102021~1.10/bin/../lib/gcc/arm-none-eabi/10.3.1/../../../../arm-none-eabi/lib/thumb/v6-m/nofp\libc.a(lib_a-mallocr.o)
                0x20001208                __malloc_current_mallinfo
 .bss.__malloc_max_sbrked_mem
                0x20001230        0x4 c:/rppico~1/armcc/102021~1.10/bin/../lib/gcc/arm-none-eabi/10.3.1/../../../../arm-none-eabi/lib/thumb/v6-m/nofp\libc.a(lib_a-mallocr.o)
                0x20001230                __malloc_max_sbrked_mem
 .bss.__malloc_max_total_mem
                0x20001234        0x4 c:/rppico~1/armcc/102021~1.10/bin/../lib/gcc/arm-none-eabi/10.3.1/../../../../arm-none-eabi/lib/thumb/v6-m/nofp\libc.a(lib_a-mallocr.o)
                0x20001234                __malloc_max_total_mem
 .bss.__malloc_top_pad
                0x20001238        0x4 c:/rppico~1/armcc/102021~1.10/bin/../lib/gcc/arm-none-eabi/10.3.1/../../../../arm-none-eabi/lib/thumb/v6-m/nofp\libc.a(lib_a-mallocr.o)
                0x20001238                __malloc_top_pad
 .bss._app_driver
                0x2000123c        0x4 CMakeFiles/myblinkkey.dir/C_/RPPicoSDK/sdk/pico/pico-sdk/lib/tinyusb/src/device/usbd.c.obj
 .bss._callbacks
                0x20001240        0x8 CMakeFiles/myblinkkey.dir/C_/RPPicoSDK/sdk/pico/pico-sdk/src/rp2_common/hardware_gpio/gpio.c.obj